I, [2015-06-10T09:09:46.669925 #5422]  INFO -- :   Rendered layouts/_navigation_links.html.erb (0.2ms)
I, [2015-06-10T09:09:46.670023 #5422]  INFO -- :   Rendered layouts/_navigation.html.erb (0.7ms)
I, [2015-06-10T09:09:46.670349 #5422]  INFO -- : Completed 200 OK in 26ms (Views: 20.2ms | ActiveRecord: 4.8ms)
I, [2015-06-10T09:09:50.942077 #5453]  INFO -- : Started DELETE "/users/sign_out" for 127.0.0.1 at 2015-06-10 09:09:50 +0000
I, [2015-06-10T09:09:50.943967 #5453]  INFO -- : Processing by Devise::SessionsController#destroy as HTML
I, [2015-06-10T09:09:50.944066 #5453]  INFO -- :   Parameters: {"authenticity_token"=>"28sUzXHXbDkHvt44U23bUxYGql4FcoUxtQjT5zJdfo82vwIL9wDaQeKGIxYhKP77o0uFGQ20gzIOy63pXNFD+w=="}
I, [2015-06-10T09:09:50.956405 #5453]  INFO -- : Redirected to http://185.17.187.60/
I, [2015-06-10T09:09:50.956706 #5453]  INFO -- : Completed 302 Found in 13ms (ActiveRecord: 1.8ms)
I, [2015-06-10T09:09:51.209771 #5448]  INFO -- : Started GET "/" for 127.0.0.1 at 2015-06-10 09:09:51 +0000
I, [2015-06-10T09:09:51.447909 #5442]  INFO -- : Started GET "/users/sign_in" for 127.0.0.1 at 2015-06-10 09:09:51 +0000
I, [2015-06-10T09:09:51.449431 #5442]  INFO -- : Processing by Devise::SessionsController#new as HTML
I, [2015-06-10T09:09:51.466585 #5442]  INFO -- :   Rendered devise/sessions/new.html.erb within layouts/application (15.3ms)
I, [2015-06-10T09:09:51.467729 #5442]  INFO -- :   Rendered layouts/_messages.html.erb (0.2ms)
I, [2015-06-10T09:09:51.468448 #5442]  INFO -- :   Rendered layouts/_navigation_links.html.erb (0.1ms)
I, [2015-06-10T09:09:51.468562 #5442]  INFO -- :   Rendered layouts/_navigation.html.erb (0.7ms)
I, [2015-06-10T09:09:51.468856 #5442]  INFO -- : Completed 200 OK in 19ms (Views: 18.0ms | ActiveRecord: 0.0ms)
I, [2015-06-10T09:09:56.826997 #10034]  INFO -- : Started DELETE "/users/sign_out" for 127.0.0.1 at 2015-06-10 09:09:56 +0000
I, [2015-06-10T09:09:56.829232 #10034]  INFO -- : Processing by Devise::SessionsController#destroy as HTML
I, [2015-06-10T09:09:56.829344 #10034]  INFO -- :   Parameters: {"authenticity_token"=>"uZLzNPFJ7wm/+ayVxnB5XeXpGyZqhVG+HEkMrXPD7KFU5uXyd55ZcVrBUbu0NVz1UKQ0YWJDV72ninKjHU/R1Q=="}
I, [2015-06-10T09:09:56.831263 #10034]  INFO -- : Redirected to http://185.17.187.60/
I, [2015-06-10T09:09:56.831439 #10034]  INFO -- : Filter chain halted as :verify_signed_out_user rendered or redirected
I, [2015-06-10T09:09:56.831600 #10034]  INFO -- : Completed 302 Found in 2ms (ActiveRecord: 0.0ms)
I, [2015-06-10T09:09:56.958439 #5453]  INFO -- : Started GET "/" for 127.0.0.1 at 2015-06-10 09:09:56 +0000
I, [2015-06-10T09:09:57.081728 #5448]  INFO -- : Started GET "/users/sign_in" for 127.0.0.1 at 2015-06-10 09:09:57 +0000
I, [2015-06-10T09:09:57.083790 #5448]  INFO -- : Processing by Devise::SessionsController#new as HTML
I, [2015-06-10T09:09:57.103783 #5448]  INFO -- :   Rendered devise/sessions/new.html.erb within layouts/application (17.8ms)
I, [2015-06-10T09:09:57.104585 #5448]  INFO -- :   Rendered layouts/_messages.html.erb (0.1ms)
I, [2015-06-10T09:09:57.105243 #5448]  INFO -- :   Rendered layouts/_navigation_links.html.erb (0.1ms)
I, [2015-06-10T09:09:57.105329 #5448]  INFO -- :   Rendered layouts/_navigation.html.erb (0.6ms)
I, [2015-06-10T09:09:57.105587 #5448]  INFO -- : Completed 200 OK in 22ms (Views: 20.1ms | ActiveRecord: 0.0ms)
I, [2015-06-10T09:10:00.272416 #5422]  INFO -- : Started POST "/users/sign_in" for 127.0.0.1 at 2015-06-10 09:10:00 +0000
I, [2015-06-10T09:10:00.274493 #5422]  INFO -- : Processing by Devise::SessionsController#create as HTML
I, [2015-06-10T09:10:00.274597 #5422]  INFO -- :   Parameters: {"utf8"=>"✓", "authenticity_token"=>"tRzqzHbPleR3KG4x+qaOZzh6hWhso2M35x4tiAh5BJbz3kQL/kb20eKp+RTToaZA6H5bHXhHH5225s2JRriWYA==", "user"=>{"email"=>"rubenscetbon@demo.com", "password"=>"[FILTERED]", "remember_me"=>"0"}, "commit"=>"Sign in"}
I, [2015-06-10T09:10:00.384996 #5422]  INFO -- : Redirected to http://185.17.187.60/
I, [2015-06-10T09:10:00.385163 #5422]  INFO -- : Completed 302 Found in 110ms (ActiveRecord: 5.7ms)
I, [2015-06-10T09:10:00.751416 #5422]  INFO -- : Started GET "/" for 127.0.0.1 at 2015-06-10 09:10:00 +0000
I, [2015-06-10T09:10:00.755393 #5422]  INFO -- : Processing by TreeController#index as HTML
I, [2015-06-10T09:10:00.759583 #5422]  INFO -- :   Rendered tree/index.html.erb within layouts/pixeladmin (1.7ms)
I, [2015-06-10T09:10:00.761104 #5422]  INFO -- :   Rendered layouts/_main_navbar.html.erb (0.7ms)
I, [2015-06-10T09:10:00.761344 #5422]  INFO -- :   Rendered layouts/_main_menu.html.erb (0.1ms)
I, [2015-06-10T09:10:00.761567 #5422]  INFO -- : Completed 200 OK in 6ms (Views: 3.5ms | ActiveRecord: 1.0ms)
I, [2015-06-10T09:10:01.378089 #5458]  INFO -- : Started GET "/items/tags" for 127.0.0.1 at 2015-06-10 09:10:01 +0000
I, [2015-06-10T09:10:01.383153 #5458]  INFO -- : Processing by ItemsController#tags as JSON
I, [2015-06-10T09:10:01.389155 #5458]  INFO -- : Completed 200 OK in 6ms (Views: 0.3ms | ActiveRecord: 2.6ms)
I, [2015-06-10T09:10:02.539279 #5445]  INFO -- : Started GET "/containers/83" for 127.0.0.1 at 2015-06-10 09:10:02 +0000
I, [2015-06-10T09:10:02.544121 #5445]  INFO -- : Processing by ContainersController#show as */*
I, [2015-06-10T09:10:02.544231 #5445]  INFO -- :   Parameters: {"id"=>"83"}
I, [2015-06-10T09:10:02.554236 #5445]  INFO -- : Completed 200 OK in 10ms (Views: 0.3ms | ActiveRecord: 5.3ms)
I, [2015-06-10T09:10:02.586185 #5448]  INFO -- : Started GET "/items/tags" for 127.0.0.1 at 2015-06-10 09:10:02 +0000
I, [2015-06-10T09:10:02.590296 #5448]  INFO -- : Processing by ItemsController#tags as JSON
I, [2015-06-10T09:10:02.594408 #5448]  INFO -- : Completed 200 OK in 4ms (Views: 0.2ms | ActiveRecord: 1.2ms)
I, [2015-06-10T09:10:02.597735 #10034]  INFO -- : Started GET "/containers/83/items" for 127.0.0.1 at 2015-06-10 09:10:02 +0000
I, [2015-06-10T09:10:02.602471 #10034]  INFO -- : Processing by ItemsController#root as JSON
I, [2015-06-10T09:10:02.602535 #10034]  INFO -- :   Parameters: {"id"=>"83"}
I, [2015-06-10T09:10:02.676836 #10034]  INFO -- :   Rendered items/index.rabl (32.2ms)
I, [2015-06-10T09:10:02.677318 #10034]  INFO -- : Completed 200 OK in 75ms (Views: 40.0ms | ActiveRecord: 7.7ms)
I, [2015-06-10T09:10:05.731274 #5448]  INFO -- : Started GET "/" for 127.0.0.1 at 2015-06-10 09:10:05 +0000
I, [2015-06-10T09:10:05.736049 #5448]  INFO -- : Processing by TreeController#index as HTML
I, [2015-06-10T09:10:05.740373 #5448]  INFO -- :   Rendered tree/index.html.erb within layouts/pixeladmin (1.7ms)
I, [2015-06-10T09:10:05.741748 #5448]  INFO -- :   Rendered layouts/_main_navbar.html.erb (0.6ms)
I, [2015-06-10T09:10:05.741992 #5448]  INFO -- :   Rendered layouts/_main_menu.html.erb (0.1ms)
I, [2015-06-10T09:10:05.742209 #5448]  INFO -- : Completed 200 OK in 6ms (Views: 3.4ms | ActiveRecord: 1.1ms)
I, [2015-06-10T09:10:06.840955 #5422]  INFO -- : Started GET "/items/tags" for 127.0.0.1 at 2015-06-10 09:10:06 +0000
I, [2015-06-10T09:10:06.845860 #5422]  INFO -- : Processing by ItemsController#tags as JSON
I, [2015-06-10T09:10:06.849723 #5422]  INFO -- : Completed 200 OK in 4ms (Views: 0.2ms | ActiveRecord: 1.2ms)
I, [2015-06-10T09:10:06.851825 #5458]  INFO -- : Started GET "/containers/83/items" for 127.0.0.1 at 2015-06-10 09:10:06 +0000
I, [2015-06-10T09:10:06.855988 #5458]  INFO -- : Processing by ItemsController#root as JSON
I, [2015-06-10T09:10:06.856101 #5458]  INFO -- :   Parameters: {"id"=>"83"}
I, [2015-06-10T09:10:06.865442 #5458]  INFO -- :   Rendered items/index.rabl (4.9ms)
I, [2015-06-10T09:10:06.865676 #5458]  INFO -- : Completed 200 OK in 9ms (Views: 4.3ms | ActiveRecord: 2.3ms)
I, [2015-06-10T09:10:08.670132 #5445]  INFO -- : Started GET "/containers/83" for 127.0.0.1 at 2015-06-10 09:10:08 +0000
I, [2015-06-10T09:10:08.673972 #5445]  INFO -- : Processing by ContainersController#show as */*
I, [2015-06-10T09:10:08.674036 #5445]  INFO -- :   Parameters: {"id"=>"83"}
I, [2015-06-10T09:10:08.677988 #5445]  INFO -- : Completed 200 OK in 4ms (Views: 0.2ms | ActiveRecord: 1.5ms)
I, [2015-06-10T09:10:11.619256 #5453]  INFO -- : Started GET "/items/72954" for 127.0.0.1 at 2015-06-10 09:10:11 +0000
I, [2015-06-10T09:10:11.624999 #5453]  INFO -- : Processing by ItemsController#show as JSON
I, [2015-06-10T09:10:11.625160 #5453]  INFO -- :   Parameters: {"id"=>"72954"}
I, [2015-06-10T09:10:11.649406 #5453]  INFO -- :   Rendered items/show.rabl (19.1ms)
I, [2015-06-10T09:10:11.649805 #5453]  INFO -- : Completed 200 OK in 24ms (Views: 18.9ms | ActiveRecord: 2.9ms)
I, [2015-06-10T09:10:17.199896 #10040]  INFO -- : Started GET "/items/tags" for 127.0.0.1 at 2015-06-10 09:10:17 +0000
I, [2015-06-10T09:10:17.204781 #10040]  INFO -- : Processing by ItemsController#tags as JSON
I, [2015-06-10T09:10:17.209820 #10040]  INFO -- : Completed 200 OK in 5ms (Views: 0.3ms | ActiveRecord: 1.6ms)
I, [2015-06-10T09:10:17.211024 #5442]  INFO -- : Started GET "/items/search?query=&rating=&tags=book" for 127.0.0.1 at 2015-06-10 09:10:17 +0000
I, [2015-06-10T09:10:17.216056 #5442]  INFO -- : Processing by ItemsController#search as JSON
I, [2015-06-10T09:10:17.216160 #5442]  INFO -- :   Parameters: {"query"=>"", "rating"=>"", "tags"=>"book"}
I, [2015-06-10T09:10:17.245960 #5442]  INFO -- :   Rendered items/index.rabl (2.7ms)
I, [2015-06-10T09:10:17.246261 #5442]  INFO -- : Completed 200 OK in 30ms (Views: 2.7ms | ActiveRecord: 1.5ms)
I, [2015-06-10T09:20:14.447778 #5458]  INFO -- : Started GET "/items/tags" for 127.0.0.1 at 2015-06-10 09:20:14 +0000
I, [2015-06-10T09:20:14.453570 #5458]  INFO -- : Processing by ItemsController#tags as JSON
I, [2015-06-10T09:20:14.461446 #5453]  INFO -- : Started GET "/containers/83/items" for 127.0.0.1 at 2015-06-10 09:20:14 +0000
I, [2015-06-10T09:20:14.464695 #5458]  INFO -- : Completed 200 OK in 11ms (Views: 0.5ms | ActiveRecord: 6.1ms)
I, [2015-06-10T09:20:14.467750 #5453]  INFO -- : Processing by ItemsController#root as JSON
I, [2015-06-10T09:20:14.467827 #5453]  INFO -- :   Parameters: {"id"=>"83"}
I, [2015-06-10T09:20:14.479076 #5453]  INFO -- :   Rendered items/index.rabl (6.3ms)
I, [2015-06-10T09:20:14.479330 #5453]  INFO -- : Completed 200 OK in 11ms (Views: 5.1ms | ActiveRecord: 3.3ms)
I, [2015-06-10T09:20:16.306926 #5445]  INFO -- : Started GET "/" for 127.0.0.1 at 2015-06-10 09:20:16 +0000
I, [2015-06-10T09:20:16.313936 #5445]  INFO -- : Processing by TreeController#index as HTML
I, [2015-06-10T09:20:16.319733 #5445]  INFO -- :   Rendered tree/index.html.erb within layouts/pixeladmin (2.4ms)
I, [2015-06-10T09:20:16.321900 #5445]  INFO -- :   Rendered layouts/_main_navbar.html.erb (1.0ms)
I, [2015-06-10T09:20:16.322232 #5445]  INFO -- :   Rendered layouts/_main_menu.html.erb (0.1ms)
I, [2015-06-10T09:20:16.322603 #5445]  INFO -- : Completed 200 OK in 8ms (Views: 5.1ms | ActiveRecord: 1.4ms)
I, [2015-06-10T09:20:16.902764 #5422]  INFO -- : Started GET "/items/tags" for 127.0.0.1 at 2015-06-10 09:20:16 +0000
I, [2015-06-10T09:20:16.907942 #5422]  INFO -- : Processing by ItemsController#tags as JSON
I, [2015-06-10T09:20:16.912051 #5422]  INFO -- : Completed 200 OK in 4ms (Views: 0.2ms | ActiveRecord: 1.3ms)
I, [2015-06-10T09:20:16.914227 #10040]  INFO -- : Started GET "/containers/83/items" for 127.0.0.1 at 2015-06-10 09:20:16 +0000
I, [2015-06-10T09:20:16.926649 #10040]  INFO -- : Processing by ItemsController#root as JSON
I, [2015-06-10T09:20:16.926765 #10040]  INFO -- :   Parameters: {"id"=>"83"}
I, [2015-06-10T09:20:16.943600 #10040]  INFO -- :   Rendered items/index.rabl (7.0ms)
I, [2015-06-10T09:20:16.943899 #10040]  INFO -- : Completed 200 OK in 17ms (Views: 7.2ms | ActiveRecord: 2.8ms)
I, [2015-06-10T09:20:19.670420 #5453]  INFO -- : Started GET "/" for 127.0.0.1 at 2015-06-10 09:20:19 +0000
I, [2015-06-10T09:20:19.677030 #5453]  INFO -- : Processing by TreeController#index as HTML
I, [2015-06-10T09:20:19.683155 #5453]  INFO -- :   Rendered tree/index.html.erb within layouts/pixeladmin (2.7ms)
I, [2015-06-10T09:20:19.685478 #5453]  INFO -- :   Rendered layouts/_main_navbar.html.erb (1.0ms)
I, [2015-06-10T09:20:19.685954 #5453]  INFO -- :   Rendered layouts/_main_menu.html.erb (0.1ms)
I, [2015-06-10T09:20:19.686245 #5453]  INFO -- : Completed 200 OK in 9ms (Views: 5.6ms | ActiveRecord: 1.1ms)
I, [2015-06-10T09:20:20.265167 #10034]  INFO -- : Started GET "/items/tags" for 127.0.0.1 at 2015-06-10 09:20:20 +0000
I, [2015-06-10T09:20:20.274936 #5442]  INFO -- : Started GET "/containers/83/items" for 127.0.0.1 at 2015-06-10 09:20:20 +0000
I, [2015-06-10T09:20:20.280590 #5442]  INFO -- : Processing by ItemsController#root as JSON
I, [2015-06-10T09:20:20.280665 #5442]  INFO -- :   Parameters: {"id"=>"83"}
I, [2015-06-10T09:20:20.286943 #10034]  INFO -- : Processing by ItemsController#tags as JSON
I, [2015-06-10T09:20:20.290765 #5442]  INFO -- :   Rendered items/index.rabl (5.4ms)
I, [2015-06-10T09:20:20.291070 #5442]  INFO -- : Completed 200 OK in 10ms (Views: 5.2ms | ActiveRecord: 1.9ms)
I, [2015-06-10T09:20:20.296514 #10034]  INFO -- : Completed 200 OK in 9ms (Views: 0.4ms | ActiveRecord: 3.3ms)
I, [2015-06-10T09:20:24.152669 #5445]  INFO -- : Started DELETE "/users/sign_out" for 127.0.0.1 at 2015-06-10 09:20:24 +0000
I, [2015-06-10T09:20:24.155276 #5445]  INFO -- : Processing by Devise::SessionsController#destroy as HTML
I, [2015-06-10T09:20:24.155419 #5445]  INFO -- :   Parameters: {"authenticity_token"=>"aQ+ly6dSIAmFNa/lFQHmSIAwoTFQfvJsv/XK4M2MG4F0mHoRHrA9vxux3CzzlawImA7JKjQG4qMUSOewM2ei7Q=="}
I, [2015-06-10T09:20:24.167168 #5445]  INFO -- : Redirected to http://185.17.187.60/
I, [2015-06-10T09:20:24.167516 #5445]  INFO -- : Completed 302 Found in 12ms (ActiveRecord: 1.7ms)
I, [2015-06-10T09:20:24.225746 #5448]  INFO -- : Started GET "/" for 127.0.0.1 at 2015-06-10 09:20:24 +0000
I, [2015-06-10T09:20:24.289979 #5453]  INFO -- : Started GET "/users/sign_in" for 127.0.0.1 at 2015-06-10 09:20:24 +0000
I, [2015-06-10T09:20:24.292302 #5453]  INFO -- : Processing by Devise::SessionsController#new as HTML
I, [2015-06-10T09:20:24.324401 #5453]  INFO -- :   Rendered devise/sessions/new.html.erb within layouts/application (21.7ms)
I, [2015-06-10T09:20:24.325659 #5453]  INFO -- :   Rendered layouts/_messages.html.erb (0.2ms)
I, [2015-06-10T09:20:24.326614 #5453]  INFO -- :   Rendered layouts/_navigation_links.html.erb (0.1ms)
I, [2015-06-10T09:20:24.326700 #5453]  INFO -- :   Rendered layouts/_navigation.html.erb (0.9ms)
I, [2015-06-10T09:20:24.327054 #5453]  INFO -- : Completed 200 OK in 35ms (Views: 25.3ms | ActiveRecord: 0.0ms)
I, [2015-06-10T09:20:28.107190 #5448]  INFO -- : Started POST "/users/sign_in" for 127.0.0.1 at 2015-06-10 09:20:28 +0000
I, [2015-06-10T09:20:28.109694 #5448]  INFO -- : Processing by Devise::SessionsController#create as HTML
I, [2015-06-10T09:20:28.109811 #5448]  INFO -- :   Parameters: {"utf8"=>"✓", "authenticity_token"=>"kCkGCXokbACHFu6/yOP5X8836O+jQjMEk5F6TPpnZNHd/SFGGivcTrUQ9CBeCWquA7jnKLhSryaq5U1G9OY4YA==", "user"=>{"email"=>"admin@cloudmyart.com", "password"=>"[FILTERED]", "remember_me"=>"0"}, "commit"=>"Sign in"}
I, [2015-06-10T09:20:28.225415 #5448]  INFO -- : Redirected to http://185.17.187.60/
I, [2015-06-10T09:20:28.225696 #5448]  INFO -- : Completed 302 Found in 116ms (ActiveRecord: 6.4ms)
I, [2015-06-10T09:20:28.289642 #5445]  INFO -- : Started GET "/" for 127.0.0.1 at 2015-06-10 09:20:28 +0000
I, [2015-06-10T09:20:28.295111 #5445]  INFO -- : Processing by Admin::UsersController#index as HTML
I, [2015-06-10T09:20:28.297407 #5445]  INFO -- :   Rendered admin/users/_sub_nav.html.erb (0.6ms)
I, [2015-06-10T09:20:28.316523 #5445]  INFO -- :   Rendered admin/users/index.html.erb within layouts/application (19.8ms)
I, [2015-06-10T09:20:28.317702 #5445]  INFO -- :   Rendered layouts/_messages.html.erb (0.1ms)
I, [2015-06-10T09:20:28.318603 #5445]  INFO -- :   Rendered layouts/_navigation_links.html.erb (0.3ms)
I, [2015-06-10T09:20:28.318712 #5445]  INFO -- :   Rendered layouts/_navigation.html.erb (0.8ms)
I, [2015-06-10T09:20:28.319116 #5445]  INFO -- : Completed 200 OK in 24ms (Views: 20.1ms | ActiveRecord: 2.9ms)
I, [2015-06-10T09:20:34.048420 #5448]  INFO -- : Started GET "/admin/clients" for 127.0.0.1 at 2015-06-10 09:20:34 +0000
I, [2015-06-10T09:20:34.054855 #5448]  INFO -- : Processing by Admin::ClientsController#index as HTML
I, [2015-06-10T09:20:34.067694 #5448]  INFO -- :   Rendered admin/clients/_sub_nav.html.erb (1.8ms)
I, [2015-06-10T09:20:34.076280 #5448]  INFO -- :   Rendered admin/clients/index.html.erb within layouts/application (13.0ms)
I, [2015-06-10T09:20:34.077676 #5448]  INFO -- :   Rendered layouts/_messages.html.erb (0.2ms)
I, [2015-06-10T09:20:34.078752 #5448]  INFO -- :   Rendered layouts/_navigation_links.html.erb (0.4ms)
I, [2015-06-10T09:20:34.078869 #5448]  INFO -- :   Rendered layouts/_navigation.html.erb (1.0ms)
I, [2015-06-10T09:20:34.079371 #5448]  INFO -- : Completed 200 OK in 24ms (Views: 21.6ms | ActiveRecord: 1.3ms)
I, [2015-06-10T09:20:35.869569 #10040]  INFO -- : Started GET "/admin/clients/4/edit" for 127.0.0.1 at 2015-06-10 09:20:35 +0000
I, [2015-06-10T09:20:35.877987 #10040]  INFO -- : Processing by Admin::ClientsController#edit as HTML
I, [2015-06-10T09:20:35.878141 #10040]  INFO -- :   Parameters: {"id"=>"4"}
I, [2015-06-10T09:20:35.882355 #10040]  INFO -- :   Rendered admin/clients/_sub_nav.html.erb (0.8ms)
I, [2015-06-10T09:20:35.899041 #10040]  INFO -- :   Rendered admin/clients/_form.html.erb (16.3ms)
I, [2015-06-10T09:20:35.899261 #10040]  INFO -- :   Rendered admin/clients/edit.html.erb within layouts/application (18.2ms)
I, [2015-06-10T09:20:35.900288 #10040]  INFO -- :   Rendered layouts/_messages.html.erb (0.1ms)
I, [2015-06-10T09:20:35.901121 #10040]  INFO -- :   Rendered layouts/_navigation_links.html.erb (0.2ms)
I, [2015-06-10T09:20:35.901206 #10040]  INFO -- :   Rendered layouts/_navigation.html.erb (0.8ms)
I, [2015-06-10T09:20:35.901508 #10040]  INFO -- : Completed 200 OK in 23ms (Views: 21.3ms | ActiveRecord: 0.6ms)
I, [2015-06-10T09:20:43.309355 #5442]  INFO -- : Started POST "/admin/clients/4/import" for 127.0.0.1 at 2015-06-10 09:20:43 +0000
I, [2015-06-10T09:20:43.315035 #5442]  INFO -- : Processing by Admin::ClientsController#import as HTML
I, [2015-06-10T09:20:43.315146 #5442]  INFO -- :   Parameters: {"utf8"=>"✓", "authenticity_token"=>"sLwvLkBw5mK6zjjsvk5r48u5AYJuusXDLz44UX650FnyAC6ggIVAkDLDGXZ7Djpgva8Q2IZG2uMksWCTPvvidw==", "container_name"=>"TEST4", "commit"=>"Import images", "client_id"=>"4"}
I, [2015-06-10T09:20:43.330617 #5442]  INFO -- : Redirected to http://185.17.187.60/admin/clients
I, [2015-06-10T09:20:43.331217 #5442]  INFO -- : Completed 302 Found in 16ms (ActiveRecord: 0.6ms)
I, [2015-06-10T09:20:43.397161 #5445]  INFO -- : Started GET "/admin/clients" for 127.0.0.1 at 2015-06-10 09:20:43 +0000
I, [2015-06-10T09:20:43.401413 #5445]  INFO -- : Processing by Admin::ClientsController#index as HTML
I, [2015-06-10T09:20:43.403254 #5445]  INFO -- :   Rendered admin/clients/_sub_nav.html.erb (0.4ms)
I, [2015-06-10T09:20:43.408493 #5445]  INFO -- :   Rendered admin/clients/index.html.erb within layouts/application (6.0ms)
I, [2015-06-10T09:20:43.409457 #5445]  INFO -- :   Rendered layouts/_messages.html.erb (0.1ms)
I, [2015-06-10T09:20:43.410196 #5445]  INFO -- :   Rendered layouts/_navigation_links.html.erb (0.2ms)
I, [2015-06-10T09:20:43.410283 #5445]  INFO -- :   Rendered layouts/_navigation.html.erb (0.7ms)
I, [2015-06-10T09:20:43.410558 #5445]  INFO -- : Completed 200 OK in 9ms (Views: 7.2ms | ActiveRecord: 1.2ms)
I, [2015-06-10T09:20:52.398781 #5453]  INFO -- : Started DELETE "/users/sign_out" for 127.0.0.1 at 2015-06-10 09:20:52 +0000
I, [2015-06-10T09:20:52.400333 #5453]  INFO -- : Processing by Devise::SessionsController#destroy as HTML
I, [2015-06-10T09:20:52.400393 #5453]  INFO -- :   Parameters: {"authenticity_token"=>"PyRDhrd/XX8P0VSv/uTPlCFw1OD92DQQ/sjU5HsDr119mEIId4r7jYfcdTU7pJ4XV2bFuhUkKzD1R4wmO0Gdcw=="}
I, [2015-06-10T09:20:52.407201 #5453]  INFO -- : Redirected to http://185.17.187.60/
I, [2015-06-10T09:20:52.407444 #5453]  INFO -- : Completed 302 Found in 7ms (ActiveRecord: 1.8ms)
I, [2015-06-10T09:20:52.470743 #10040]  INFO -- : Started GET "/" for 127.0.0.1 at 2015-06-10 09:20:52 +0000
I, [2015-06-10T09:20:52.539879 #5422]  INFO -- : Started GET "/users/sign_in" for 127.0.0.1 at 2015-06-10 09:20:52 +0000
I, [2015-06-10T09:20:52.541808 #5422]  INFO -- : Processing by Devise::SessionsController#new as HTML
I, [2015-06-10T09:20:52.586191 #5422]  INFO -- :   Rendered devise/sessions/new.html.erb within layouts/application (41.9ms)
I, [2015-06-10T09:20:52.588210 #5422]  INFO -- :   Rendered layouts/_messages.html.erb (0.2ms)
I, [2015-06-10T09:20:52.590598 #5422]  INFO -- :   Rendered layouts/_navigation_links.html.erb (0.1ms)
I, [2015-06-10T09:20:52.590692 #5422]  INFO -- :   Rendered layouts/_navigation.html.erb (0.8ms)
I, [2015-06-10T09:20:52.591237 #5422]  INFO -- : Completed 200 OK in 49ms (Views: 47.6ms | ActiveRecord: 0.0ms)
I, [2015-06-10T09:20:55.409246 #5448]  INFO -- : Started POST "/users/sign_in" for 127.0.0.1 at 2015-06-10 09:20:55 +0000
I, [2015-06-10T09:20:55.411583 #5448]  INFO -- : Processing by Devise::SessionsController#create as HTML
I, [2015-06-10T09:20:55.411671 #5448]  INFO -- :   Parameters: {"utf8"=>"✓", "authenticity_token"=>"VDXupcMZ3eva4IQcaE1Mbo+qNR05nL1jwSYu792A95KoJkafQhAc6YlJXAj9SRldJ3HxGXMA9Mycv9PhHGcTNw==", "user"=>{"email"=>"rubenscetbon@demo.com", "password"=>"[FILTERED]", "remember_me"=>"0"}, "commit"=>"Sign in"}
I, [2015-06-10T09:20:55.529586 #5448]  INFO -- : Redirected to http://185.17.187.60/
I, [2015-06-10T09:20:55.529846 #5448]  INFO -- : Completed 302 Found in 118ms (ActiveRecord: 13.3ms)
I, [2015-06-10T09:20:55.593630 #5422]  INFO -- : Started GET "/" for 127.0.0.1 at 2015-06-10 09:20:55 +0000
I, [2015-06-10T09:20:55.601235 #5422]  INFO -- : Processing by TreeController#index as HTML
I, [2015-06-10T09:20:55.607251 #5422]  INFO -- :   Rendered tree/index.html.erb within layouts/pixeladmin (2.8ms)
I, [2015-06-10T09:20:55.609083 #5422]  INFO -- :   Rendered layouts/_main_navbar.html.erb (0.8ms)
I, [2015-06-10T09:20:55.609531 #5422]  INFO -- :   Rendered layouts/_main_menu.html.erb (0.1ms)
I, [2015-06-10T09:20:55.609785 #5422]  INFO -- : Completed 200 OK in 8ms (Views: 4.8ms | ActiveRecord: 1.7ms)
I, [2015-06-10T09:20:55.935768 #5442]  INFO -- : Started GET "/items/tags" for 127.0.0.1 at 2015-06-10 09:20:55 +0000
I, [2015-06-10T09:20:55.940673 #5442]  INFO -- : Processing by ItemsController#tags as JSON
I, [2015-06-10T09:20:55.944867 #5442]  INFO -- : Completed 200 OK in 4ms (Views: 0.2ms | ActiveRecord: 1.1ms)
I, [2015-06-10T09:20:58.483991 #10040]  INFO -- : Started GET "/containers/84" for 127.0.0.1 at 2015-06-10 09:20:58 +0000
I, [2015-06-10T09:20:58.490871 #10040]  INFO -- : Processing by ContainersController#show as */*
I, [2015-06-10T09:20:58.490963 #10040]  INFO -- :   Parameters: {"id"=>"84"}
I, [2015-06-10T09:20:58.499074 #10040]  INFO -- : Completed 200 OK in 8ms (Views: 0.3ms | ActiveRecord: 2.6ms)
I, [2015-06-10T09:20:58.524768 #5448]  INFO -- : Started GET "/items/tags" for 127.0.0.1 at 2015-06-10 09:20:58 +0000
I, [2015-06-10T09:20:58.529723 #5448]  INFO -- : Processing by ItemsController#tags as JSON
I, [2015-06-10T09:20:58.534247 #5448]  INFO -- : Completed 200 OK in 4ms (Views: 0.2ms | ActiveRecord: 1.2ms)
I, [2015-06-10T09:20:58.535278 #10034]  INFO -- : Started GET "/containers/84/items" for 127.0.0.1 at 2015-06-10 09:20:58 +0000
I, [2015-06-10T09:20:58.539909 #10034]  INFO -- : Processing by ItemsController#root as JSON
I, [2015-06-10T09:20:58.539973 #10034]  INFO -- :   Parameters: {"id"=>"84"}
I, [2015-06-10T09:20:58.550507 #10034]  INFO -- :   Rendered items/index.rabl (4.0ms)
I, [2015-06-10T09:20:58.550739 #10034]  INFO -- : Completed 200 OK in 11ms (Views: 3.7ms | ActiveRecord: 2.6ms)
I, [2015-06-10T09:21:00.752122 #5445]  INFO -- : Started GET "/" for 127.0.0.1 at 2015-06-10 09:21:00 +0000
I, [2015-06-10T09:21:00.756605 #5445]  INFO -- : Processing by TreeController#index as HTML
I, [2015-06-10T09:21:00.762011 #5445]  INFO -- :   Rendered tree/index.html.erb within layouts/pixeladmin (2.2ms)
I, [2015-06-10T09:21:00.763608 #5445]  INFO -- :   Rendered layouts/_main_navbar.html.erb (0.7ms)
I, [2015-06-10T09:21:00.763857 #5445]  INFO -- :   Rendered layouts/_main_menu.html.erb (0.1ms)
I, [2015-06-10T09:21:00.764108 #5445]  INFO -- : Completed 200 OK in 7ms (Views: 4.3ms | ActiveRecord: 1.2ms)
I, [2015-06-10T09:21:01.167662 #5458]  INFO -- : Started GET "/items/tags" for 127.0.0.1 at 2015-06-10 09:21:01 +0000
I, [2015-06-10T09:21:01.172220 #5458]  INFO -- : Processing by ItemsController#tags as JSON
I, [2015-06-10T09:21:01.176519 #5458]  INFO -- : Completed 200 OK in 4ms (Views: 0.3ms | ActiveRecord: 1.4ms)
I, [2015-06-10T09:21:01.178626 #5453]  INFO -- : Started GET "/containers/84/items" for 127.0.0.1 at 2015-06-10 09:21:01 +0000
I, [2015-06-10T09:21:01.190074 #5453]  INFO -- : Processing by ItemsController#root as JSON
I, [2015-06-10T09:21:01.190172 #5453]  INFO -- :   Parameters: {"id"=>"84"}
I, [2015-06-10T09:21:01.201632 #5453]  INFO -- :   Rendered items/index.rabl (3.2ms)
I, [2015-06-10T09:21:01.201957 #5453]  INFO -- : Completed 200 OK in 12ms (Views: 3.6ms | ActiveRecord: 2.7ms)
I, [2015-06-10T09:21:03.264916 #5458]  INFO -- : Started GET "/containers/84" for 127.0.0.1 at 2015-06-10 09:21:03 +0000
I, [2015-06-10T09:21:03.272621 #5458]  INFO -- : Processing by ContainersController#show as */*
I, [2015-06-10T09:21:03.272719 #5458]  INFO -- :   Parameters: {"id"=>"84"}
I, [2015-06-10T09:21:03.279300 #5458]  INFO -- : Completed 200 OK in 6ms (Views: 0.5ms | ActiveRecord: 1.6ms)
I, [2015-06-10T09:21:04.990126 #5448]  INFO -- : Started GET "/containers/42" for 127.0.0.1 at 2015-06-10 09:21:04 +0000
I, [2015-06-10T09:21:04.996355 #5448]  INFO -- : Processing by ContainersController#show as */*
I, [2015-06-10T09:21:04.996459 #5448]  INFO -- :   Parameters: {"id"=>"42"}
I, [2015-06-10T09:21:05.002998 #5448]  INFO -- : Completed 200 OK in 6ms (Views: 0.2ms | ActiveRecord: 3.1ms)
I, [2015-06-10T09:21:05.007829 #5445]  INFO -- : Started GET "/items/tags" for 127.0.0.1 at 2015-06-10 09:21:05 +0000
I, [2015-06-10T09:21:05.012620 #5445]  INFO -- : Processing by ItemsController#tags as JSON
I, [2015-06-10T09:21:05.017033 #5445]  INFO -- : Completed 200 OK in 4ms (Views: 0.4ms | ActiveRecord: 1.6ms)
I, [2015-06-10T09:21:05.018344 #10040]  INFO -- : Started GET "/containers/42/items" for 127.0.0.1 at 2015-06-10 09:21:05 +0000
I, [2015-06-10T09:21:05.022286 #10040]  INFO -- : Processing by ItemsController#root as JSON
I, [2015-06-10T09:21:05.022345 #10040]  INFO -- :   Parameters: {"id"=>"42"}
I, [2015-06-10T09:21:05.036004 #10040]  INFO -- :   Rendered items/index.rabl (7.3ms)
I, [2015-06-10T09:21:05.036321 #10040]  INFO -- : Completed 200 OK in 14ms (Views: 6.6ms | ActiveRecord: 3.4ms)
I, [2015-06-10T09:21:06.808097 #5422]  INFO -- : Started GET "/items/tags" for 127.0.0.1 at 2015-06-10 09:21:06 +0000
I, [2015-06-10T09:21:06.812767 #5422]  INFO -- : Processing by ItemsController#tags as JSON
I, [2015-06-10T09:21:06.817493 #5422]  INFO -- : Completed 200 OK in 5ms (Views: 0.2ms | ActiveRecord: 1.3ms)
I, [2015-06-10T09:21:06.818506 #5442]  INFO -- : Started GET "/containers/84/items" for 127.0.0.1 at 2015-06-10 09:21:06 +0000
I, [2015-06-10T09:21:06.822777 #5442]  INFO -- : Processing by ItemsController#root as JSON
I, [2015-06-10T09:21:06.822854 #5442]  INFO -- :   Parameters: {"id"=>"84"}
I, [2015-06-10T09:21:06.830188 #5442]  INFO -- :   Rendered items/index.rabl (2.5ms)
I, [2015-06-10T09:21:06.830418 #5442]  INFO -- : Completed 200 OK in 7ms (Views: 2.6ms | ActiveRecord: 1.8ms)
I, [2015-06-10T09:21:08.969572 #10034]  INFO -- : Started GET "/containers/83" for 127.0.0.1 at 2015-06-10 09:21:08 +0000
I, [2015-06-10T09:21:08.976373 #10034]  INFO -- : Processing by ContainersController#show as */*
I, [2015-06-10T09:21:08.976460 #10034]  INFO -- :   Parameters: {"id"=>"83"}
I, [2015-06-10T09:21:08.984917 #10034]  INFO -- : Completed 200 OK in 8ms (Views: 0.2ms | ActiveRecord: 2.0ms)
I, [2015-06-10T09:21:08.993851 #10040]  INFO -- : Started GET "/items/tags" for 127.0.0.1 at 2015-06-10 09:21:08 +0000
I, [2015-06-10T09:21:08.997892 #10040]  INFO -- : Processing by ItemsController#tags as JSON
I, [2015-06-10T09:21:09.002144 #10040]  INFO -- : Completed 200 OK in 4ms (Views: 0.4ms | ActiveRecord: 1.2ms)
I, [2015-06-10T09:21:09.004680 #5445]  INFO -- : Started GET "/containers/83/items" for 127.0.0.1 at 2015-06-10 09:21:09 +0000
I, [2015-06-10T09:21:09.008756 #5445]  INFO -- : Processing by ItemsController#root as JSON
I, [2015-06-10T09:21:09.008820 #5445]  INFO -- :   Parameters: {"id"=>"83"}
I, [2015-06-10T09:21:09.018416 #5445]  INFO -- :   Rendered items/index.rabl (4.9ms)
I, [2015-06-10T09:21:09.018662 #5445]  INFO -- : Completed 200 OK in 10ms (Views: 4.2ms | ActiveRecord: 2.4ms)
I, [2015-06-10T09:21:10.893324 #10034]  INFO -- : Started GET "/items/tags" for 127.0.0.1 at 2015-06-10 09:21:10 +0000
I, [2015-06-10T09:21:10.897649 #10034]  INFO -- : Processing by ItemsController#tags as JSON
I, [2015-06-10T09:21:10.901444 #10034]  INFO -- : Completed 200 OK in 4ms (Views: 0.2ms | ActiveRecord: 1.4ms)
I, [2015-06-10T09:21:10.907076 #5453]  INFO -- : Started GET "/containers/84/items" for 127.0.0.1 at 2015-06-10 09:21:10 +0000
I, [2015-06-10T09:21:10.911242 #5453]  INFO -- : Processing by ItemsController#root as JSON
I, [2015-06-10T09:21:10.911416 #5453]  INFO -- :   Parameters: {"id"=>"84"}
I, [2015-06-10T09:21:10.917749 #5453]  INFO -- :   Rendered items/index.rabl (2.4ms)
I, [2015-06-10T09:21:10.918011 #5453]  INFO -- : Completed 200 OK in 6ms (Views: 2.1ms | ActiveRecord: 2.1ms)
I, [2015-06-10T09:21:14.831936 #5442]  INFO -- : Started GET "/items/tags" for 127.0.0.1 at 2015-06-10 09:21:14 +0000
I, [2015-06-10T09:21:14.836883 #5442]  INFO -- : Processing by ItemsController#tags as JSON
I, [2015-06-10T09:21:14.841109 #5442]  INFO -- : Completed 200 OK in 4ms (Views: 0.3ms | ActiveRecord: 1.2ms)
I, [2015-06-10T09:21:14.843144 #5458]  INFO -- : Started GET "/containers/83/items" for 127.0.0.1 at 2015-06-10 09:21:14 +0000
I, [2015-06-10T09:21:14.847980 #5458]  INFO -- : Processing by ItemsController#root as JSON
I, [2015-06-10T09:21:14.848074 #5458]  INFO -- :   Parameters: {"id"=>"83"}
I, [2015-06-10T09:21:14.859156 #5458]  INFO -- :   Rendered items/index.rabl (5.6ms)
I, [2015-06-10T09:21:14.859444 #5458]  INFO -- : Completed 200 OK in 11ms (Views: 4.8ms | ActiveRecord: 2.7ms)
I, [2015-06-10T09:21:16.257898 #5422]  INFO -- : Started GET "/items/tags" for 127.0.0.1 at 2015-06-10 09:21:16 +0000
I, [2015-06-10T09:21:16.262987 #5422]  INFO -- : Processing by ItemsController#tags as JSON
I, [2015-06-10T09:21:16.267236 #5422]  INFO -- : Completed 200 OK in 4ms (Views: 0.3ms | ActiveRecord: 1.3ms)
I, [2015-06-10T09:21:16.268606 #5445]  INFO -- : Started GET "/containers/84/items" for 127.0.0.1 at 2015-06-10 09:21:16 +0000
I, [2015-06-10T09:21:16.272866 #5445]  INFO -- : Processing by ItemsController#root as JSON
I, [2015-06-10T09:21:16.272936 #5445]  INFO -- :   Parameters: {"id"=>"84"}
I, [2015-06-10T09:21:16.279641 #5445]  INFO -- :   Rendered items/index.rabl (2.4ms)
I, [2015-06-10T09:21:16.279892 #5445]  INFO -- : Completed 200 OK in 7ms (Views: 2.5ms | ActiveRecord: 1.8ms)
I, [2015-06-10T09:22:29.181245 #5448]  INFO -- : Started GET "/" for 127.0.0.1 at 2015-06-10 09:22:29 +0000
I, [2015-06-10T09:22:29.186637 #5448]  INFO -- : Processing by TreeController#index as HTML
I, [2015-06-10T09:22:29.191976 #5448]  INFO -- :   Rendered tree/index.html.erb within layouts/pixeladmin (2.1ms)
I, [2015-06-10T09:22:29.193501 #5448]  INFO -- :   Rendered layouts/_main_navbar.html.erb (0.6ms)
I, [2015-06-10T09:22:29.193725 #5448]  INFO -- :   Rendered layouts/_main_menu.html.erb (0.1ms)
I, [2015-06-10T09:22:29.193975 #5448]  INFO -- : Completed 200 OK in 7ms (Views: 3.9ms | ActiveRecord: 1.3ms)
I, [2015-06-10T09:22:29.643899 #10034]  INFO -- : Started GET "/items/tags" for 127.0.0.1 at 2015-06-10 09:22:29 +0000
I, [2015-06-10T09:22:29.648809 #10034]  INFO -- : Processing by ItemsController#tags as JSON
I, [2015-06-10T09:22:29.653398 #10034]  INFO -- : Completed 200 OK in 4ms (Views: 0.2ms | ActiveRecord: 1.9ms)
I, [2015-06-10T09:22:29.654783 #5442]  INFO -- : Started GET "/containers/84/items" for 127.0.0.1 at 2015-06-10 09:22:29 +0000
I, [2015-06-10T09:22:29.658887 #5442]  INFO -- : Processing by ItemsController#root as JSON
I, [2015-06-10T09:22:29.659040 #5442]  INFO -- :   Parameters: {"id"=>"84"}
I, [2015-06-10T09:22:29.667368 #5442]  INFO -- :   Rendered items/index.rabl (4.0ms)
I, [2015-06-10T09:22:29.667673 #5442]  INFO -- : Completed 200 OK in 8ms (Views: 3.3ms | ActiveRecord: 2.4ms)
I, [2015-06-10T09:22:31.354517 #10040]  INFO -- : Started GET "/items/72955" for 127.0.0.1 at 2015-06-10 09:22:31 +0000
I, [2015-06-10T09:22:31.360206 #10040]  INFO -- : Processing by ItemsController#show as JSON
I, [2015-06-10T09:22:31.360326 #10040]  INFO -- :   Parameters: {"id"=>"72955"}
I, [2015-06-10T09:22:31.392074 #10040]  INFO -- :   Rendered items/show.rabl (26.2ms)
I, [2015-06-10T09:22:31.392422 #10040]  INFO -- : Completed 200 OK in 32ms (Views: 25.5ms | ActiveRecord: 3.8ms)
I, [2015-06-10T09:23:19.132183 #5422]  INFO -- : Started GET "/containers/84" for 127.0.0.1 at 2015-06-10 09:23:19 +0000
I, [2015-06-10T09:23:19.144495 #5422]  INFO -- : Processing by ContainersController#show as */*
I, [2015-06-10T09:23:19.144619 #5422]  INFO -- :   Parameters: {"id"=>"84"}
I, [2015-06-10T09:23:19.150523 #5422]  INFO -- : Completed 200 OK in 6ms (Views: 0.4ms | ActiveRecord: 1.8ms)
I, [2015-06-10T09:23:20.958374 #10040]  INFO -- : Started GET "/items/72955" for 127.0.0.1 at 2015-06-10 09:23:20 +0000
I, [2015-06-10T09:23:20.963310 #10040]  INFO -- : Processing by ItemsController#show as JSON
I, [2015-06-10T09:23:20.963431 #10040]  INFO -- :   Parameters: {"id"=>"72955"}
I, [2015-06-10T09:23:20.975877 #10040]  INFO -- :   Rendered items/show.rabl (8.2ms)
I, [2015-06-10T09:23:20.976100 #10040]  INFO -- : Completed 200 OK in 13ms (Views: 8.5ms | ActiveRecord: 1.8ms)
I, [2015-06-10T09:23:38.702395 #5445]  INFO -- : Started PUT "/items/72955" for 127.0.0.1 at 2015-06-10 09:23:38 +0000
I, [2015-06-10T09:23:38.708846 #5445]  INFO -- : Processing by ItemsController#update as JSON
I, [2015-06-10T09:23:38.709101 #5445]  INFO -- :   Parameters: {"item"=>{"id"=>72955, "name"=>"IMG_1618", "filename"=>"IMG_1618.CR2", "description"=>nil, "full_filename"=>"IMG_1618.CR2", "rate"=>0, "extname"=>".CR2", "content_type"=>"image/x-canon-cr2", "tag_list"=>["testtag"], "filename_without_extension"=>"IMG_1618", "full_path_with_container"=>"TEST4/IMG_1618.CR2", "url"=>"http://files.cloudmyart.com/files/inline/thumb/72955", "raw_url"=>"http://files.cloudmyart.com/files/attachment/real/72955?raw=true", "original_url"=>"http://files.cloudmyart.com/files/attachment/highres/72955?", "inline_highres_url"=>"http://files.cloudmyart.com/files/inline/highres/72955", "inline_medium_url"=>"http://files.cloudmyart.com/files/inline/medium/72955", "size"=>"15.4 MB", "exif"=>{"pixels"=>"4000 x 3000", "f_number"=>"3.5", "iso"=>"125", "exposure_time"=>"1/160", "focal_length"=>"16.8mm", "iso_speed_ratings"=>"125", "coordinates"=>{}, "aperture"=>"3.63", "device_make"=>"Canon", "device_model"=>"Canon PowerShot G9", "color_space"=>"sRGB"}}, "id"=>"72955"}
I, [2015-06-10T09:23:47.922916 #5448]  INFO -- : Started GET "/containers/42" for 127.0.0.1 at 2015-06-10 09:23:47 +0000
I, [2015-06-10T09:23:47.926741 #5448]  INFO -- : Processing by ContainersController#show as */*
I, [2015-06-10T09:23:47.926819 #5448]  INFO -- :   Parameters: {"id"=>"42"}
I, [2015-06-10T09:23:47.933328 #5448]  INFO -- : Completed 200 OK in 6ms (Views: 0.2ms | ActiveRecord: 3.1ms)
I, [2015-06-10T09:23:47.962790 #5458]  INFO -- : Started GET "/items/tags" for 127.0.0.1 at 2015-06-10 09:23:47 +0000
I, [2015-06-10T09:23:47.967621 #5458]  INFO -- : Processing by ItemsController#tags as JSON
I, [2015-06-10T09:23:47.972196 #5458]  INFO -- : Completed 200 OK in 4ms (Views: 0.2ms | ActiveRecord: 1.3ms)
I, [2015-06-10T09:23:47.983273 #10034]  INFO -- : Started GET "/containers/42/items" for 127.0.0.1 at 2015-06-10 09:23:47 +0000
I, [2015-06-10T09:23:47.988360 #10034]  INFO -- : Processing by ItemsController#root as JSON
I, [2015-06-10T09:23:47.988458 #10034]  INFO -- :   Parameters: {"id"=>"42"}
I, [2015-06-10T09:23:48.000920 #10034]  INFO -- :   Rendered items/index.rabl (7.8ms)
I, [2015-06-10T09:23:48.001322 #10034]  INFO -- : Completed 200 OK in 13ms (Views: 7.3ms | ActiveRecord: 2.5ms)
I, [2015-06-10T09:23:51.537007 #5445]  INFO -- :   Rendered items/show.rabl (6.6ms)
I, [2015-06-10T09:23:51.537503 #5445]  INFO -- : Completed 200 OK in 12828ms (Views: 7.8ms | ActiveRecord: 15.9ms)
I, [2015-06-10T09:25:37.289003 #5453]  INFO -- : Started DELETE "/users/sign_out" for 127.0.0.1 at 2015-06-10 09:25:37 +0000
I, [2015-06-10T09:25:37.291183 #5453]  INFO -- : Processing by Devise::SessionsController#destroy as HTML
I, [2015-06-10T09:25:37.291265 #5453]  INFO -- :   Parameters: {"authenticity_token"=>"OUzpR58TTsC8KtJKpMIJZNcC18QVzw0URMwTzsq8vZqK36k7WKjvDh/+ShXoT89KFDaFQqahBmLguaSCTdkyOw=="}
I, [2015-06-10T09:25:37.297045 #5453]  INFO -- : Redirected to http://185.17.187.60/
I, [2015-06-10T09:25:37.297261 #5453]  INFO -- : Completed 302 Found in 6ms (ActiveRecord: 1.9ms)
I, [2015-06-10T09:25:37.356615 #10034]  INFO -- : Started GET "/" for 127.0.0.1 at 2015-06-10 09:25:37 +0000
I, [2015-06-10T09:25:37.418465 #5422]  INFO -- : Started GET "/users/sign_in" for 127.0.0.1 at 2015-06-10 09:25:37 +0000
I, [2015-06-10T09:25:37.420401 #5422]  INFO -- : Processing by Devise::SessionsController#new as HTML
I, [2015-06-10T09:25:37.438846 #5422]  INFO -- :   Rendered devise/sessions/new.html.erb within layouts/application (15.8ms)
I, [2015-06-10T09:25:37.440274 #5422]  INFO -- :   Rendered layouts/_messages.html.erb (0.3ms)
I, [2015-06-10T09:25:37.441081 #5422]  INFO -- :   Rendered layouts/_navigation_links.html.erb (0.1ms)
I, [2015-06-10T09:25:37.441205 #5422]  INFO -- :   Rendered layouts/_navigation.html.erb (0.8ms)
I, [2015-06-10T09:25:37.441521 #5422]  INFO -- : Completed 200 OK in 21ms (Views: 19.2ms | ActiveRecord: 0.0ms)
I, [2015-06-10T09:25:41.660621 #10034]  INFO -- : Started POST "/users/sign_in" for 127.0.0.1 at 2015-06-10 09:25:41 +0000
I, [2015-06-10T09:25:41.662564 #10034]  INFO -- : Processing by Devise::SessionsController#create as HTML
I, [2015-06-10T09:25:41.662667 #10034]  INFO -- :   Parameters: {"utf8"=>"✓", "authenticity_token"=>"SOceZFt4cX+pQhJLh5W/Rc1NuTimu2CFwX+8MbN3A8pic+34ou0w+tEMqzgxnPNjXZU2scUozoZSnlQV11XECw==", "user"=>{"email"=>"admin@cloudmyart.com", "password"=>"[FILTERED]", "remember_me"=>"0"}, "commit"=>"Sign in"}
I, [2015-06-10T09:25:41.772661 #10034]  INFO -- : Redirected to http://185.17.187.60/
I, [2015-06-10T09:25:41.772897 #10034]  INFO -- : Completed 302 Found in 110ms (ActiveRecord: 5.8ms)
I, [2015-06-10T09:25:41.836043 #5422]  INFO -- : Started GET "/" for 127.0.0.1 at 2015-06-10 09:25:41 +0000
I, [2015-06-10T09:25:41.841766 #5422]  INFO -- : Processing by Admin::UsersController#index as HTML
I, [2015-06-10T09:25:41.843716 #5422]  INFO -- :   Rendered admin/users/_sub_nav.html.erb (0.4ms)
I, [2015-06-10T09:25:41.863835 #5422]  INFO -- :   Rendered admin/users/index.html.erb within layouts/application (20.7ms)
I, [2015-06-10T09:25:41.864828 #5422]  INFO -- :   Rendered layouts/_messages.html.erb (0.2ms)
I, [2015-06-10T09:25:41.865658 #5422]  INFO -- :   Rendered layouts/_navigation_links.html.erb (0.3ms)
I, [2015-06-10T09:25:41.865751 #5422]  INFO -- :   Rendered layouts/_navigation.html.erb (0.7ms)
I, [2015-06-10T09:25:41.866048 #5422]  INFO -- : Completed 200 OK in 24ms (Views: 20.5ms | ActiveRecord: 2.8ms)
I, [2015-06-10T09:25:49.275176 #10034]  INFO -- : Started GET "/admin/clients" for 127.0.0.1 at 2015-06-10 09:25:49 +0000
I, [2015-06-10T09:25:49.281402 #10034]  INFO -- : Processing by Admin::ClientsController#index as HTML
I, [2015-06-10T09:25:49.294992 #10034]  INFO -- :   Rendered admin/clients/_sub_nav.html.erb (1.0ms)
I, [2015-06-10T09:25:49.300216 #10034]  INFO -- :   Rendered admin/clients/index.html.erb within layouts/application (8.2ms)
I, [2015-06-10T09:25:49.301386 #10034]  INFO -- :   Rendered layouts/_messages.html.erb (0.2ms)
I, [2015-06-10T09:25:49.302498 #10034]  INFO -- :   Rendered layouts/_navigation_links.html.erb (0.4ms)
I, [2015-06-10T09:25:49.302596 #10034]  INFO -- :   Rendered layouts/_navigation.html.erb (1.0ms)
I, [2015-06-10T09:25:49.302936 #10034]  INFO -- : Completed 200 OK in 21ms (Views: 18.8ms | ActiveRecord: 1.3ms)
I, [2015-06-10T09:25:51.201411 #5442]  INFO -- : Started GET "/admin/clients/4/edit" for 127.0.0.1 at 2015-06-10 09:25:51 +0000
I, [2015-06-10T09:25:51.207792 #5442]  INFO -- : Processing by Admin::ClientsController#edit as HTML
I, [2015-06-10T09:25:51.207910 #5442]  INFO -- :   Parameters: {"id"=>"4"}
I, [2015-06-10T09:25:51.211508 #5442]  INFO -- :   Rendered admin/clients/_sub_nav.html.erb (0.9ms)
I, [2015-06-10T09:25:51.231172 #5442]  INFO -- :   Rendered admin/clients/_form.html.erb (19.3ms)
I, [2015-06-10T09:25:51.231384 #5442]  INFO -- :   Rendered admin/clients/edit.html.erb within layouts/application (21.0ms)
I, [2015-06-10T09:25:51.232336 #5442]  INFO -- :   Rendered layouts/_messages.html.erb (0.1ms)
I, [2015-06-10T09:25:51.233266 #5442]  INFO -- :   Rendered layouts/_navigation_links.html.erb (0.3ms)
I, [2015-06-10T09:25:51.233352 #5442]  INFO -- :   Rendered layouts/_navigation.html.erb (0.8ms)
I, [2015-06-10T09:25:51.233642 #5442]  INFO -- : Completed 200 OK in 26ms (Views: 24.0ms | ActiveRecord: 0.7ms)
I, [2015-06-10T09:25:55.731584 #10040]  INFO -- : Started POST "/admin/clients/4/import" for 127.0.0.1 at 2015-06-10 09:25:55 +0000
I, [2015-06-10T09:25:55.739079 #10040]  INFO -- : Processing by Admin::ClientsController#import as HTML
I, [2015-06-10T09:25:55.739187 #10040]  INFO -- :   Parameters: {"utf8"=>"✓", "authenticity_token"=>"1pBT8WJwoM7NWpDPHtc8GuPNEQoOLPk4oSDAcKV3WSZ8cpUluXIyXpSNdy4cUUB/HY/wWnbVzw+xdQ62ALnZEQ==", "container_name"=>"IAMTRYINGSOEMTHINGTOSEEIFITWORKS", "commit"=>"Import images", "client_id"=>"4"}
I, [2015-06-10T09:25:55.753295 #10040]  INFO -- : Redirected to http://185.17.187.60/admin/clients
I, [2015-06-10T09:25:55.753639 #10040]  INFO -- : Completed 302 Found in 14ms (ActiveRecord: 0.7ms)
I, [2015-06-10T09:25:55.820521 #5453]  INFO -- : Started GET "/admin/clients" for 127.0.0.1 at 2015-06-10 09:25:55 +0000
I, [2015-06-10T09:25:55.826675 #5453]  INFO -- : Processing by Admin::ClientsController#index as HTML
I, [2015-06-10T09:25:55.829848 #5453]  INFO -- :   Rendered admin/clients/_sub_nav.html.erb (0.7ms)
I, [2015-06-10T09:25:55.835327 #5453]  INFO -- :   Rendered admin/clients/index.html.erb within layouts/application (6.5ms)
I, [2015-06-10T09:25:55.836266 #5453]  INFO -- :   Rendered layouts/_messages.html.erb (0.1ms)
I, [2015-06-10T09:25:55.837069 #5453]  INFO -- :   Rendered layouts/_navigation_links.html.erb (0.2ms)
I, [2015-06-10T09:25:55.837155 #5453]  INFO -- :   Rendered layouts/_navigation.html.erb (0.7ms)
I, [2015-06-10T09:25:55.837434 #5453]  INFO -- : Completed 200 OK in 11ms (Views: 8.1ms | ActiveRecord: 1.3ms)
I, [2015-06-10T09:26:10.414900 #5448]  INFO -- : Started DELETE "/users/sign_out" for 127.0.0.1 at 2015-06-10 09:26:10 +0000
I, [2015-06-10T09:26:10.417389 #5448]  INFO -- : Processing by Devise::SessionsController#destroy as HTML
I, [2015-06-10T09:26:10.417458 #5448]  INFO -- :   Parameters: {"authenticity_token"=>"YM27jnG3Incj+VYZTIvLK6pMJ+ckKBY/wWd5Vrmf0MDKL31aqrWw53ousfhODbdOVA7Gt1zRIAjRMreQHFFQ9w=="}
I, [2015-06-10T09:26:10.428004 #5448]  INFO -- : Redirected to http://185.17.187.60/
I, [2015-06-10T09:26:10.428242 #5448]  INFO -- : Completed 302 Found in 11ms (ActiveRecord: 2.1ms)
I, [2015-06-10T09:26:10.492621 #10034]  INFO -- : Started GET "/" for 127.0.0.1 at 2015-06-10 09:26:10 +0000
I, [2015-06-10T09:26:10.563496 #5422]  INFO -- : Started GET "/users/sign_in" for 127.0.0.1 at 2015-06-10 09:26:10 +0000
I, [2015-06-10T09:26:10.565415 #5422]  INFO -- : Processing by Devise::SessionsController#new as HTML
I, [2015-06-10T09:26:10.581811 #5422]  INFO -- :   Rendered devise/sessions/new.html.erb within layouts/application (14.4ms)
I, [2015-06-10T09:26:10.582820 #5422]  INFO -- :   Rendered layouts/_messages.html.erb (0.2ms)
I, [2015-06-10T09:26:10.583596 #5422]  INFO -- :   Rendered layouts/_navigation_links.html.erb (0.1ms)
I, [2015-06-10T09:26:10.583684 #5422]  INFO -- :   Rendered layouts/_navigation.html.erb (0.7ms)
I, [2015-06-10T09:26:10.583981 #5422]  INFO -- : Completed 200 OK in 18ms (Views: 17.0ms | ActiveRecord: 0.0ms)
I, [2015-06-10T09:26:15.544417 #5458]  INFO -- : Started POST "/users/sign_in" for 127.0.0.1 at 2015-06-10 09:26:15 +0000
I, [2015-06-10T09:26:15.546829 #5458]  INFO -- : Processing by Devise::SessionsController#create as HTML
I, [2015-06-10T09:26:15.546985 #5458]  INFO -- :   Parameters: {"utf8"=>"✓", "authenticity_token"=>"rIdYyiEDu/HhAX29g0lmfAusim8hokoU/nBNgFg6b/oBL/NWRx5VsVR8oL086obd2wKeh4sckp22KVw/t+N0Xw==", "user"=>{"email"=>"rubenscetbon@demo.com", "password"=>"[FILTERED]", "remember_me"=>"0"}, "commit"=>"Sign in"}
I, [2015-06-10T09:26:15.672683 #5458]  INFO -- : Redirected to http://185.17.187.60/
I, [2015-06-10T09:26:15.672937 #5458]  INFO -- : Completed 302 Found in 126ms (ActiveRecord: 19.6ms)
I, [2015-06-10T09:26:15.741158 #12686]  INFO -- : Started GET "/" for 127.0.0.1 at 2015-06-10 09:26:15 +0000
I, [2015-06-10T09:26:15.822753 #12686]  INFO -- : Processing by TreeController#index as HTML
I, [2015-06-10T09:26:15.870134 #12686]  INFO -- :   Rendered tree/index.html.erb within layouts/pixeladmin (14.1ms)
I, [2015-06-10T09:26:15.877865 #12686]  INFO -- :   Rendered layouts/_main_navbar.html.erb (3.8ms)
I, [2015-06-10T09:26:15.879145 #12686]  INFO -- :   Rendered layouts/_main_menu.html.erb (0.6ms)
I, [2015-06-10T09:26:15.879606 #12686]  INFO -- : Completed 200 OK in 57ms (Views: 27.7ms | ActiveRecord: 5.3ms)
I, [2015-06-10T09:26:16.425812 #5422]  INFO -- : Started GET "/items/tags" for 127.0.0.1 at 2015-06-10 09:26:16 +0000
I, [2015-06-10T09:26:16.432669 #5422]  INFO -- : Processing by ItemsController#tags as JSON
I, [2015-06-10T09:26:16.437790 #5422]  INFO -- : Completed 200 OK in 5ms (Views: 0.4ms | ActiveRecord: 1.7ms)
I, [2015-06-10T09:26:18.736704 #5453]  INFO -- : Started GET "/" for 127.0.0.1 at 2015-06-10 09:26:18 +0000
I, [2015-06-10T09:26:18.742181 #5453]  INFO -- : Processing by TreeController#index as HTML
I, [2015-06-10T09:26:18.749797 #5453]  INFO -- :   Rendered tree/index.html.erb within layouts/pixeladmin (3.6ms)
I, [2015-06-10T09:26:18.752399 #5453]  INFO -- :   Rendered layouts/_main_navbar.html.erb (1.0ms)
I, [2015-06-10T09:26:18.752693 #5453]  INFO -- :   Rendered layouts/_main_menu.html.erb (0.1ms)
I, [2015-06-10T09:26:18.753024 #5453]  INFO -- : Completed 200 OK in 10ms (Views: 6.7ms | ActiveRecord: 1.5ms)
I, [2015-06-10T09:26:19.338138 #12686]  INFO -- : Started GET "/items/tags" for 127.0.0.1 at 2015-06-10 09:26:19 +0000
I, [2015-06-10T09:26:19.346088 #12686]  INFO -- : Processing by ItemsController#tags as JSON
I, [2015-06-10T09:26:19.378984 #12686]  INFO -- : Completed 200 OK in 33ms (Views: 0.5ms | ActiveRecord: 2.9ms)
I, [2015-06-10T09:26:22.732907 #5453]  INFO -- : Started GET "/" for 127.0.0.1 at 2015-06-10 09:26:22 +0000
I, [2015-06-10T09:26:22.738411 #5453]  INFO -- : Processing by TreeController#index as HTML
I, [2015-06-10T09:26:22.743479 #5453]  INFO -- :   Rendered tree/index.html.erb within layouts/pixeladmin (2.3ms)
I, [2015-06-10T09:26:22.745230 #5453]  INFO -- :   Rendered layouts/_main_navbar.html.erb (0.7ms)
I, [2015-06-10T09:26:22.745545 #5453]  INFO -- :   Rendered layouts/_main_menu.html.erb (0.1ms)
I, [2015-06-10T09:26:22.745826 #5453]  INFO -- : Completed 200 OK in 7ms (Views: 4.5ms | ActiveRecord: 1.0ms)
I, [2015-06-10T09:26:23.148407 #5422]  INFO -- : Started GET "/items/tags" for 127.0.0.1 at 2015-06-10 09:26:23 +0000
I, [2015-06-10T09:26:23.153662 #5422]  INFO -- : Processing by ItemsController#tags as JSON
I, [2015-06-10T09:26:23.157813 #5422]  INFO -- : Completed 200 OK in 4ms (Views: 0.2ms | ActiveRecord: 1.1ms)
I, [2015-06-10T09:26:27.279916 #5458]  INFO -- : Started GET "/" for 127.0.0.1 at 2015-06-10 09:26:27 +0000
I, [2015-06-10T09:26:27.285687 #5458]  INFO -- : Processing by TreeController#index as HTML
I, [2015-06-10T09:26:27.292017 #5458]  INFO -- :   Rendered tree/index.html.erb within layouts/pixeladmin (2.7ms)
I, [2015-06-10T09:26:27.294152 #5458]  INFO -- :   Rendered layouts/_main_navbar.html.erb (0.9ms)
I, [2015-06-10T09:26:27.294419 #5458]  INFO -- :   Rendered layouts/_main_menu.html.erb (0.1ms)
I, [2015-06-10T09:26:27.294719 #5458]  INFO -- : Completed 200 OK in 9ms (Views: 5.3ms | ActiveRecord: 1.4ms)
I, [2015-06-10T09:26:27.705567 #5442]  INFO -- : Started GET "/items/tags" for 127.0.0.1 at 2015-06-10 09:26:27 +0000
I, [2015-06-10T09:26:27.710830 #5442]  INFO -- : Processing by ItemsController#tags as JSON
I, [2015-06-10T09:26:27.714831 #5442]  INFO -- : Completed 200 OK in 4ms (Views: 0.3ms | ActiveRecord: 1.1ms)
I, [2015-06-10T09:26:29.919885 #10040]  INFO -- : Started GET "/" for 127.0.0.1 at 2015-06-10 09:26:29 +0000
I, [2015-06-10T09:26:29.925675 #10040]  INFO -- : Processing by TreeController#index as HTML
I, [2015-06-10T09:26:29.932872 #10040]  INFO -- :   Rendered tree/index.html.erb within layouts/pixeladmin (2.5ms)
I, [2015-06-10T09:26:29.935396 #10040]  INFO -- :   Rendered layouts/_main_navbar.html.erb (1.1ms)
I, [2015-06-10T09:26:29.935786 #10040]  INFO -- :   Rendered layouts/_main_menu.html.erb (0.1ms)
I, [2015-06-10T09:26:29.936129 #10040]  INFO -- : Completed 200 OK in 10ms (Views: 5.9ms | ActiveRecord: 1.5ms)
