I, [2015-06-08T03:44:22.915724 #5049]  INFO -- : Started GET "/" for 127.0.0.1 at 2015-06-08 03:44:22 +0000
I, [2015-06-08T03:44:23.085713 #5049]  INFO -- : Processing by TreeController#index as HTML
I, [2015-06-08T03:44:23.129345 #5049]  INFO -- :   Rendered tree/index.html.erb within layouts/pixeladmin (11.3ms)
I, [2015-06-08T03:44:23.136042 #5049]  INFO -- :   Rendered layouts/_main_navbar.html.erb (3.5ms)
I, [2015-06-08T03:44:23.137317 #5049]  INFO -- :   Rendered layouts/_main_menu.html.erb (0.5ms)
I, [2015-06-08T03:44:23.137784 #5049]  INFO -- : Completed 200 OK in 52ms (Views: 22.9ms | ActiveRecord: 5.5ms)
I, [2015-06-08T03:44:25.203447 #5052]  INFO -- : Started GET "/items/tags" for 127.0.0.1 at 2015-06-08 03:44:25 +0000
I, [2015-06-08T03:44:25.222566 #5078]  INFO -- : Started GET "/containers/74/items" for 127.0.0.1 at 2015-06-08 03:44:25 +0000
I, [2015-06-08T03:44:25.361810 #5052]  INFO -- : Processing by ItemsController#tags as JSON
I, [2015-06-08T03:44:25.400285 #5078]  INFO -- : Processing by ItemsController#root as JSON
I, [2015-06-08T03:44:25.400454 #5078]  INFO -- :   Parameters: {"id"=>"74"}
I, [2015-06-08T03:44:25.414285 #5052]  INFO -- : Completed 200 OK in 52ms (Views: 0.7ms | ActiveRecord: 5.7ms)
I, [2015-06-08T03:44:25.472420 #5078]  INFO -- :   Rendered items/index.rabl (3.7ms)
I, [2015-06-08T03:44:25.472914 #5078]  INFO -- : Completed 200 OK in 72ms (Views: 12.3ms | ActiveRecord: 9.5ms)
I, [2015-06-08T03:44:26.395295 #5088]  INFO -- : Started GET "/containers/74" for 127.0.0.1 at 2015-06-08 03:44:26 +0000
I, [2015-06-08T03:44:26.553995 #5088]  INFO -- : Processing by ContainersController#show as */*
I, [2015-06-08T03:44:26.554117 #5088]  INFO -- :   Parameters: {"id"=>"74"}
I, [2015-06-08T03:44:26.642786 #5088]  INFO -- : Completed 500 Internal Server Error in 88ms
F, [2015-06-08T03:44:26.650264 #5088] FATAL -- : 
NoMethodError (undefined method `truncate' for #<ContainersController:0x007f6565121188>):
  app/controllers/containers_controller.rb:17:in `block (2 levels) in show'
  app/models/folder.rb:85:in `block in to_custom_tree'
  app/models/folder.rb:77:in `each'
  app/models/folder.rb:77:in `inject'
  app/models/folder.rb:77:in `to_custom_tree'
  app/models/folder.rb:38:in `custom_hash_tree'
  app/controllers/containers_controller.rb:16:in `block in show'
  app/controllers/containers_controller.rb:15:in `map'
  app/controllers/containers_controller.rb:15:in `show'


I, [2015-06-08T03:49:16.646026 #5453]  INFO -- : Started GET "/" for 127.0.0.1 at 2015-06-08 03:49:16 +0000
I, [2015-06-08T03:49:16.840545 #5453]  INFO -- : Processing by TreeController#index as HTML
I, [2015-06-08T03:49:16.887698 #5453]  INFO -- :   Rendered tree/index.html.erb within layouts/pixeladmin (13.3ms)
I, [2015-06-08T03:49:16.896378 #5453]  INFO -- :   Rendered layouts/_main_navbar.html.erb (4.7ms)
I, [2015-06-08T03:49:16.897602 #5453]  INFO -- :   Rendered layouts/_main_menu.html.erb (0.5ms)
I, [2015-06-08T03:49:16.898002 #5453]  INFO -- : Completed 200 OK in 57ms (Views: 27.7ms | ActiveRecord: 5.4ms)
I, [2015-06-08T03:49:18.902079 #5458]  INFO -- : Started GET "/items/tags" for 127.0.0.1 at 2015-06-08 03:49:18 +0000
I, [2015-06-08T03:49:18.914371 #5445]  INFO -- : Started GET "/containers/74/items" for 127.0.0.1 at 2015-06-08 03:49:18 +0000
I, [2015-06-08T03:49:19.082007 #5458]  INFO -- : Processing by ItemsController#tags as JSON
I, [2015-06-08T03:49:19.105912 #5445]  INFO -- : Processing by ItemsController#root as JSON
I, [2015-06-08T03:49:19.106045 #5445]  INFO -- :   Parameters: {"id"=>"74"}
I, [2015-06-08T03:49:19.146848 #5458]  INFO -- : Completed 200 OK in 49ms (Views: 0.5ms | ActiveRecord: 5.1ms)
I, [2015-06-08T03:49:19.180742 #5445]  INFO -- :   Rendered items/index.rabl (4.7ms)
I, [2015-06-08T03:49:19.181448 #5445]  INFO -- : Completed 200 OK in 75ms (Views: 13.6ms | ActiveRecord: 9.6ms)
I, [2015-06-08T03:49:21.292539 #5448]  INFO -- : Started GET "/containers/74" for 127.0.0.1 at 2015-06-08 03:49:21 +0000
I, [2015-06-08T03:49:21.456979 #5448]  INFO -- : Processing by ContainersController#show as */*
I, [2015-06-08T03:49:21.457135 #5448]  INFO -- :   Parameters: {"id"=>"74"}
I, [2015-06-08T03:49:21.631607 #5448]  INFO -- : Completed 200 OK in 174ms (Views: 1.4ms | ActiveRecord: 29.2ms)
I, [2015-06-08T03:49:28.173021 #5442]  INFO -- : Started GET "/folders/5850" for 127.0.0.1 at 2015-06-08 03:49:28 +0000
I, [2015-06-08T03:49:28.228656 #5439]  INFO -- : Started GET "/items/tags" for 127.0.0.1 at 2015-06-08 03:49:28 +0000
I, [2015-06-08T03:49:28.242072 #5453]  INFO -- : Started GET "/folders/5850/items" for 127.0.0.1 at 2015-06-08 03:49:28 +0000
I, [2015-06-08T03:49:28.249198 #5453]  INFO -- : Processing by ItemsController#index as JSON
I, [2015-06-08T03:49:28.249303 #5453]  INFO -- :   Parameters: {"folder_id"=>"5850"}
I, [2015-06-08T03:49:28.293120 #5453]  INFO -- :   Rendered items/index.rabl (5.5ms)
I, [2015-06-08T03:49:28.293598 #5453]  INFO -- : Completed 200 OK in 44ms (Views: 14.8ms | ActiveRecord: 5.9ms)
I, [2015-06-08T03:49:28.351850 #5442]  INFO -- : Processing by FoldersController#show as */*
I, [2015-06-08T03:49:28.351969 #5442]  INFO -- :   Parameters: {"id"=>"5850"}
I, [2015-06-08T03:49:28.407675 #5439]  INFO -- : Processing by ItemsController#tags as JSON
I, [2015-06-08T03:49:28.459365 #5439]  INFO -- : Completed 200 OK in 51ms (Views: 0.6ms | ActiveRecord: 5.2ms)
I, [2015-06-08T03:49:28.551637 #5442]  INFO -- : Completed 200 OK in 199ms (Views: 1.8ms | ActiveRecord: 42.1ms)
I, [2015-06-08T03:49:43.044926 #5458]  INFO -- : Started GET "/" for 127.0.0.1 at 2015-06-08 03:49:43 +0000
I, [2015-06-08T03:49:43.053676 #5458]  INFO -- : Processing by TreeController#index as HTML
I, [2015-06-08T03:49:43.082283 #5458]  INFO -- :   Rendered tree/index.html.erb within layouts/pixeladmin (15.8ms)
I, [2015-06-08T03:49:43.090491 #5458]  INFO -- :   Rendered layouts/_main_navbar.html.erb (4.1ms)
I, [2015-06-08T03:49:43.091941 #5458]  INFO -- :   Rendered layouts/_main_menu.html.erb (0.7ms)
I, [2015-06-08T03:49:43.092250 #5458]  INFO -- : Completed 200 OK in 38ms (Views: 29.9ms | ActiveRecord: 3.9ms)
I, [2015-06-08T03:49:44.821034 #5448]  INFO -- : Started GET "/items/tags" for 127.0.0.1 at 2015-06-08 03:49:44 +0000
I, [2015-06-08T03:49:44.829425 #5448]  INFO -- : Processing by ItemsController#tags as JSON
I, [2015-06-08T03:49:44.845369 #5419]  INFO -- : Started GET "/folders/5850/items" for 127.0.0.1 at 2015-06-08 03:49:44 +0000
I, [2015-06-08T03:49:44.866104 #5448]  INFO -- : Completed 200 OK in 36ms (Views: 0.3ms | ActiveRecord: 5.8ms)
I, [2015-06-08T03:49:45.017463 #5419]  INFO -- : Processing by ItemsController#index as JSON
I, [2015-06-08T03:49:45.017618 #5419]  INFO -- :   Parameters: {"folder_id"=>"5850"}
I, [2015-06-08T03:49:45.089853 #5419]  INFO -- :   Rendered items/index.rabl (4.7ms)
I, [2015-06-08T03:49:45.090408 #5419]  INFO -- : Completed 200 OK in 73ms (Views: 12.9ms | ActiveRecord: 9.1ms)
I, [2015-06-08T03:49:46.853394 #5448]  INFO -- : Started GET "/containers/74" for 127.0.0.1 at 2015-06-08 03:49:46 +0000
I, [2015-06-08T03:49:46.859236 #5448]  INFO -- : Processing by ContainersController#show as */*
I, [2015-06-08T03:49:46.859313 #5448]  INFO -- :   Parameters: {"id"=>"74"}
I, [2015-06-08T03:49:46.885550 #5422]  INFO -- : Started GET "/items/tags" for 127.0.0.1 at 2015-06-08 03:49:46 +0000
I, [2015-06-08T03:49:46.899923 #5419]  INFO -- : Started GET "/containers/74/items" for 127.0.0.1 at 2015-06-08 03:49:46 +0000
I, [2015-06-08T03:49:46.905644 #5419]  INFO -- : Processing by ItemsController#root as JSON
I, [2015-06-08T03:49:46.905758 #5419]  INFO -- :   Parameters: {"id"=>"74"}
I, [2015-06-08T03:49:46.924848 #5419]  INFO -- :   Rendered items/index.rabl (4.3ms)
I, [2015-06-08T03:49:46.925292 #5419]  INFO -- : Completed 200 OK in 19ms (Views: 4.3ms | ActiveRecord: 3.4ms)
I, [2015-06-08T03:49:46.950302 #5448]  INFO -- : Completed 200 OK in 91ms (Views: 0.8ms | ActiveRecord: 35.2ms)
I, [2015-06-08T03:49:47.066903 #5422]  INFO -- : Processing by ItemsController#tags as JSON
I, [2015-06-08T03:49:47.116401 #5422]  INFO -- : Completed 200 OK in 49ms (Views: 0.7ms | ActiveRecord: 6.0ms)
I, [2015-06-08T03:49:49.143998 #5448]  INFO -- : Started GET "/folders/5850" for 127.0.0.1 at 2015-06-08 03:49:49 +0000
I, [2015-06-08T03:49:49.151390 #5448]  INFO -- : Processing by FoldersController#show as */*
I, [2015-06-08T03:49:49.151529 #5448]  INFO -- :   Parameters: {"id"=>"5850"}
I, [2015-06-08T03:49:49.193216 #5422]  INFO -- : Started GET "/items/tags" for 127.0.0.1 at 2015-06-08 03:49:49 +0000
I, [2015-06-08T03:49:49.198434 #5422]  INFO -- : Processing by ItemsController#tags as JSON
I, [2015-06-08T03:49:49.202715 #5422]  INFO -- : Completed 200 OK in 4ms (Views: 0.2ms | ActiveRecord: 1.4ms)
I, [2015-06-08T03:49:49.209327 #5419]  INFO -- : Started GET "/folders/5850/items" for 127.0.0.1 at 2015-06-08 03:49:49 +0000
I, [2015-06-08T03:49:49.213955 #5419]  INFO -- : Processing by ItemsController#index as JSON
I, [2015-06-08T03:49:49.214028 #5419]  INFO -- :   Parameters: {"folder_id"=>"5850"}
I, [2015-06-08T03:49:49.220336 #5419]  INFO -- :   Rendered items/index.rabl (2.7ms)
I, [2015-06-08T03:49:49.220800 #5419]  INFO -- : Completed 200 OK in 7ms (Views: 2.4ms | ActiveRecord: 2.1ms)
I, [2015-06-08T03:49:49.259514 #5448]  INFO -- : Completed 200 OK in 108ms (Views: 1.6ms | ActiveRecord: 31.2ms)
I, [2015-06-08T05:47:01.064630 #5445]  INFO -- : Started GET "/" for 127.0.0.1 at 2015-06-08 05:47:01 +0000
I, [2015-06-08T06:39:10.184726 #5439]  INFO -- : Started GET "/" for 127.0.0.1 at 2015-06-08 06:39:10 +0000
I, [2015-06-08T07:10:19.990399 #5453]  INFO -- : Started HEAD "/" for 127.0.0.1 at 2015-06-08 07:10:19 +0000
I, [2015-06-08T08:04:55.711468 #5419]  INFO -- : Started GET "/dnscfg.cgi" for 127.0.0.1 at 2015-06-08 08:04:55 +0000
F, [2015-06-08T08:04:55.714508 #5419] FATAL -- : 
ActionController::RoutingError (No route matches [GET] "/dnscfg.cgi"):
  actionpack (4.2.0) lib/action_dispatch/middleware/debug_exceptions.rb:21:in `call'
  actionpack (4.2.0) lib/action_dispatch/middleware/show_exceptions.rb:30:in `call'
  railties (4.2.0) lib/rails/rack/logger.rb:38:in `call_app'
  railties (4.2.0) lib/rails/rack/logger.rb:20:in `block in call'
  activesupport (4.2.0) lib/active_support/tagged_logging.rb:68:in `block in tagged'
  activesupport (4.2.0) lib/active_support/tagged_logging.rb:26:in `tagged'
  activesupport (4.2.0) lib/active_support/tagged_logging.rb:68:in `tagged'
  railties (4.2.0) lib/rails/rack/logger.rb:20:in `call'
  actionpack (4.2.0) lib/action_dispatch/middleware/request_id.rb:21:in `call'
  rack (1.6.0) lib/rack/methodoverride.rb:22:in `call'
  rack (1.6.0) lib/rack/runtime.rb:18:in `call'
  activesupport (4.2.0) lib/active_support/cache/strategy/local_cache_middleware.rb:28:in `call'
  rack (1.6.0) lib/rack/sendfile.rb:113:in `call'
  railties (4.2.0) lib/rails/engine.rb:518:in `call'
  railties (4.2.0) lib/rails/application.rb:164:in `call'
  unicorn (4.8.3) lib/unicorn/http_server.rb:576:in `process_client'
  unicorn (4.8.3) lib/unicorn/http_server.rb:670:in `worker_loop'
  unicorn (4.8.3) lib/unicorn/http_server.rb:525:in `spawn_missing_workers'
  unicorn (4.8.3) lib/unicorn/http_server.rb:140:in `start'
  unicorn (4.8.3) bin/unicorn:126:in `<top (required)>'
  /home/web/swift-explorer/shared/bundle/ruby/2.1.0/bin/unicorn:23:in `load'
  /home/web/swift-explorer/shared/bundle/ruby/2.1.0/bin/unicorn:23:in `<main>'


I, [2015-06-08T12:19:17.574209 #5453]  INFO -- : Started GET "/" for 127.0.0.1 at 2015-06-08 12:19:17 +0000
I, [2015-06-08T12:19:18.794880 #5445]  INFO -- : Started GET "/users/sign_in" for 127.0.0.1 at 2015-06-08 12:19:18 +0000
I, [2015-06-08T12:19:18.799067 #5445]  INFO -- : Processing by Devise::SessionsController#new as HTML
I, [2015-06-08T12:19:18.852597 #5445]  INFO -- :   Rendered devise/sessions/new.html.erb within layouts/application (43.0ms)
I, [2015-06-08T12:19:18.856574 #5445]  INFO -- :   Rendered layouts/_messages.html.erb (0.9ms)
I, [2015-06-08T12:19:18.859842 #5445]  INFO -- :   Rendered layouts/_navigation_links.html.erb (0.7ms)
I, [2015-06-08T12:19:18.859938 #5445]  INFO -- :   Rendered layouts/_navigation.html.erb (2.7ms)
I, [2015-06-08T12:19:18.860244 #5445]  INFO -- : Completed 200 OK in 61ms (Views: 57.3ms | ActiveRecord: 0.0ms)
I, [2015-06-08T12:22:12.067633 #5448]  INFO -- : Started POST "/users/sign_in" for 127.0.0.1 at 2015-06-08 12:22:12 +0000
I, [2015-06-08T12:22:12.072948 #5448]  INFO -- : Processing by Devise::SessionsController#create as HTML
I, [2015-06-08T12:22:12.073072 #5448]  INFO -- :   Parameters: {"utf8"=>"✓", "authenticity_token"=>"IaLU0w+jyqcqPxsPvNlj5MWjxl4Q61E+C/JOJm1JOoZtJuSirzs/R0m3QzKkf3QtW0crrf9rG8i8nCoKCPQl+w==", "user"=>{"email"=>"jeferson@cma.com", "password"=>"[FILTERED]", "remember_me"=>"0"}, "commit"=>"Sign in"}
I, [2015-06-08T12:22:12.200505 #5448]  INFO -- : Redirected to http://185.17.187.60/
I, [2015-06-08T12:22:12.200847 #5448]  INFO -- : Completed 302 Found in 128ms (ActiveRecord: 6.1ms)
I, [2015-06-08T12:22:13.559268 #5453]  INFO -- : Started GET "/" for 127.0.0.1 at 2015-06-08 12:22:13 +0000
I, [2015-06-08T12:22:13.566256 #5453]  INFO -- : Processing by TreeController#index as HTML
I, [2015-06-08T12:22:13.571967 #5453]  INFO -- :   Rendered tree/index.html.erb within layouts/pixeladmin (1.6ms)
I, [2015-06-08T12:22:13.574304 #5453]  INFO -- :   Rendered layouts/_main_navbar.html.erb (0.9ms)
I, [2015-06-08T12:22:13.574739 #5453]  INFO -- :   Rendered layouts/_main_menu.html.erb (0.1ms)
I, [2015-06-08T12:22:13.575110 #5453]  INFO -- : Completed 200 OK in 9ms (Views: 4.9ms | ActiveRecord: 1.0ms)
I, [2015-06-08T12:23:06.783550 #5458]  INFO -- : Started GET "/items/tags" for 127.0.0.1 at 2015-06-08 12:23:06 +0000
I, [2015-06-08T12:23:06.788564 #5458]  INFO -- : Processing by ItemsController#tags as JSON
I, [2015-06-08T12:23:06.792678 #5458]  INFO -- : Completed 200 OK in 4ms (Views: 0.2ms | ActiveRecord: 1.1ms)
I, [2015-06-08T12:39:17.350090 #5439]  INFO -- : Started GET "/containers/74" for 127.0.0.1 at 2015-06-08 12:39:17 +0000
I, [2015-06-08T12:39:17.356249 #5439]  INFO -- : Processing by ContainersController#show as */*
I, [2015-06-08T12:39:17.356389 #5439]  INFO -- :   Parameters: {"id"=>"74"}
I, [2015-06-08T12:39:17.361428 #5442]  INFO -- : Started GET "/containers/74/items" for 127.0.0.1 at 2015-06-08 12:39:17 +0000
I, [2015-06-08T12:39:17.362109 #5419]  INFO -- : Started GET "/items/tags" for 127.0.0.1 at 2015-06-08 12:39:17 +0000
I, [2015-06-08T12:39:17.368746 #5442]  INFO -- : Processing by ItemsController#root as JSON
I, [2015-06-08T12:39:17.368875 #5442]  INFO -- :   Parameters: {"id"=>"74"}
I, [2015-06-08T12:39:17.370501 #5419]  INFO -- : Processing by ItemsController#tags as JSON
I, [2015-06-08T12:39:17.402546 #5442]  INFO -- :   Rendered items/index.rabl (6.7ms)
I, [2015-06-08T12:39:17.403200 #5442]  INFO -- : Completed 200 OK in 34ms (Views: 14.2ms | ActiveRecord: 6.9ms)
I, [2015-06-08T12:39:17.408160 #5419]  INFO -- : Completed 200 OK in 37ms (Views: 0.2ms | ActiveRecord: 4.1ms)
I, [2015-06-08T12:39:17.504654 #5439]  INFO -- : Completed 200 OK in 148ms (Views: 0.8ms | ActiveRecord: 30.3ms)
I, [2015-06-08T12:39:20.924343 #5453]  INFO -- : Started GET "/folders/5850" for 127.0.0.1 at 2015-06-08 12:39:20 +0000
I, [2015-06-08T12:39:20.930185 #5453]  INFO -- : Processing by FoldersController#show as */*
I, [2015-06-08T12:39:20.930251 #5453]  INFO -- :   Parameters: {"id"=>"5850"}
I, [2015-06-08T12:39:20.961745 #5445]  INFO -- : Started GET "/items/tags" for 127.0.0.1 at 2015-06-08 12:39:20 +0000
I, [2015-06-08T12:39:20.967157 #5445]  INFO -- : Processing by ItemsController#tags as JSON
I, [2015-06-08T12:39:20.999335 #5445]  INFO -- : Completed 200 OK in 32ms (Views: 0.4ms | ActiveRecord: 3.0ms)
I, [2015-06-08T12:39:21.076263 #5453]  INFO -- : Completed 200 OK in 146ms (Views: 1.0ms | ActiveRecord: 27.8ms)
I, [2015-06-08T12:39:21.265239 #5445]  INFO -- : Started GET "/folders/5850/items" for 127.0.0.1 at 2015-06-08 12:39:21 +0000
I, [2015-06-08T12:39:21.270003 #5445]  INFO -- : Processing by ItemsController#index as JSON
I, [2015-06-08T12:39:21.270103 #5445]  INFO -- :   Parameters: {"folder_id"=>"5850"}
I, [2015-06-08T12:39:21.279132 #5445]  INFO -- :   Rendered items/index.rabl (2.6ms)
I, [2015-06-08T12:39:21.279496 #5445]  INFO -- : Completed 200 OK in 9ms (Views: 3.0ms | ActiveRecord: 1.6ms)
I, [2015-06-08T12:39:27.291083 #5422]  INFO -- : Started GET "/folders/6003" for 127.0.0.1 at 2015-06-08 12:39:27 +0000
I, [2015-06-08T12:39:27.297056 #5422]  INFO -- : Processing by FoldersController#show as */*
I, [2015-06-08T12:39:27.297127 #5422]  INFO -- :   Parameters: {"id"=>"6003"}
I, [2015-06-08T12:39:27.330846 #5422]  INFO -- : Completed 200 OK in 34ms (Views: 0.3ms | ActiveRecord: 7.0ms)
I, [2015-06-08T12:39:27.341397 #5458]  INFO -- : Started GET "/items/tags" for 127.0.0.1 at 2015-06-08 12:39:27 +0000
I, [2015-06-08T12:39:27.345138 #5458]  INFO -- : Processing by ItemsController#tags as JSON
I, [2015-06-08T12:39:27.348083 #5458]  INFO -- : Completed 200 OK in 3ms (Views: 0.2ms | ActiveRecord: 0.9ms)
I, [2015-06-08T12:39:27.569342 #5445]  INFO -- : Started GET "/folders/6003/items" for 127.0.0.1 at 2015-06-08 12:39:27 +0000
I, [2015-06-08T12:39:27.574767 #5445]  INFO -- : Processing by ItemsController#index as JSON
I, [2015-06-08T12:39:27.574939 #5445]  INFO -- :   Parameters: {"folder_id"=>"6003"}
I, [2015-06-08T12:39:27.666034 #5445]  INFO -- :   Rendered items/index.rabl (86.0ms)
I, [2015-06-08T12:39:27.666400 #5445]  INFO -- : Completed 200 OK in 91ms (Views: 63.7ms | ActiveRecord: 24.5ms)
I, [2015-06-08T12:39:31.383182 #5458]  INFO -- : Started GET "/" for 127.0.0.1 at 2015-06-08 12:39:31 +0000
I, [2015-06-08T12:39:31.388768 #5458]  INFO -- : Processing by TreeController#index as HTML
I, [2015-06-08T12:39:31.394578 #5458]  INFO -- :   Rendered tree/index.html.erb within layouts/pixeladmin (1.9ms)
I, [2015-06-08T12:39:31.397119 #5458]  INFO -- :   Rendered layouts/_main_navbar.html.erb (1.1ms)
I, [2015-06-08T12:39:31.397435 #5458]  INFO -- :   Rendered layouts/_main_menu.html.erb (0.1ms)
I, [2015-06-08T12:39:31.397825 #5458]  INFO -- : Completed 200 OK in 9ms (Views: 5.1ms | ActiveRecord: 1.2ms)
I, [2015-06-08T12:39:33.295532 #5448]  INFO -- : Started GET "/items/tags" for 127.0.0.1 at 2015-06-08 12:39:33 +0000
I, [2015-06-08T12:39:33.299742 #5448]  INFO -- : Processing by ItemsController#tags as JSON
I, [2015-06-08T12:39:33.303795 #5448]  INFO -- : Completed 200 OK in 4ms (Views: 0.4ms | ActiveRecord: 0.9ms)
I, [2015-06-08T12:40:34.621797 #5439]  INFO -- : Started GET "/containers/74" for 127.0.0.1 at 2015-06-08 12:40:34 +0000
I, [2015-06-08T12:40:34.628277 #5439]  INFO -- : Processing by ContainersController#show as */*
I, [2015-06-08T12:40:34.628388 #5439]  INFO -- :   Parameters: {"id"=>"74"}
I, [2015-06-08T12:40:34.675237 #5448]  INFO -- : Started GET "/items/tags" for 127.0.0.1 at 2015-06-08 12:40:34 +0000
I, [2015-06-08T12:40:34.679977 #5419]  INFO -- : Started GET "/containers/74/items" for 127.0.0.1 at 2015-06-08 12:40:34 +0000
I, [2015-06-08T12:40:34.680230 #5448]  INFO -- : Processing by ItemsController#tags as JSON
I, [2015-06-08T12:40:34.684675 #5419]  INFO -- : Processing by ItemsController#root as JSON
I, [2015-06-08T12:40:34.684747 #5419]  INFO -- :   Parameters: {"id"=>"74"}
I, [2015-06-08T12:40:34.688075 #5448]  INFO -- : Completed 200 OK in 8ms (Views: 0.2ms | ActiveRecord: 3.5ms)
I, [2015-06-08T12:40:34.693768 #5419]  INFO -- :   Rendered items/index.rabl (2.3ms)
I, [2015-06-08T12:40:34.694018 #5419]  INFO -- : Completed 200 OK in 9ms (Views: 2.5ms | ActiveRecord: 3.8ms)
I, [2015-06-08T12:40:34.701473 #5439]  INFO -- : Completed 200 OK in 73ms (Views: 0.5ms | ActiveRecord: 23.2ms)
I, [2015-06-08T12:54:05.163668 #5442]  INFO -- : Started GET "/folders/5850" for 127.0.0.1 at 2015-06-08 12:54:05 +0000
I, [2015-06-08T12:54:05.168271 #5442]  INFO -- : Processing by FoldersController#show as */*
I, [2015-06-08T12:54:05.168363 #5442]  INFO -- :   Parameters: {"id"=>"5850"}
I, [2015-06-08T12:54:05.210244 #5458]  INFO -- : Started GET "/items/tags" for 127.0.0.1 at 2015-06-08 12:54:05 +0000
I, [2015-06-08T12:54:05.214344 #5458]  INFO -- : Processing by ItemsController#tags as JSON
I, [2015-06-08T12:54:05.217600 #5458]  INFO -- : Completed 200 OK in 3ms (Views: 0.2ms | ActiveRecord: 0.9ms)
I, [2015-06-08T12:54:05.221849 #5445]  INFO -- : Started GET "/folders/5850/items" for 127.0.0.1 at 2015-06-08 12:54:05 +0000
I, [2015-06-08T12:54:05.226160 #5445]  INFO -- : Processing by ItemsController#index as JSON
I, [2015-06-08T12:54:05.226235 #5445]  INFO -- :   Parameters: {"folder_id"=>"5850"}
I, [2015-06-08T12:54:05.234951 #5445]  INFO -- :   Rendered items/index.rabl (3.1ms)
I, [2015-06-08T12:54:05.235328 #5445]  INFO -- : Completed 200 OK in 9ms (Views: 3.3ms | ActiveRecord: 3.0ms)
I, [2015-06-08T12:54:05.281809 #5442]  INFO -- : Completed 200 OK in 113ms (Views: 0.9ms | ActiveRecord: 44.2ms)
I, [2015-06-08T12:54:08.128726 #5445]  INFO -- : Started GET "/folders/5851" for 127.0.0.1 at 2015-06-08 12:54:08 +0000
I, [2015-06-08T12:54:08.135280 #5445]  INFO -- : Processing by FoldersController#show as */*
I, [2015-06-08T12:54:08.135443 #5445]  INFO -- :   Parameters: {"id"=>"5851"}
I, [2015-06-08T12:54:08.142648 #5445]  INFO -- : Completed 200 OK in 7ms (Views: 0.2ms | ActiveRecord: 1.6ms)
I, [2015-06-08T12:54:08.168329 #5453]  INFO -- : Started GET "/items/tags" for 127.0.0.1 at 2015-06-08 12:54:08 +0000
I, [2015-06-08T12:54:08.173771 #5453]  INFO -- : Processing by ItemsController#tags as JSON
I, [2015-06-08T12:54:08.207843 #5453]  INFO -- : Completed 200 OK in 34ms (Views: 0.6ms | ActiveRecord: 3.6ms)
I, [2015-06-08T12:54:08.211501 #5445]  INFO -- : Started GET "/folders/5851/items" for 127.0.0.1 at 2015-06-08 12:54:08 +0000
I, [2015-06-08T12:54:08.215707 #5445]  INFO -- : Processing by ItemsController#index as JSON
I, [2015-06-08T12:54:08.215798 #5445]  INFO -- :   Parameters: {"folder_id"=>"5851"}
I, [2015-06-08T12:54:08.538756 #5445]  INFO -- :   Rendered items/index.rabl (317.5ms)
I, [2015-06-08T12:54:08.539223 #5445]  INFO -- : Completed 200 OK in 323ms (Views: 258.0ms | ActiveRecord: 62.4ms)
I, [2015-06-08T12:54:14.718019 #5419]  INFO -- : Started GET "/items/tags" for 127.0.0.1 at 2015-06-08 12:54:14 +0000
I, [2015-06-08T12:54:14.723684 #5419]  INFO -- : Processing by ItemsController#tags as JSON
I, [2015-06-08T12:54:14.729278 #5448]  INFO -- : Started GET "/items/search?query=undefined&rating=&tags=" for 127.0.0.1 at 2015-06-08 12:54:14 +0000
I, [2015-06-08T12:54:14.737357 #5448]  INFO -- : Processing by ItemsController#search as JSON
I, [2015-06-08T12:54:14.737503 #5448]  INFO -- :   Parameters: {"query"=>"undefined", "rating"=>"", "tags"=>""}
I, [2015-06-08T12:54:14.740426 #5419]  INFO -- : Completed 200 OK in 16ms (Views: 0.3ms | ActiveRecord: 5.9ms)
I, [2015-06-08T12:54:14.763120 #5448]  INFO -- : Completed 500 Internal Server Error in 25ms
F, [2015-06-08T12:54:14.764780 #5448] FATAL -- : 
Faraday::ConnectionFailed (Connection refused - connect(2) for "192.168.21.10" port 9200):
  app/controllers/items_controller.rb:44:in `search'


I, [2015-06-08T12:54:17.652695 #5422]  INFO -- : Started GET "/items/search?query=undefined&rating=4&tags=" for 127.0.0.1 at 2015-06-08 12:54:17 +0000
I, [2015-06-08T12:54:17.653237 #5439]  INFO -- : Started GET "/items/tags" for 127.0.0.1 at 2015-06-08 12:54:17 +0000
I, [2015-06-08T12:54:17.660052 #5439]  INFO -- : Processing by ItemsController#tags as JSON
I, [2015-06-08T12:54:17.661277 #5422]  INFO -- : Processing by ItemsController#search as JSON
I, [2015-06-08T12:54:17.661376 #5422]  INFO -- :   Parameters: {"query"=>"undefined", "rating"=>"4", "tags"=>""}
I, [2015-06-08T12:54:17.664637 #5439]  INFO -- : Completed 200 OK in 4ms (Views: 0.3ms | ActiveRecord: 1.2ms)
I, [2015-06-08T12:54:17.677738 #5422]  INFO -- : Completed 500 Internal Server Error in 16ms
F, [2015-06-08T12:54:17.680445 #5422] FATAL -- : 
Faraday::ConnectionFailed (Connection refused - connect(2) for "192.168.21.10" port 9200):
  app/controllers/items_controller.rb:44:in `search'


I, [2015-06-08T12:54:20.305757 #5439]  INFO -- : Started GET "/items/tags" for 127.0.0.1 at 2015-06-08 12:54:20 +0000
I, [2015-06-08T12:54:20.311035 #5439]  INFO -- : Processing by ItemsController#tags as JSON
I, [2015-06-08T12:54:20.315249 #5439]  INFO -- : Completed 200 OK in 4ms (Views: 0.3ms | ActiveRecord: 0.9ms)
I, [2015-06-08T12:54:20.319923 #5442]  INFO -- : Started GET "/items/search?query=undefined&rating=5&tags=" for 127.0.0.1 at 2015-06-08 12:54:20 +0000
I, [2015-06-08T12:54:20.324824 #5442]  INFO -- : Processing by ItemsController#search as JSON
I, [2015-06-08T12:54:20.324903 #5442]  INFO -- :   Parameters: {"query"=>"undefined", "rating"=>"5", "tags"=>""}
I, [2015-06-08T12:54:20.337159 #5442]  INFO -- : Completed 500 Internal Server Error in 12ms
F, [2015-06-08T12:54:20.338931 #5442] FATAL -- : 
Faraday::ConnectionFailed (Connection refused - connect(2) for "192.168.21.10" port 9200):
  app/controllers/items_controller.rb:44:in `search'


I, [2015-06-08T12:54:21.678953 #5439]  INFO -- : Started GET "/" for 127.0.0.1 at 2015-06-08 12:54:21 +0000
I, [2015-06-08T12:54:21.685771 #5439]  INFO -- : Processing by TreeController#index as HTML
I, [2015-06-08T12:54:21.700461 #5439]  INFO -- :   Rendered tree/index.html.erb within layouts/pixeladmin (4.8ms)
I, [2015-06-08T12:54:21.708187 #5439]  INFO -- :   Rendered layouts/_main_navbar.html.erb (4.0ms)
I, [2015-06-08T12:54:21.709930 #5439]  INFO -- :   Rendered layouts/_main_menu.html.erb (0.7ms)
I, [2015-06-08T12:54:21.710357 #5439]  INFO -- : Completed 200 OK in 24ms (Views: 19.9ms | ActiveRecord: 1.4ms)
I, [2015-06-08T12:54:23.177621 #5442]  INFO -- : Started GET "/items/tags" for 127.0.0.1 at 2015-06-08 12:54:23 +0000
I, [2015-06-08T12:54:23.182789 #5442]  INFO -- : Processing by ItemsController#tags as JSON
I, [2015-06-08T12:54:23.211784 #5442]  INFO -- : Completed 200 OK in 29ms (Views: 0.5ms | ActiveRecord: 4.3ms)
I, [2015-06-08T12:54:31.646552 #5439]  INFO -- : Started GET "/items/tags" for 127.0.0.1 at 2015-06-08 12:54:31 +0000
I, [2015-06-08T12:54:31.651684 #5439]  INFO -- : Processing by ItemsController#tags as JSON
I, [2015-06-08T12:54:31.656427 #5439]  INFO -- : Completed 200 OK in 5ms (Views: 0.3ms | ActiveRecord: 1.2ms)
I, [2015-06-08T12:54:31.665174 #5448]  INFO -- : Started GET "/items/search?query=&rating=3&tags=" for 127.0.0.1 at 2015-06-08 12:54:31 +0000
I, [2015-06-08T12:54:31.670039 #5448]  INFO -- : Processing by ItemsController#search as JSON
I, [2015-06-08T12:54:31.670134 #5448]  INFO -- :   Parameters: {"query"=>"", "rating"=>"3", "tags"=>""}
I, [2015-06-08T12:54:31.675278 #5448]  INFO -- : Completed 500 Internal Server Error in 5ms
F, [2015-06-08T12:54:31.677626 #5448] FATAL -- : 
Faraday::ConnectionFailed (Connection refused - connect(2) for "192.168.21.10" port 9200):
  app/controllers/items_controller.rb:44:in `search'


I, [2015-06-08T12:54:34.205193 #5458]  INFO -- : Started GET "/" for 127.0.0.1 at 2015-06-08 12:54:34 +0000
I, [2015-06-08T12:54:34.211145 #5458]  INFO -- : Processing by TreeController#index as HTML
I, [2015-06-08T12:54:34.219979 #5458]  INFO -- :   Rendered tree/index.html.erb within layouts/pixeladmin (4.7ms)
I, [2015-06-08T12:54:34.222177 #5458]  INFO -- :   Rendered layouts/_main_navbar.html.erb (1.0ms)
I, [2015-06-08T12:54:34.222490 #5458]  INFO -- :   Rendered layouts/_main_menu.html.erb (0.1ms)
I, [2015-06-08T12:54:34.222761 #5458]  INFO -- : Completed 200 OK in 11ms (Views: 4.8ms | ActiveRecord: 3.9ms)
I, [2015-06-08T12:54:35.709159 #5422]  INFO -- : Started GET "/items/tags" for 127.0.0.1 at 2015-06-08 12:54:35 +0000
I, [2015-06-08T12:54:35.714696 #5422]  INFO -- : Processing by ItemsController#tags as JSON
I, [2015-06-08T12:54:35.720407 #5422]  INFO -- : Completed 200 OK in 6ms (Views: 0.4ms | ActiveRecord: 1.5ms)
I, [2015-06-08T12:54:37.103852 #5419]  INFO -- : Started GET "/containers/74" for 127.0.0.1 at 2015-06-08 12:54:37 +0000
I, [2015-06-08T12:54:37.118061 #5419]  INFO -- : Processing by ContainersController#show as */*
I, [2015-06-08T12:54:37.118225 #5419]  INFO -- :   Parameters: {"id"=>"74"}
I, [2015-06-08T12:54:37.155780 #5422]  INFO -- : Started GET "/items/tags" for 127.0.0.1 at 2015-06-08 12:54:37 +0000
I, [2015-06-08T12:54:37.169184 #5422]  INFO -- : Processing by ItemsController#tags as JSON
I, [2015-06-08T12:54:37.180230 #5422]  INFO -- : Completed 200 OK in 11ms (Views: 0.4ms | ActiveRecord: 6.8ms)
I, [2015-06-08T12:54:37.195625 #5422]  INFO -- : Started GET "/containers/74/items" for 127.0.0.1 at 2015-06-08 12:54:37 +0000
I, [2015-06-08T12:54:37.201394 #5422]  INFO -- : Processing by ItemsController#root as JSON
I, [2015-06-08T12:54:37.201519 #5422]  INFO -- :   Parameters: {"id"=>"74"}
I, [2015-06-08T12:54:37.240081 #5422]  INFO -- :   Rendered items/index.rabl (4.9ms)
I, [2015-06-08T12:54:37.240437 #5422]  INFO -- : Completed 200 OK in 39ms (Views: 17.0ms | ActiveRecord: 6.0ms)
I, [2015-06-08T12:54:37.323418 #5419]  INFO -- : Completed 200 OK in 205ms (Views: 1.1ms | ActiveRecord: 42.0ms)
I, [2015-06-08T12:54:39.071026 #5458]  INFO -- : Started GET "/folders/5850" for 127.0.0.1 at 2015-06-08 12:54:39 +0000
I, [2015-06-08T12:54:39.079064 #5458]  INFO -- : Processing by FoldersController#show as */*
I, [2015-06-08T12:54:39.079242 #5458]  INFO -- :   Parameters: {"id"=>"5850"}
I, [2015-06-08T12:54:39.110795 #5445]  INFO -- : Started GET "/items/tags" for 127.0.0.1 at 2015-06-08 12:54:39 +0000
I, [2015-06-08T12:54:39.117602 #5445]  INFO -- : Processing by ItemsController#tags as JSON
I, [2015-06-08T12:54:39.118648 #5442]  INFO -- : Started GET "/folders/5850/items" for 127.0.0.1 at 2015-06-08 12:54:39 +0000
I, [2015-06-08T12:54:39.129178 #5442]  INFO -- : Processing by ItemsController#index as JSON
I, [2015-06-08T12:54:39.129330 #5442]  INFO -- :   Parameters: {"folder_id"=>"5850"}
I, [2015-06-08T12:54:39.138051 #5445]  INFO -- : Completed 200 OK in 17ms (Views: 0.3ms | ActiveRecord: 9.7ms)
I, [2015-06-08T12:54:39.147946 #5442]  INFO -- :   Rendered items/index.rabl (6.2ms)
I, [2015-06-08T12:54:39.148427 #5442]  INFO -- : Completed 200 OK in 19ms (Views: 3.6ms | ActiveRecord: 10.8ms)
I, [2015-06-08T12:54:39.325523 #5458]  INFO -- : Completed 200 OK in 246ms (Views: 2.0ms | ActiveRecord: 65.7ms)
I, [2015-06-08T12:54:42.701291 #5453]  INFO -- : Started GET "/items/tags" for 127.0.0.1 at 2015-06-08 12:54:42 +0000
I, [2015-06-08T12:54:42.703432 #5422]  INFO -- : Started GET "/items/search?query=undefined&rating=3&tags=" for 127.0.0.1 at 2015-06-08 12:54:42 +0000
I, [2015-06-08T12:54:42.707307 #5453]  INFO -- : Processing by ItemsController#tags as JSON
I, [2015-06-08T12:54:42.713601 #5422]  INFO -- : Processing by ItemsController#search as JSON
I, [2015-06-08T12:54:42.713739 #5422]  INFO -- :   Parameters: {"query"=>"undefined", "rating"=>"3", "tags"=>""}
I, [2015-06-08T12:54:42.720417 #5453]  INFO -- : Completed 200 OK in 13ms (Views: 0.2ms | ActiveRecord: 4.6ms)
I, [2015-06-08T12:54:42.722227 #5422]  INFO -- : Completed 500 Internal Server Error in 8ms
F, [2015-06-08T12:54:42.724144 #5422] FATAL -- : 
Faraday::ConnectionFailed (Connection refused - connect(2) for "192.168.21.10" port 9200):
  app/controllers/items_controller.rb:44:in `search'


I, [2015-06-08T12:54:45.005034 #5419]  INFO -- : Started GET "/" for 127.0.0.1 at 2015-06-08 12:54:45 +0000
I, [2015-06-08T12:54:45.012370 #5419]  INFO -- : Processing by TreeController#index as HTML
I, [2015-06-08T12:54:45.024670 #5419]  INFO -- :   Rendered tree/index.html.erb within layouts/pixeladmin (3.9ms)
I, [2015-06-08T12:54:45.032070 #5419]  INFO -- :   Rendered layouts/_main_navbar.html.erb (3.7ms)
I, [2015-06-08T12:54:45.033417 #5419]  INFO -- :   Rendered layouts/_main_menu.html.erb (0.6ms)
I, [2015-06-08T12:54:45.033891 #5419]  INFO -- : Completed 200 OK in 21ms (Views: 16.8ms | ActiveRecord: 1.7ms)
I, [2015-06-08T12:54:46.168804 #5422]  INFO -- : Started GET "/items/tags" for 127.0.0.1 at 2015-06-08 12:54:46 +0000
I, [2015-06-08T12:54:46.173232 #5422]  INFO -- : Processing by ItemsController#tags as JSON
I, [2015-06-08T12:54:46.182319 #5422]  INFO -- : Completed 200 OK in 9ms (Views: 0.3ms | ActiveRecord: 4.3ms)
I, [2015-06-08T12:59:59.842207 #5448]  INFO -- : Started GET "/" for 127.0.0.1 at 2015-06-08 12:59:59 +0000
I, [2015-06-08T12:59:59.987407 #5442]  INFO -- : Started GET "/users/sign_in" for 127.0.0.1 at 2015-06-08 12:59:59 +0000
I, [2015-06-08T12:59:59.990721 #5442]  INFO -- : Processing by Devise::SessionsController#new as HTML
I, [2015-06-08T13:00:00.031693 #5442]  INFO -- :   Rendered devise/sessions/new.html.erb within layouts/application (22.7ms)
I, [2015-06-08T13:00:00.036039 #5442]  INFO -- :   Rendered layouts/_messages.html.erb (1.1ms)
I, [2015-06-08T13:00:00.039130 #5442]  INFO -- :   Rendered layouts/_navigation_links.html.erb (0.6ms)
I, [2015-06-08T13:00:00.039234 #5442]  INFO -- :   Rendered layouts/_navigation.html.erb (2.5ms)
I, [2015-06-08T13:00:00.039729 #5442]  INFO -- : Completed 200 OK in 49ms (Views: 39.0ms | ActiveRecord: 0.0ms)
I, [2015-06-08T13:03:59.368214 #5439]  INFO -- : Started GET "/" for 127.0.0.1 at 2015-06-08 13:03:59 +0000
I, [2015-06-08T13:03:59.373473 #5439]  INFO -- : Processing by TreeController#index as HTML
I, [2015-06-08T13:03:59.377999 #5439]  INFO -- :   Rendered tree/index.html.erb within layouts/pixeladmin (1.4ms)
I, [2015-06-08T13:03:59.379561 #5439]  INFO -- :   Rendered layouts/_main_navbar.html.erb (0.7ms)
I, [2015-06-08T13:03:59.379765 #5439]  INFO -- :   Rendered layouts/_main_menu.html.erb (0.0ms)
I, [2015-06-08T13:03:59.380022 #5439]  INFO -- : Completed 200 OK in 6ms (Views: 3.2ms | ActiveRecord: 1.1ms)
I, [2015-06-08T13:04:05.409214 #5453]  INFO -- : Started GET "/items/tags" for 127.0.0.1 at 2015-06-08 13:04:05 +0000
I, [2015-06-08T13:04:05.414941 #5453]  INFO -- : Processing by ItemsController#tags as JSON
I, [2015-06-08T13:04:05.418364 #5453]  INFO -- : Completed 200 OK in 3ms (Views: 0.2ms | ActiveRecord: 0.9ms)
I, [2015-06-08T13:14:04.108317 #5458]  INFO -- : Started POST "/%70%68%70%70%61%74%68/%70%68%70?%2D%64+%61%6C%6C%6F%77%5F%75%72%6C%5F%69%6E%63%6C%75%64%65%3D%6F%6E+%2D%64+%73%61%66%65%5F%6D%6F%64%65%3D%6F%66%66+%2D%64+%73%75%68%6F%73%69%6E%2E%73%69%6D%75%6C%61%74%69%6F%6E%3D%6F%6E+%2D%64+%64%69%73%61%62%6C%65%5F%66%75%6E%63%74%69%6F%6E%73%3D%22%22+%2D%64+%6F%70%65%6E%5F%62%61%73%65%64%69%72%3D%6E%6F%6E%65+%2D%64+%61%75%74%6F%5F%70%72%65%70%65%6E%64%5F%66%69%6C%65%3D%70%68%70%3A%2F%2F%69%6E%70%75%74+%2D%6E" for 127.0.0.1 at 2015-06-08 13:14:04 +0000
F, [2015-06-08T13:14:04.110572 #5458] FATAL -- : 
ActionController::RoutingError (No route matches [POST] "/%70%68%70%70%61%74%68/%70%68%70"):
  actionpack (4.2.0) lib/action_dispatch/middleware/debug_exceptions.rb:21:in `call'
  actionpack (4.2.0) lib/action_dispatch/middleware/show_exceptions.rb:30:in `call'
  railties (4.2.0) lib/rails/rack/logger.rb:38:in `call_app'
  railties (4.2.0) lib/rails/rack/logger.rb:20:in `block in call'
  activesupport (4.2.0) lib/active_support/tagged_logging.rb:68:in `block in tagged'
  activesupport (4.2.0) lib/active_support/tagged_logging.rb:26:in `tagged'
  activesupport (4.2.0) lib/active_support/tagged_logging.rb:68:in `tagged'
  railties (4.2.0) lib/rails/rack/logger.rb:20:in `call'
  actionpack (4.2.0) lib/action_dispatch/middleware/request_id.rb:21:in `call'
  rack (1.6.0) lib/rack/methodoverride.rb:22:in `call'
  rack (1.6.0) lib/rack/runtime.rb:18:in `call'
  activesupport (4.2.0) lib/active_support/cache/strategy/local_cache_middleware.rb:28:in `call'
  rack (1.6.0) lib/rack/sendfile.rb:113:in `call'
  railties (4.2.0) lib/rails/engine.rb:518:in `call'
  railties (4.2.0) lib/rails/application.rb:164:in `call'
  unicorn (4.8.3) lib/unicorn/http_server.rb:576:in `process_client'
  unicorn (4.8.3) lib/unicorn/http_server.rb:670:in `worker_loop'
  unicorn (4.8.3) lib/unicorn/http_server.rb:525:in `spawn_missing_workers'
  unicorn (4.8.3) lib/unicorn/http_server.rb:140:in `start'
  unicorn (4.8.3) bin/unicorn:126:in `<top (required)>'
  /home/web/swift-explorer/shared/bundle/ruby/2.1.0/bin/unicorn:23:in `load'
  /home/web/swift-explorer/shared/bundle/ruby/2.1.0/bin/unicorn:23:in `<main>'


I, [2015-06-08T16:04:05.817337 #5442]  INFO -- : Started GET "/phpMyAdmin/scripts/setup.php" for 127.0.0.1 at 2015-06-08 16:04:05 +0000
F, [2015-06-08T16:04:05.819819 #5442] FATAL -- : 
ActionController::RoutingError (No route matches [GET] "/phpMyAdmin/scripts/setup.php"):
  actionpack (4.2.0) lib/action_dispatch/middleware/debug_exceptions.rb:21:in `call'
  actionpack (4.2.0) lib/action_dispatch/middleware/show_exceptions.rb:30:in `call'
  railties (4.2.0) lib/rails/rack/logger.rb:38:in `call_app'
  railties (4.2.0) lib/rails/rack/logger.rb:20:in `block in call'
  activesupport (4.2.0) lib/active_support/tagged_logging.rb:68:in `block in tagged'
  activesupport (4.2.0) lib/active_support/tagged_logging.rb:26:in `tagged'
  activesupport (4.2.0) lib/active_support/tagged_logging.rb:68:in `tagged'
  railties (4.2.0) lib/rails/rack/logger.rb:20:in `call'
  actionpack (4.2.0) lib/action_dispatch/middleware/request_id.rb:21:in `call'
  rack (1.6.0) lib/rack/methodoverride.rb:22:in `call'
  rack (1.6.0) lib/rack/runtime.rb:18:in `call'
  activesupport (4.2.0) lib/active_support/cache/strategy/local_cache_middleware.rb:28:in `call'
  rack (1.6.0) lib/rack/sendfile.rb:113:in `call'
  railties (4.2.0) lib/rails/engine.rb:518:in `call'
  railties (4.2.0) lib/rails/application.rb:164:in `call'
  unicorn (4.8.3) lib/unicorn/http_server.rb:576:in `process_client'
  unicorn (4.8.3) lib/unicorn/http_server.rb:670:in `worker_loop'
  unicorn (4.8.3) lib/unicorn/http_server.rb:525:in `spawn_missing_workers'
  unicorn (4.8.3) lib/unicorn/http_server.rb:140:in `start'
  unicorn (4.8.3) bin/unicorn:126:in `<top (required)>'
  /home/web/swift-explorer/shared/bundle/ruby/2.1.0/bin/unicorn:23:in `load'
  /home/web/swift-explorer/shared/bundle/ruby/2.1.0/bin/unicorn:23:in `<main>'


I, [2015-06-08T16:04:06.871390 #5419]  INFO -- : Started GET "/pma/scripts/setup.php" for 127.0.0.1 at 2015-06-08 16:04:06 +0000
F, [2015-06-08T16:04:06.874361 #5419] FATAL -- : 
ActionController::RoutingError (No route matches [GET] "/pma/scripts/setup.php"):
  actionpack (4.2.0) lib/action_dispatch/middleware/debug_exceptions.rb:21:in `call'
  actionpack (4.2.0) lib/action_dispatch/middleware/show_exceptions.rb:30:in `call'
  railties (4.2.0) lib/rails/rack/logger.rb:38:in `call_app'
  railties (4.2.0) lib/rails/rack/logger.rb:20:in `block in call'
  activesupport (4.2.0) lib/active_support/tagged_logging.rb:68:in `block in tagged'
  activesupport (4.2.0) lib/active_support/tagged_logging.rb:26:in `tagged'
  activesupport (4.2.0) lib/active_support/tagged_logging.rb:68:in `tagged'
  railties (4.2.0) lib/rails/rack/logger.rb:20:in `call'
  actionpack (4.2.0) lib/action_dispatch/middleware/request_id.rb:21:in `call'
  rack (1.6.0) lib/rack/methodoverride.rb:22:in `call'
  rack (1.6.0) lib/rack/runtime.rb:18:in `call'
  activesupport (4.2.0) lib/active_support/cache/strategy/local_cache_middleware.rb:28:in `call'
  rack (1.6.0) lib/rack/sendfile.rb:113:in `call'
  railties (4.2.0) lib/rails/engine.rb:518:in `call'
  railties (4.2.0) lib/rails/application.rb:164:in `call'
  unicorn (4.8.3) lib/unicorn/http_server.rb:576:in `process_client'
  unicorn (4.8.3) lib/unicorn/http_server.rb:670:in `worker_loop'
  unicorn (4.8.3) lib/unicorn/http_server.rb:525:in `spawn_missing_workers'
  unicorn (4.8.3) lib/unicorn/http_server.rb:140:in `start'
  unicorn (4.8.3) bin/unicorn:126:in `<top (required)>'
  /home/web/swift-explorer/shared/bundle/ruby/2.1.0/bin/unicorn:23:in `load'
  /home/web/swift-explorer/shared/bundle/ruby/2.1.0/bin/unicorn:23:in `<main>'


I, [2015-06-08T16:04:07.944846 #5422]  INFO -- : Started GET "/myadmin/scripts/setup.php" for 127.0.0.1 at 2015-06-08 16:04:07 +0000
F, [2015-06-08T16:04:07.947557 #5422] FATAL -- : 
ActionController::RoutingError (No route matches [GET] "/myadmin/scripts/setup.php"):
  actionpack (4.2.0) lib/action_dispatch/middleware/debug_exceptions.rb:21:in `call'
  actionpack (4.2.0) lib/action_dispatch/middleware/show_exceptions.rb:30:in `call'
  railties (4.2.0) lib/rails/rack/logger.rb:38:in `call_app'
  railties (4.2.0) lib/rails/rack/logger.rb:20:in `block in call'
  activesupport (4.2.0) lib/active_support/tagged_logging.rb:68:in `block in tagged'
  activesupport (4.2.0) lib/active_support/tagged_logging.rb:26:in `tagged'
  activesupport (4.2.0) lib/active_support/tagged_logging.rb:68:in `tagged'
  railties (4.2.0) lib/rails/rack/logger.rb:20:in `call'
  actionpack (4.2.0) lib/action_dispatch/middleware/request_id.rb:21:in `call'
  rack (1.6.0) lib/rack/methodoverride.rb:22:in `call'
  rack (1.6.0) lib/rack/runtime.rb:18:in `call'
  activesupport (4.2.0) lib/active_support/cache/strategy/local_cache_middleware.rb:28:in `call'
  rack (1.6.0) lib/rack/sendfile.rb:113:in `call'
  railties (4.2.0) lib/rails/engine.rb:518:in `call'
  railties (4.2.0) lib/rails/application.rb:164:in `call'
  unicorn (4.8.3) lib/unicorn/http_server.rb:576:in `process_client'
  unicorn (4.8.3) lib/unicorn/http_server.rb:670:in `worker_loop'
  unicorn (4.8.3) lib/unicorn/http_server.rb:525:in `spawn_missing_workers'
  unicorn (4.8.3) lib/unicorn/http_server.rb:140:in `start'
  unicorn (4.8.3) bin/unicorn:126:in `<top (required)>'
  /home/web/swift-explorer/shared/bundle/ruby/2.1.0/bin/unicorn:23:in `load'
  /home/web/swift-explorer/shared/bundle/ruby/2.1.0/bin/unicorn:23:in `<main>'


I, [2015-06-08T18:32:17.130388 #5448]  INFO -- : Started GET "/" for 127.0.0.1 at 2015-06-08 18:32:17 +0000
I, [2015-06-08T20:16:06.788738 #5442]  INFO -- : Started GET "/" for 127.0.0.1 at 2015-06-08 20:16:06 +0000
I, [2015-06-08T20:16:07.017494 #5439]  INFO -- : Started GET "/users/sign_in" for 127.0.0.1 at 2015-06-08 20:16:07 +0000
I, [2015-06-08T20:16:07.021561 #5439]  INFO -- : Processing by Devise::SessionsController#new as HTML
I, [2015-06-08T20:16:07.054987 #5439]  INFO -- :   Rendered devise/sessions/new.html.erb within layouts/application (21.4ms)
I, [2015-06-08T20:16:07.057704 #5439]  INFO -- :   Rendered layouts/_messages.html.erb (0.6ms)
I, [2015-06-08T20:16:07.060429 #5439]  INFO -- :   Rendered layouts/_navigation_links.html.erb (0.5ms)
I, [2015-06-08T20:16:07.060519 #5439]  INFO -- :   Rendered layouts/_navigation.html.erb (2.3ms)
I, [2015-06-08T20:16:07.060833 #5439]  INFO -- : Completed 200 OK in 39ms (Views: 35.7ms | ActiveRecord: 0.0ms)
I, [2015-06-08T20:16:11.986055 #5442]  INFO -- : Started POST "/users/sign_in" for 127.0.0.1 at 2015-06-08 20:16:11 +0000
I, [2015-06-08T20:16:11.988587 #5442]  INFO -- : Processing by Devise::SessionsController#create as HTML
I, [2015-06-08T20:16:11.988698 #5442]  INFO -- :   Parameters: {"utf8"=>"✓", "authenticity_token"=>"ZRPdoCF4N5d72MESATF6OPsfh8I1mwd1Es5WZVhj+Dvx+qB9hwMP5wj6vHi2mEU8i5hdMvbDVegJVUyX/Hvaag==", "user"=>{"email"=>"rubenscetbon@yahoo.fr", "password"=>"[FILTERED]", "remember_me"=>"0"}, "commit"=>"Sign in"}
I, [2015-06-08T20:16:11.993676 #5442]  INFO -- : Completed 401 Unauthorized in 5ms
I, [2015-06-08T20:16:11.996060 #5442]  INFO -- : Processing by Devise::SessionsController#new as HTML
I, [2015-06-08T20:16:11.996161 #5442]  INFO -- :   Parameters: {"utf8"=>"✓", "authenticity_token"=>"ZRPdoCF4N5d72MESATF6OPsfh8I1mwd1Es5WZVhj+Dvx+qB9hwMP5wj6vHi2mEU8i5hdMvbDVegJVUyX/Hvaag==", "user"=>{"email"=>"rubenscetbon@yahoo.fr", "password"=>"[FILTERED]", "remember_me"=>"0"}, "commit"=>"Sign in"}
I, [2015-06-08T20:16:12.115281 #5442]  INFO -- :   Rendered devise/sessions/new.html.erb within layouts/application (17.3ms)
I, [2015-06-08T20:16:12.116296 #5442]  INFO -- :   Rendered layouts/_messages.html.erb (0.2ms)
I, [2015-06-08T20:16:12.116925 #5442]  INFO -- :   Rendered layouts/_navigation_links.html.erb (0.1ms)
I, [2015-06-08T20:16:12.117042 #5442]  INFO -- :   Rendered layouts/_navigation.html.erb (0.6ms)
I, [2015-06-08T20:16:12.117665 #5442]  INFO -- : Completed 200 OK in 121ms (Views: 20.3ms | ActiveRecord: 0.0ms)
I, [2015-06-08T20:16:18.807041 #5448]  INFO -- : Started POST "/users/sign_in" for 127.0.0.1 at 2015-06-08 20:16:18 +0000
I, [2015-06-08T20:16:18.809232 #5448]  INFO -- : Processing by Devise::SessionsController#create as HTML
I, [2015-06-08T20:16:18.809338 #5448]  INFO -- :   Parameters: {"utf8"=>"✓", "authenticity_token"=>"VzDAsQ1TtshhQa9nM9HOPX820mc7M9Vw+AsYlf7nvFbD2b1sqyiOuBJj0g2EePE5D7EIl/hrh+3jkAJnWv+eBw==", "user"=>{"email"=>"admin@cloudmyart.com", "password"=>"[FILTERED]", "remember_me"=>"0"}, "commit"=>"Sign in"}
I, [2015-06-08T20:16:18.917604 #5448]  INFO -- : Redirected to http://185.17.187.60/
I, [2015-06-08T20:16:18.917793 #5448]  INFO -- : Completed 302 Found in 108ms (ActiveRecord: 5.3ms)
I, [2015-06-08T20:16:18.974083 #5453]  INFO -- : Started GET "/" for 127.0.0.1 at 2015-06-08 20:16:18 +0000
I, [2015-06-08T20:16:18.979858 #5453]  INFO -- : Processing by Admin::UsersController#index as HTML
I, [2015-06-08T20:16:18.990274 #5453]  INFO -- :   Rendered admin/users/_sub_nav.html.erb (1.4ms)
I, [2015-06-08T20:16:19.043791 #5453]  INFO -- :   Rendered admin/users/index.html.erb within layouts/application (57.0ms)
I, [2015-06-08T20:16:19.046779 #5453]  INFO -- :   Rendered layouts/_messages.html.erb (0.8ms)
I, [2015-06-08T20:16:19.049711 #5453]  INFO -- :   Rendered layouts/_navigation_links.html.erb (0.8ms)
I, [2015-06-08T20:16:19.049804 #5453]  INFO -- :   Rendered layouts/_navigation.html.erb (2.4ms)
I, [2015-06-08T20:16:19.050162 #5453]  INFO -- : Completed 200 OK in 70ms (Views: 65.1ms | ActiveRecord: 4.1ms)
I, [2015-06-08T20:16:37.046292 #5422]  INFO -- : Started POST "/users/sign_in" for 127.0.0.1 at 2015-06-08 20:16:37 +0000
I, [2015-06-08T20:16:37.052166 #5422]  INFO -- : Processing by Devise::SessionsController#create as HTML
I, [2015-06-08T20:16:37.052373 #5422]  INFO -- :   Parameters: {"utf8"=>"✓", "authenticity_token"=>"VzDAsQ1TtshhQa9nM9HOPX820mc7M9Vw+AsYlf7nvFbD2b1sqyiOuBJj0g2EePE5D7EIl/hrh+3jkAJnWv+eBw==", "user"=>{"email"=>"rubenscetbon@jr.com", "password"=>"[FILTERED]", "remember_me"=>"0"}, "commit"=>"Sign in"}
I, [2015-06-08T20:16:37.076782 #5422]  INFO -- : Redirected to http://185.17.187.60/
I, [2015-06-08T20:16:37.076966 #5422]  INFO -- : Filter chain halted as :require_no_authentication rendered or redirected
I, [2015-06-08T20:16:37.077149 #5422]  INFO -- : Completed 302 Found in 25ms (ActiveRecord: 0.9ms)
I, [2015-06-08T20:16:37.222928 #5442]  INFO -- : Started GET "/" for 127.0.0.1 at 2015-06-08 20:16:37 +0000
I, [2015-06-08T20:16:37.231005 #5442]  INFO -- : Processing by Admin::UsersController#index as HTML
I, [2015-06-08T20:16:37.244276 #5442]  INFO -- :   Rendered admin/users/_sub_nav.html.erb (1.7ms)
I, [2015-06-08T20:16:37.265556 #5442]  INFO -- :   Rendered admin/users/index.html.erb within layouts/application (24.7ms)
I, [2015-06-08T20:16:37.266721 #5442]  INFO -- :   Rendered layouts/_messages.html.erb (0.2ms)
I, [2015-06-08T20:16:37.267784 #5442]  INFO -- :   Rendered layouts/_navigation_links.html.erb (0.3ms)
I, [2015-06-08T20:16:37.267884 #5442]  INFO -- :   Rendered layouts/_navigation.html.erb (0.9ms)
I, [2015-06-08T20:16:37.268192 #5442]  INFO -- : Completed 200 OK in 37ms (Views: 32.2ms | ActiveRecord: 3.0ms)
I, [2015-06-08T20:16:50.255333 #5439]  INFO -- : Started DELETE "/users/sign_out" for 127.0.0.1 at 2015-06-08 20:16:50 +0000
I, [2015-06-08T20:16:50.257667 #5439]  INFO -- : Processing by Devise::SessionsController#destroy as HTML
I, [2015-06-08T20:16:50.257727 #5439]  INFO -- :   Parameters: {"authenticity_token"=>"QKxnYcdbebzkdZvMvzvYSBnWR0hh8Aao1GsgdTUw1qEyOjVctfzhlkVGYULWwAJrl+PfLjCQ0ZF3YXsXjWyL5w=="}
I, [2015-06-08T20:16:50.309272 #5439]  INFO -- : Redirected to http://185.17.187.60/
I, [2015-06-08T20:16:50.309558 #5439]  INFO -- : Completed 302 Found in 52ms (ActiveRecord: 5.6ms)
I, [2015-06-08T20:16:50.329072 #5445]  INFO -- : Started GET "/" for 127.0.0.1 at 2015-06-08 20:16:50 +0000
I, [2015-06-08T20:16:50.351603 #5419]  INFO -- : Started GET "/users/sign_in" for 127.0.0.1 at 2015-06-08 20:16:50 +0000
I, [2015-06-08T20:16:50.355177 #5419]  INFO -- : Processing by Devise::SessionsController#new as HTML
I, [2015-06-08T20:16:50.397153 #5419]  INFO -- :   Rendered devise/sessions/new.html.erb within layouts/application (26.6ms)
I, [2015-06-08T20:16:50.400214 #5419]  INFO -- :   Rendered layouts/_messages.html.erb (0.7ms)
I, [2015-06-08T20:16:50.402839 #5419]  INFO -- :   Rendered layouts/_navigation_links.html.erb (0.6ms)
I, [2015-06-08T20:16:50.402953 #5419]  INFO -- :   Rendered layouts/_navigation.html.erb (2.2ms)
I, [2015-06-08T20:16:50.403299 #5419]  INFO -- : Completed 200 OK in 48ms (Views: 40.4ms | ActiveRecord: 0.0ms)
I, [2015-06-08T20:16:55.462099 #5422]  INFO -- : Started POST "/users/sign_in" for 127.0.0.1 at 2015-06-08 20:16:55 +0000
I, [2015-06-08T20:16:55.465300 #5422]  INFO -- : Processing by Devise::SessionsController#create as HTML
I, [2015-06-08T20:16:55.465408 #5422]  INFO -- :   Parameters: {"utf8"=>"✓", "authenticity_token"=>"OSKueFnmbGfE961NOYKdTL9dHcj0vyWANHxcq5GYMxvORW80uZONDuVYllp1hiWzGD888vkfHLFftqTYX01eEQ==", "user"=>{"email"=>"rubenscetbon@gmail.com", "password"=>"[FILTERED]", "remember_me"=>"0"}, "commit"=>"Sign in"}
I, [2015-06-08T20:16:55.476466 #5422]  INFO -- : Completed 401 Unauthorized in 11ms
I, [2015-06-08T20:16:55.478823 #5422]  INFO -- : Processing by Devise::SessionsController#new as HTML
I, [2015-06-08T20:16:55.478963 #5422]  INFO -- :   Parameters: {"utf8"=>"✓", "authenticity_token"=>"OSKueFnmbGfE961NOYKdTL9dHcj0vyWANHxcq5GYMxvORW80uZONDuVYllp1hiWzGD888vkfHLFftqTYX01eEQ==", "user"=>{"email"=>"rubenscetbon@gmail.com", "password"=>"[FILTERED]", "remember_me"=>"0"}, "commit"=>"Sign in"}
