  unicorn (4.8.3) lib/unicorn/http_server.rb:576:in `process_client'
  unicorn (4.8.3) lib/unicorn/http_server.rb:670:in `worker_loop'
  unicorn (4.8.3) lib/unicorn/http_server.rb:525:in `spawn_missing_workers'
  unicorn (4.8.3) lib/unicorn/http_server.rb:140:in `start'
  unicorn (4.8.3) bin/unicorn:126:in `<top (required)>'
  /home/web/swift-explorer/shared/bundle/ruby/2.1.0/bin/unicorn:23:in `load'
  /home/web/swift-explorer/shared/bundle/ruby/2.1.0/bin/unicorn:23:in `<main>'


I, [2015-06-10T01:18:19.028650 #10040]  INFO -- : Started GET "//phpmyadmin/scripts/setup.php" for 127.0.0.1 at 2015-06-10 01:18:19 +0000
F, [2015-06-10T01:18:19.032105 #10040] FATAL -- : 
ActionController::RoutingError (No route matches [GET] "/phpmyadmin/scripts/setup.php"):
  actionpack (4.2.0) lib/action_dispatch/middleware/debug_exceptions.rb:21:in `call'
  actionpack (4.2.0) lib/action_dispatch/middleware/show_exceptions.rb:30:in `call'
  railties (4.2.0) lib/rails/rack/logger.rb:38:in `call_app'
  railties (4.2.0) lib/rails/rack/logger.rb:20:in `block in call'
  activesupport (4.2.0) lib/active_support/tagged_logging.rb:68:in `block in tagged'
  activesupport (4.2.0) lib/active_support/tagged_logging.rb:26:in `tagged'
  activesupport (4.2.0) lib/active_support/tagged_logging.rb:68:in `tagged'
  railties (4.2.0) lib/rails/rack/logger.rb:20:in `call'
  actionpack (4.2.0) lib/action_dispatch/middleware/request_id.rb:21:in `call'
  rack (1.6.0) lib/rack/methodoverride.rb:22:in `call'
  rack (1.6.0) lib/rack/runtime.rb:18:in `call'
  activesupport (4.2.0) lib/active_support/cache/strategy/local_cache_middleware.rb:28:in `call'
  rack (1.6.0) lib/rack/sendfile.rb:113:in `call'
  railties (4.2.0) lib/rails/engine.rb:518:in `call'
  railties (4.2.0) lib/rails/application.rb:164:in `call'
  unicorn (4.8.3) lib/unicorn/http_server.rb:576:in `process_client'
  unicorn (4.8.3) lib/unicorn/http_server.rb:670:in `worker_loop'
  unicorn (4.8.3) lib/unicorn/http_server.rb:525:in `spawn_missing_workers'
  unicorn (4.8.3) lib/unicorn/http_server.rb:536:in `maintain_worker_count'
  unicorn (4.8.3) lib/unicorn/http_server.rb:294:in `join'
  unicorn (4.8.3) bin/unicorn:126:in `<top (required)>'
  /home/web/swift-explorer/shared/bundle/ruby/2.1.0/bin/unicorn:23:in `load'
  /home/web/swift-explorer/shared/bundle/ruby/2.1.0/bin/unicorn:23:in `<main>'


I, [2015-06-10T01:18:21.989457 #5458]  INFO -- : Started GET "//pma/scripts/setup.php" for 127.0.0.1 at 2015-06-10 01:18:21 +0000
F, [2015-06-10T01:18:21.992268 #5458] FATAL -- : 
ActionController::RoutingError (No route matches [GET] "/pma/scripts/setup.php"):
  actionpack (4.2.0) lib/action_dispatch/middleware/debug_exceptions.rb:21:in `call'
  actionpack (4.2.0) lib/action_dispatch/middleware/show_exceptions.rb:30:in `call'
  railties (4.2.0) lib/rails/rack/logger.rb:38:in `call_app'
  railties (4.2.0) lib/rails/rack/logger.rb:20:in `block in call'
  activesupport (4.2.0) lib/active_support/tagged_logging.rb:68:in `block in tagged'
  activesupport (4.2.0) lib/active_support/tagged_logging.rb:26:in `tagged'
  activesupport (4.2.0) lib/active_support/tagged_logging.rb:68:in `tagged'
  railties (4.2.0) lib/rails/rack/logger.rb:20:in `call'
  actionpack (4.2.0) lib/action_dispatch/middleware/request_id.rb:21:in `call'
  rack (1.6.0) lib/rack/methodoverride.rb:22:in `call'
  rack (1.6.0) lib/rack/runtime.rb:18:in `call'
  activesupport (4.2.0) lib/active_support/cache/strategy/local_cache_middleware.rb:28:in `call'
  rack (1.6.0) lib/rack/sendfile.rb:113:in `call'
  railties (4.2.0) lib/rails/engine.rb:518:in `call'
  railties (4.2.0) lib/rails/application.rb:164:in `call'
  unicorn (4.8.3) lib/unicorn/http_server.rb:576:in `process_client'
  unicorn (4.8.3) lib/unicorn/http_server.rb:670:in `worker_loop'
  unicorn (4.8.3) lib/unicorn/http_server.rb:525:in `spawn_missing_workers'
  unicorn (4.8.3) lib/unicorn/http_server.rb:140:in `start'
  unicorn (4.8.3) bin/unicorn:126:in `<top (required)>'
  /home/web/swift-explorer/shared/bundle/ruby/2.1.0/bin/unicorn:23:in `load'
  /home/web/swift-explorer/shared/bundle/ruby/2.1.0/bin/unicorn:23:in `<main>'


I, [2015-06-10T01:18:23.448141 #5453]  INFO -- : Started GET "//myadmin/scripts/setup.php" for 127.0.0.1 at 2015-06-10 01:18:23 +0000
F, [2015-06-10T01:18:23.450741 #5453] FATAL -- : 
ActionController::RoutingError (No route matches [GET] "/myadmin/scripts/setup.php"):
  actionpack (4.2.0) lib/action_dispatch/middleware/debug_exceptions.rb:21:in `call'
  actionpack (4.2.0) lib/action_dispatch/middleware/show_exceptions.rb:30:in `call'
  railties (4.2.0) lib/rails/rack/logger.rb:38:in `call_app'
  railties (4.2.0) lib/rails/rack/logger.rb:20:in `block in call'
  activesupport (4.2.0) lib/active_support/tagged_logging.rb:68:in `block in tagged'
  activesupport (4.2.0) lib/active_support/tagged_logging.rb:26:in `tagged'
  activesupport (4.2.0) lib/active_support/tagged_logging.rb:68:in `tagged'
  railties (4.2.0) lib/rails/rack/logger.rb:20:in `call'
  actionpack (4.2.0) lib/action_dispatch/middleware/request_id.rb:21:in `call'
  rack (1.6.0) lib/rack/methodoverride.rb:22:in `call'
  rack (1.6.0) lib/rack/runtime.rb:18:in `call'
  activesupport (4.2.0) lib/active_support/cache/strategy/local_cache_middleware.rb:28:in `call'
  rack (1.6.0) lib/rack/sendfile.rb:113:in `call'
  railties (4.2.0) lib/rails/engine.rb:518:in `call'
  railties (4.2.0) lib/rails/application.rb:164:in `call'
  unicorn (4.8.3) lib/unicorn/http_server.rb:576:in `process_client'
  unicorn (4.8.3) lib/unicorn/http_server.rb:670:in `worker_loop'
  unicorn (4.8.3) lib/unicorn/http_server.rb:525:in `spawn_missing_workers'
  unicorn (4.8.3) lib/unicorn/http_server.rb:140:in `start'
  unicorn (4.8.3) bin/unicorn:126:in `<top (required)>'
  /home/web/swift-explorer/shared/bundle/ruby/2.1.0/bin/unicorn:23:in `load'
  /home/web/swift-explorer/shared/bundle/ruby/2.1.0/bin/unicorn:23:in `<main>'


I, [2015-06-10T01:18:23.916933 #10034]  INFO -- : Started GET "//MyAdmin/scripts/setup.php" for 127.0.0.1 at 2015-06-10 01:18:23 +0000
F, [2015-06-10T01:18:23.919410 #10034] FATAL -- : 
ActionController::RoutingError (No route matches [GET] "/MyAdmin/scripts/setup.php"):
  actionpack (4.2.0) lib/action_dispatch/middleware/debug_exceptions.rb:21:in `call'
  actionpack (4.2.0) lib/action_dispatch/middleware/show_exceptions.rb:30:in `call'
  railties (4.2.0) lib/rails/rack/logger.rb:38:in `call_app'
  railties (4.2.0) lib/rails/rack/logger.rb:20:in `block in call'
  activesupport (4.2.0) lib/active_support/tagged_logging.rb:68:in `block in tagged'
  activesupport (4.2.0) lib/active_support/tagged_logging.rb:26:in `tagged'
  activesupport (4.2.0) lib/active_support/tagged_logging.rb:68:in `tagged'
  railties (4.2.0) lib/rails/rack/logger.rb:20:in `call'
  actionpack (4.2.0) lib/action_dispatch/middleware/request_id.rb:21:in `call'
  rack (1.6.0) lib/rack/methodoverride.rb:22:in `call'
  rack (1.6.0) lib/rack/runtime.rb:18:in `call'
  activesupport (4.2.0) lib/active_support/cache/strategy/local_cache_middleware.rb:28:in `call'
  rack (1.6.0) lib/rack/sendfile.rb:113:in `call'
  railties (4.2.0) lib/rails/engine.rb:518:in `call'
  railties (4.2.0) lib/rails/application.rb:164:in `call'
  unicorn (4.8.3) lib/unicorn/http_server.rb:576:in `process_client'
  unicorn (4.8.3) lib/unicorn/http_server.rb:670:in `worker_loop'
  unicorn (4.8.3) lib/unicorn/http_server.rb:525:in `spawn_missing_workers'
  unicorn (4.8.3) lib/unicorn/http_server.rb:536:in `maintain_worker_count'
  unicorn (4.8.3) lib/unicorn/http_server.rb:294:in `join'
  unicorn (4.8.3) bin/unicorn:126:in `<top (required)>'
  /home/web/swift-explorer/shared/bundle/ruby/2.1.0/bin/unicorn:23:in `load'
  /home/web/swift-explorer/shared/bundle/ruby/2.1.0/bin/unicorn:23:in `<main>'


I, [2015-06-10T01:18:25.392367 #5458]  INFO -- : Started GET "//db/scripts/setup.php" for 127.0.0.1 at 2015-06-10 01:18:25 +0000
F, [2015-06-10T01:18:25.394425 #5458] FATAL -- : 
ActionController::RoutingError (No route matches [GET] "/db/scripts/setup.php"):
  actionpack (4.2.0) lib/action_dispatch/middleware/debug_exceptions.rb:21:in `call'
  actionpack (4.2.0) lib/action_dispatch/middleware/show_exceptions.rb:30:in `call'
  railties (4.2.0) lib/rails/rack/logger.rb:38:in `call_app'
  railties (4.2.0) lib/rails/rack/logger.rb:20:in `block in call'
  activesupport (4.2.0) lib/active_support/tagged_logging.rb:68:in `block in tagged'
  activesupport (4.2.0) lib/active_support/tagged_logging.rb:26:in `tagged'
  activesupport (4.2.0) lib/active_support/tagged_logging.rb:68:in `tagged'
  railties (4.2.0) lib/rails/rack/logger.rb:20:in `call'
  actionpack (4.2.0) lib/action_dispatch/middleware/request_id.rb:21:in `call'
  rack (1.6.0) lib/rack/methodoverride.rb:22:in `call'
  rack (1.6.0) lib/rack/runtime.rb:18:in `call'
  activesupport (4.2.0) lib/active_support/cache/strategy/local_cache_middleware.rb:28:in `call'
  rack (1.6.0) lib/rack/sendfile.rb:113:in `call'
  railties (4.2.0) lib/rails/engine.rb:518:in `call'
  railties (4.2.0) lib/rails/application.rb:164:in `call'
  unicorn (4.8.3) lib/unicorn/http_server.rb:576:in `process_client'
  unicorn (4.8.3) lib/unicorn/http_server.rb:670:in `worker_loop'
  unicorn (4.8.3) lib/unicorn/http_server.rb:525:in `spawn_missing_workers'
  unicorn (4.8.3) lib/unicorn/http_server.rb:140:in `start'
  unicorn (4.8.3) bin/unicorn:126:in `<top (required)>'
  /home/web/swift-explorer/shared/bundle/ruby/2.1.0/bin/unicorn:23:in `load'
  /home/web/swift-explorer/shared/bundle/ruby/2.1.0/bin/unicorn:23:in `<main>'


I, [2015-06-10T01:18:25.856360 #10034]  INFO -- : Started GET "//admin/scripts/setup.php" for 127.0.0.1 at 2015-06-10 01:18:25 +0000
F, [2015-06-10T01:18:25.858976 #10034] FATAL -- : 
ActionController::RoutingError (No route matches [GET] "/admin/scripts/setup.php"):
  actionpack (4.2.0) lib/action_dispatch/middleware/debug_exceptions.rb:21:in `call'
  actionpack (4.2.0) lib/action_dispatch/middleware/show_exceptions.rb:30:in `call'
  railties (4.2.0) lib/rails/rack/logger.rb:38:in `call_app'
  railties (4.2.0) lib/rails/rack/logger.rb:20:in `block in call'
  activesupport (4.2.0) lib/active_support/tagged_logging.rb:68:in `block in tagged'
  activesupport (4.2.0) lib/active_support/tagged_logging.rb:26:in `tagged'
  activesupport (4.2.0) lib/active_support/tagged_logging.rb:68:in `tagged'
  railties (4.2.0) lib/rails/rack/logger.rb:20:in `call'
  actionpack (4.2.0) lib/action_dispatch/middleware/request_id.rb:21:in `call'
  rack (1.6.0) lib/rack/methodoverride.rb:22:in `call'
  rack (1.6.0) lib/rack/runtime.rb:18:in `call'
  activesupport (4.2.0) lib/active_support/cache/strategy/local_cache_middleware.rb:28:in `call'
  rack (1.6.0) lib/rack/sendfile.rb:113:in `call'
  railties (4.2.0) lib/rails/engine.rb:518:in `call'
  railties (4.2.0) lib/rails/application.rb:164:in `call'
  unicorn (4.8.3) lib/unicorn/http_server.rb:576:in `process_client'
  unicorn (4.8.3) lib/unicorn/http_server.rb:670:in `worker_loop'
  unicorn (4.8.3) lib/unicorn/http_server.rb:525:in `spawn_missing_workers'
  unicorn (4.8.3) lib/unicorn/http_server.rb:536:in `maintain_worker_count'
  unicorn (4.8.3) lib/unicorn/http_server.rb:294:in `join'
  unicorn (4.8.3) bin/unicorn:126:in `<top (required)>'
  /home/web/swift-explorer/shared/bundle/ruby/2.1.0/bin/unicorn:23:in `load'
  /home/web/swift-explorer/shared/bundle/ruby/2.1.0/bin/unicorn:23:in `<main>'


I, [2015-06-10T01:18:26.314303 #5453]  INFO -- : Started GET "//admin/pma/scripts/setup.php" for 127.0.0.1 at 2015-06-10 01:18:26 +0000
F, [2015-06-10T01:18:26.316941 #5453] FATAL -- : 
ActionController::RoutingError (No route matches [GET] "/admin/pma/scripts/setup.php"):
  actionpack (4.2.0) lib/action_dispatch/middleware/debug_exceptions.rb:21:in `call'
  actionpack (4.2.0) lib/action_dispatch/middleware/show_exceptions.rb:30:in `call'
  railties (4.2.0) lib/rails/rack/logger.rb:38:in `call_app'
  railties (4.2.0) lib/rails/rack/logger.rb:20:in `block in call'
  activesupport (4.2.0) lib/active_support/tagged_logging.rb:68:in `block in tagged'
  activesupport (4.2.0) lib/active_support/tagged_logging.rb:26:in `tagged'
  activesupport (4.2.0) lib/active_support/tagged_logging.rb:68:in `tagged'
  railties (4.2.0) lib/rails/rack/logger.rb:20:in `call'
  actionpack (4.2.0) lib/action_dispatch/middleware/request_id.rb:21:in `call'
  rack (1.6.0) lib/rack/methodoverride.rb:22:in `call'
  rack (1.6.0) lib/rack/runtime.rb:18:in `call'
  activesupport (4.2.0) lib/active_support/cache/strategy/local_cache_middleware.rb:28:in `call'
  rack (1.6.0) lib/rack/sendfile.rb:113:in `call'
  railties (4.2.0) lib/rails/engine.rb:518:in `call'
  railties (4.2.0) lib/rails/application.rb:164:in `call'
  unicorn (4.8.3) lib/unicorn/http_server.rb:576:in `process_client'
  unicorn (4.8.3) lib/unicorn/http_server.rb:670:in `worker_loop'
  unicorn (4.8.3) lib/unicorn/http_server.rb:525:in `spawn_missing_workers'
  unicorn (4.8.3) lib/unicorn/http_server.rb:140:in `start'
  unicorn (4.8.3) bin/unicorn:126:in `<top (required)>'
  /home/web/swift-explorer/shared/bundle/ruby/2.1.0/bin/unicorn:23:in `load'
  /home/web/swift-explorer/shared/bundle/ruby/2.1.0/bin/unicorn:23:in `<main>'


I, [2015-06-10T01:18:26.784591 #5448]  INFO -- : Started GET "//admin/phpmyadmin/scripts/setup.php" for 127.0.0.1 at 2015-06-10 01:18:26 +0000
F, [2015-06-10T01:18:26.787548 #5448] FATAL -- : 
ActionController::RoutingError (No route matches [GET] "/admin/phpmyadmin/scripts/setup.php"):
  actionpack (4.2.0) lib/action_dispatch/middleware/debug_exceptions.rb:21:in `call'
  actionpack (4.2.0) lib/action_dispatch/middleware/show_exceptions.rb:30:in `call'
  railties (4.2.0) lib/rails/rack/logger.rb:38:in `call_app'
  railties (4.2.0) lib/rails/rack/logger.rb:20:in `block in call'
  activesupport (4.2.0) lib/active_support/tagged_logging.rb:68:in `block in tagged'
  activesupport (4.2.0) lib/active_support/tagged_logging.rb:26:in `tagged'
  activesupport (4.2.0) lib/active_support/tagged_logging.rb:68:in `tagged'
  railties (4.2.0) lib/rails/rack/logger.rb:20:in `call'
  actionpack (4.2.0) lib/action_dispatch/middleware/request_id.rb:21:in `call'
  rack (1.6.0) lib/rack/methodoverride.rb:22:in `call'
  rack (1.6.0) lib/rack/runtime.rb:18:in `call'
  activesupport (4.2.0) lib/active_support/cache/strategy/local_cache_middleware.rb:28:in `call'
  rack (1.6.0) lib/rack/sendfile.rb:113:in `call'
  railties (4.2.0) lib/rails/engine.rb:518:in `call'
  railties (4.2.0) lib/rails/application.rb:164:in `call'
  unicorn (4.8.3) lib/unicorn/http_server.rb:576:in `process_client'
  unicorn (4.8.3) lib/unicorn/http_server.rb:670:in `worker_loop'
  unicorn (4.8.3) lib/unicorn/http_server.rb:525:in `spawn_missing_workers'
  unicorn (4.8.3) lib/unicorn/http_server.rb:140:in `start'
  unicorn (4.8.3) bin/unicorn:126:in `<top (required)>'
  /home/web/swift-explorer/shared/bundle/ruby/2.1.0/bin/unicorn:23:in `load'
  /home/web/swift-explorer/shared/bundle/ruby/2.1.0/bin/unicorn:23:in `<main>'


I, [2015-06-10T01:18:27.254414 #5442]  INFO -- : Started GET "//php-my-admin/scripts/setup.php" for 127.0.0.1 at 2015-06-10 01:18:27 +0000
F, [2015-06-10T01:18:27.257343 #5442] FATAL -- : 
ActionController::RoutingError (No route matches [GET] "/php-my-admin/scripts/setup.php"):
  actionpack (4.2.0) lib/action_dispatch/middleware/debug_exceptions.rb:21:in `call'
  actionpack (4.2.0) lib/action_dispatch/middleware/show_exceptions.rb:30:in `call'
  railties (4.2.0) lib/rails/rack/logger.rb:38:in `call_app'
  railties (4.2.0) lib/rails/rack/logger.rb:20:in `block in call'
  activesupport (4.2.0) lib/active_support/tagged_logging.rb:68:in `block in tagged'
  activesupport (4.2.0) lib/active_support/tagged_logging.rb:26:in `tagged'
  activesupport (4.2.0) lib/active_support/tagged_logging.rb:68:in `tagged'
  railties (4.2.0) lib/rails/rack/logger.rb:20:in `call'
  actionpack (4.2.0) lib/action_dispatch/middleware/request_id.rb:21:in `call'
  rack (1.6.0) lib/rack/methodoverride.rb:22:in `call'
  rack (1.6.0) lib/rack/runtime.rb:18:in `call'
  activesupport (4.2.0) lib/active_support/cache/strategy/local_cache_middleware.rb:28:in `call'
  rack (1.6.0) lib/rack/sendfile.rb:113:in `call'
  railties (4.2.0) lib/rails/engine.rb:518:in `call'
  railties (4.2.0) lib/rails/application.rb:164:in `call'
  unicorn (4.8.3) lib/unicorn/http_server.rb:576:in `process_client'
  unicorn (4.8.3) lib/unicorn/http_server.rb:670:in `worker_loop'
  unicorn (4.8.3) lib/unicorn/http_server.rb:525:in `spawn_missing_workers'
  unicorn (4.8.3) lib/unicorn/http_server.rb:140:in `start'
  unicorn (4.8.3) bin/unicorn:126:in `<top (required)>'
  /home/web/swift-explorer/shared/bundle/ruby/2.1.0/bin/unicorn:23:in `load'
  /home/web/swift-explorer/shared/bundle/ruby/2.1.0/bin/unicorn:23:in `<main>'


I, [2015-06-10T01:18:27.714110 #10040]  INFO -- : Started GET "//mysql/scripts/setup.php" for 127.0.0.1 at 2015-06-10 01:18:27 +0000
F, [2015-06-10T01:18:27.716390 #10040] FATAL -- : 
ActionController::RoutingError (No route matches [GET] "/mysql/scripts/setup.php"):
  actionpack (4.2.0) lib/action_dispatch/middleware/debug_exceptions.rb:21:in `call'
  actionpack (4.2.0) lib/action_dispatch/middleware/show_exceptions.rb:30:in `call'
  railties (4.2.0) lib/rails/rack/logger.rb:38:in `call_app'
  railties (4.2.0) lib/rails/rack/logger.rb:20:in `block in call'
  activesupport (4.2.0) lib/active_support/tagged_logging.rb:68:in `block in tagged'
  activesupport (4.2.0) lib/active_support/tagged_logging.rb:26:in `tagged'
  activesupport (4.2.0) lib/active_support/tagged_logging.rb:68:in `tagged'
  railties (4.2.0) lib/rails/rack/logger.rb:20:in `call'
  actionpack (4.2.0) lib/action_dispatch/middleware/request_id.rb:21:in `call'
  rack (1.6.0) lib/rack/methodoverride.rb:22:in `call'
  rack (1.6.0) lib/rack/runtime.rb:18:in `call'
  activesupport (4.2.0) lib/active_support/cache/strategy/local_cache_middleware.rb:28:in `call'
  rack (1.6.0) lib/rack/sendfile.rb:113:in `call'
  railties (4.2.0) lib/rails/engine.rb:518:in `call'
  railties (4.2.0) lib/rails/application.rb:164:in `call'
  unicorn (4.8.3) lib/unicorn/http_server.rb:576:in `process_client'
  unicorn (4.8.3) lib/unicorn/http_server.rb:670:in `worker_loop'
  unicorn (4.8.3) lib/unicorn/http_server.rb:525:in `spawn_missing_workers'
  unicorn (4.8.3) lib/unicorn/http_server.rb:536:in `maintain_worker_count'
  unicorn (4.8.3) lib/unicorn/http_server.rb:294:in `join'
  unicorn (4.8.3) bin/unicorn:126:in `<top (required)>'
  /home/web/swift-explorer/shared/bundle/ruby/2.1.0/bin/unicorn:23:in `load'
  /home/web/swift-explorer/shared/bundle/ruby/2.1.0/bin/unicorn:23:in `<main>'


I, [2015-06-10T01:18:28.179690 #5422]  INFO -- : Started GET "//mysqladmin/scripts/setup.php" for 127.0.0.1 at 2015-06-10 01:18:28 +0000
F, [2015-06-10T01:18:28.183210 #5422] FATAL -- : 
ActionController::RoutingError (No route matches [GET] "/mysqladmin/scripts/setup.php"):
  actionpack (4.2.0) lib/action_dispatch/middleware/debug_exceptions.rb:21:in `call'
  actionpack (4.2.0) lib/action_dispatch/middleware/show_exceptions.rb:30:in `call'
  railties (4.2.0) lib/rails/rack/logger.rb:38:in `call_app'
  railties (4.2.0) lib/rails/rack/logger.rb:20:in `block in call'
  activesupport (4.2.0) lib/active_support/tagged_logging.rb:68:in `block in tagged'
  activesupport (4.2.0) lib/active_support/tagged_logging.rb:26:in `tagged'
  activesupport (4.2.0) lib/active_support/tagged_logging.rb:68:in `tagged'
  railties (4.2.0) lib/rails/rack/logger.rb:20:in `call'
  actionpack (4.2.0) lib/action_dispatch/middleware/request_id.rb:21:in `call'
  rack (1.6.0) lib/rack/methodoverride.rb:22:in `call'
  rack (1.6.0) lib/rack/runtime.rb:18:in `call'
  activesupport (4.2.0) lib/active_support/cache/strategy/local_cache_middleware.rb:28:in `call'
  rack (1.6.0) lib/rack/sendfile.rb:113:in `call'
  railties (4.2.0) lib/rails/engine.rb:518:in `call'
  railties (4.2.0) lib/rails/application.rb:164:in `call'
  unicorn (4.8.3) lib/unicorn/http_server.rb:576:in `process_client'
  unicorn (4.8.3) lib/unicorn/http_server.rb:670:in `worker_loop'
  unicorn (4.8.3) lib/unicorn/http_server.rb:525:in `spawn_missing_workers'
  unicorn (4.8.3) lib/unicorn/http_server.rb:140:in `start'
  unicorn (4.8.3) bin/unicorn:126:in `<top (required)>'
  /home/web/swift-explorer/shared/bundle/ruby/2.1.0/bin/unicorn:23:in `load'
  /home/web/swift-explorer/shared/bundle/ruby/2.1.0/bin/unicorn:23:in `<main>'


I, [2015-06-10T01:18:28.644896 #10040]  INFO -- : Started GET "//phpadmin/scripts/setup.php" for 127.0.0.1 at 2015-06-10 01:18:28 +0000
F, [2015-06-10T01:18:28.647011 #10040] FATAL -- : 
ActionController::RoutingError (No route matches [GET] "/phpadmin/scripts/setup.php"):
  actionpack (4.2.0) lib/action_dispatch/middleware/debug_exceptions.rb:21:in `call'
  actionpack (4.2.0) lib/action_dispatch/middleware/show_exceptions.rb:30:in `call'
  railties (4.2.0) lib/rails/rack/logger.rb:38:in `call_app'
  railties (4.2.0) lib/rails/rack/logger.rb:20:in `block in call'
  activesupport (4.2.0) lib/active_support/tagged_logging.rb:68:in `block in tagged'
  activesupport (4.2.0) lib/active_support/tagged_logging.rb:26:in `tagged'
  activesupport (4.2.0) lib/active_support/tagged_logging.rb:68:in `tagged'
  railties (4.2.0) lib/rails/rack/logger.rb:20:in `call'
  actionpack (4.2.0) lib/action_dispatch/middleware/request_id.rb:21:in `call'
  rack (1.6.0) lib/rack/methodoverride.rb:22:in `call'
  rack (1.6.0) lib/rack/runtime.rb:18:in `call'
  activesupport (4.2.0) lib/active_support/cache/strategy/local_cache_middleware.rb:28:in `call'
  rack (1.6.0) lib/rack/sendfile.rb:113:in `call'
  railties (4.2.0) lib/rails/engine.rb:518:in `call'
  railties (4.2.0) lib/rails/application.rb:164:in `call'
  unicorn (4.8.3) lib/unicorn/http_server.rb:576:in `process_client'
  unicorn (4.8.3) lib/unicorn/http_server.rb:670:in `worker_loop'
  unicorn (4.8.3) lib/unicorn/http_server.rb:525:in `spawn_missing_workers'
  unicorn (4.8.3) lib/unicorn/http_server.rb:536:in `maintain_worker_count'
  unicorn (4.8.3) lib/unicorn/http_server.rb:294:in `join'
  unicorn (4.8.3) bin/unicorn:126:in `<top (required)>'
  /home/web/swift-explorer/shared/bundle/ruby/2.1.0/bin/unicorn:23:in `load'
  /home/web/swift-explorer/shared/bundle/ruby/2.1.0/bin/unicorn:23:in `<main>'


I, [2015-06-10T01:18:31.304515 #5453]  INFO -- : Started GET "//phpmyadmin1/scripts/setup.php" for 127.0.0.1 at 2015-06-10 01:18:31 +0000
F, [2015-06-10T01:18:31.307321 #5453] FATAL -- : 
ActionController::RoutingError (No route matches [GET] "/phpmyadmin1/scripts/setup.php"):
  actionpack (4.2.0) lib/action_dispatch/middleware/debug_exceptions.rb:21:in `call'
  actionpack (4.2.0) lib/action_dispatch/middleware/show_exceptions.rb:30:in `call'
  railties (4.2.0) lib/rails/rack/logger.rb:38:in `call_app'
  railties (4.2.0) lib/rails/rack/logger.rb:20:in `block in call'
  activesupport (4.2.0) lib/active_support/tagged_logging.rb:68:in `block in tagged'
  activesupport (4.2.0) lib/active_support/tagged_logging.rb:26:in `tagged'
  activesupport (4.2.0) lib/active_support/tagged_logging.rb:68:in `tagged'
  railties (4.2.0) lib/rails/rack/logger.rb:20:in `call'
  actionpack (4.2.0) lib/action_dispatch/middleware/request_id.rb:21:in `call'
  rack (1.6.0) lib/rack/methodoverride.rb:22:in `call'
  rack (1.6.0) lib/rack/runtime.rb:18:in `call'
  activesupport (4.2.0) lib/active_support/cache/strategy/local_cache_middleware.rb:28:in `call'
  rack (1.6.0) lib/rack/sendfile.rb:113:in `call'
  railties (4.2.0) lib/rails/engine.rb:518:in `call'
  railties (4.2.0) lib/rails/application.rb:164:in `call'
  unicorn (4.8.3) lib/unicorn/http_server.rb:576:in `process_client'
  unicorn (4.8.3) lib/unicorn/http_server.rb:670:in `worker_loop'
  unicorn (4.8.3) lib/unicorn/http_server.rb:525:in `spawn_missing_workers'
  unicorn (4.8.3) lib/unicorn/http_server.rb:140:in `start'
  unicorn (4.8.3) bin/unicorn:126:in `<top (required)>'
  /home/web/swift-explorer/shared/bundle/ruby/2.1.0/bin/unicorn:23:in `load'
  /home/web/swift-explorer/shared/bundle/ruby/2.1.0/bin/unicorn:23:in `<main>'


I, [2015-06-10T01:18:31.770948 #10034]  INFO -- : Started GET "//web/phpMyAdmin/scripts/setup.php" for 127.0.0.1 at 2015-06-10 01:18:31 +0000
F, [2015-06-10T01:18:31.773903 #10034] FATAL -- : 
ActionController::RoutingError (No route matches [GET] "/web/phpMyAdmin/scripts/setup.php"):
  actionpack (4.2.0) lib/action_dispatch/middleware/debug_exceptions.rb:21:in `call'
  actionpack (4.2.0) lib/action_dispatch/middleware/show_exceptions.rb:30:in `call'
  railties (4.2.0) lib/rails/rack/logger.rb:38:in `call_app'
  railties (4.2.0) lib/rails/rack/logger.rb:20:in `block in call'
  activesupport (4.2.0) lib/active_support/tagged_logging.rb:68:in `block in tagged'
  activesupport (4.2.0) lib/active_support/tagged_logging.rb:26:in `tagged'
  activesupport (4.2.0) lib/active_support/tagged_logging.rb:68:in `tagged'
  railties (4.2.0) lib/rails/rack/logger.rb:20:in `call'
  actionpack (4.2.0) lib/action_dispatch/middleware/request_id.rb:21:in `call'
  rack (1.6.0) lib/rack/methodoverride.rb:22:in `call'
  rack (1.6.0) lib/rack/runtime.rb:18:in `call'
  activesupport (4.2.0) lib/active_support/cache/strategy/local_cache_middleware.rb:28:in `call'
  rack (1.6.0) lib/rack/sendfile.rb:113:in `call'
  railties (4.2.0) lib/rails/engine.rb:518:in `call'
  railties (4.2.0) lib/rails/application.rb:164:in `call'
  unicorn (4.8.3) lib/unicorn/http_server.rb:576:in `process_client'
  unicorn (4.8.3) lib/unicorn/http_server.rb:670:in `worker_loop'
  unicorn (4.8.3) lib/unicorn/http_server.rb:525:in `spawn_missing_workers'
  unicorn (4.8.3) lib/unicorn/http_server.rb:536:in `maintain_worker_count'
  unicorn (4.8.3) lib/unicorn/http_server.rb:294:in `join'
  unicorn (4.8.3) bin/unicorn:126:in `<top (required)>'
  /home/web/swift-explorer/shared/bundle/ruby/2.1.0/bin/unicorn:23:in `load'
  /home/web/swift-explorer/shared/bundle/ruby/2.1.0/bin/unicorn:23:in `<main>'


I, [2015-06-10T01:18:32.231651 #5448]  INFO -- : Started GET "//xampp/phpmyadmin/scripts/setup.php" for 127.0.0.1 at 2015-06-10 01:18:32 +0000
F, [2015-06-10T01:18:32.235021 #5448] FATAL -- : 
ActionController::RoutingError (No route matches [GET] "/xampp/phpmyadmin/scripts/setup.php"):
  actionpack (4.2.0) lib/action_dispatch/middleware/debug_exceptions.rb:21:in `call'
  actionpack (4.2.0) lib/action_dispatch/middleware/show_exceptions.rb:30:in `call'
  railties (4.2.0) lib/rails/rack/logger.rb:38:in `call_app'
  railties (4.2.0) lib/rails/rack/logger.rb:20:in `block in call'
  activesupport (4.2.0) lib/active_support/tagged_logging.rb:68:in `block in tagged'
  activesupport (4.2.0) lib/active_support/tagged_logging.rb:26:in `tagged'
  activesupport (4.2.0) lib/active_support/tagged_logging.rb:68:in `tagged'
  railties (4.2.0) lib/rails/rack/logger.rb:20:in `call'
  actionpack (4.2.0) lib/action_dispatch/middleware/request_id.rb:21:in `call'
  rack (1.6.0) lib/rack/methodoverride.rb:22:in `call'
  rack (1.6.0) lib/rack/runtime.rb:18:in `call'
  activesupport (4.2.0) lib/active_support/cache/strategy/local_cache_middleware.rb:28:in `call'
  rack (1.6.0) lib/rack/sendfile.rb:113:in `call'
  railties (4.2.0) lib/rails/engine.rb:518:in `call'
  railties (4.2.0) lib/rails/application.rb:164:in `call'
  unicorn (4.8.3) lib/unicorn/http_server.rb:576:in `process_client'
  unicorn (4.8.3) lib/unicorn/http_server.rb:670:in `worker_loop'
  unicorn (4.8.3) lib/unicorn/http_server.rb:525:in `spawn_missing_workers'
  unicorn (4.8.3) lib/unicorn/http_server.rb:140:in `start'
  unicorn (4.8.3) bin/unicorn:126:in `<top (required)>'
  /home/web/swift-explorer/shared/bundle/ruby/2.1.0/bin/unicorn:23:in `load'
  /home/web/swift-explorer/shared/bundle/ruby/2.1.0/bin/unicorn:23:in `<main>'


I, [2015-06-10T01:18:33.354852 #5422]  INFO -- : Started GET "//web/phpMyAdmin/scripts/setup.php" for 127.0.0.1 at 2015-06-10 01:18:33 +0000
F, [2015-06-10T01:18:33.357783 #5422] FATAL -- : 
ActionController::RoutingError (No route matches [GET] "/web/phpMyAdmin/scripts/setup.php"):
  actionpack (4.2.0) lib/action_dispatch/middleware/debug_exceptions.rb:21:in `call'
  actionpack (4.2.0) lib/action_dispatch/middleware/show_exceptions.rb:30:in `call'
  railties (4.2.0) lib/rails/rack/logger.rb:38:in `call_app'
  railties (4.2.0) lib/rails/rack/logger.rb:20:in `block in call'
  activesupport (4.2.0) lib/active_support/tagged_logging.rb:68:in `block in tagged'
  activesupport (4.2.0) lib/active_support/tagged_logging.rb:26:in `tagged'
  activesupport (4.2.0) lib/active_support/tagged_logging.rb:68:in `tagged'
  railties (4.2.0) lib/rails/rack/logger.rb:20:in `call'
  actionpack (4.2.0) lib/action_dispatch/middleware/request_id.rb:21:in `call'
  rack (1.6.0) lib/rack/methodoverride.rb:22:in `call'
  rack (1.6.0) lib/rack/runtime.rb:18:in `call'
  activesupport (4.2.0) lib/active_support/cache/strategy/local_cache_middleware.rb:28:in `call'
  rack (1.6.0) lib/rack/sendfile.rb:113:in `call'
  railties (4.2.0) lib/rails/engine.rb:518:in `call'
  railties (4.2.0) lib/rails/application.rb:164:in `call'
  unicorn (4.8.3) lib/unicorn/http_server.rb:576:in `process_client'
  unicorn (4.8.3) lib/unicorn/http_server.rb:670:in `worker_loop'
  unicorn (4.8.3) lib/unicorn/http_server.rb:525:in `spawn_missing_workers'
  unicorn (4.8.3) lib/unicorn/http_server.rb:140:in `start'
  unicorn (4.8.3) bin/unicorn:126:in `<top (required)>'
  /home/web/swift-explorer/shared/bundle/ruby/2.1.0/bin/unicorn:23:in `load'
  /home/web/swift-explorer/shared/bundle/ruby/2.1.0/bin/unicorn:23:in `<main>'


I, [2015-06-10T01:18:35.486746 #5442]  INFO -- : Started GET "//phpMyAdmin-2/scripts/setup.php" for 127.0.0.1 at 2015-06-10 01:18:35 +0000
F, [2015-06-10T01:18:35.489469 #5442] FATAL -- : 
ActionController::RoutingError (No route matches [GET] "/phpMyAdmin-2/scripts/setup.php"):
  actionpack (4.2.0) lib/action_dispatch/middleware/debug_exceptions.rb:21:in `call'
  actionpack (4.2.0) lib/action_dispatch/middleware/show_exceptions.rb:30:in `call'
  railties (4.2.0) lib/rails/rack/logger.rb:38:in `call_app'
  railties (4.2.0) lib/rails/rack/logger.rb:20:in `block in call'
  activesupport (4.2.0) lib/active_support/tagged_logging.rb:68:in `block in tagged'
  activesupport (4.2.0) lib/active_support/tagged_logging.rb:26:in `tagged'
  activesupport (4.2.0) lib/active_support/tagged_logging.rb:68:in `tagged'
  railties (4.2.0) lib/rails/rack/logger.rb:20:in `call'
  actionpack (4.2.0) lib/action_dispatch/middleware/request_id.rb:21:in `call'
  rack (1.6.0) lib/rack/methodoverride.rb:22:in `call'
  rack (1.6.0) lib/rack/runtime.rb:18:in `call'
  activesupport (4.2.0) lib/active_support/cache/strategy/local_cache_middleware.rb:28:in `call'
  rack (1.6.0) lib/rack/sendfile.rb:113:in `call'
  railties (4.2.0) lib/rails/engine.rb:518:in `call'
  railties (4.2.0) lib/rails/application.rb:164:in `call'
  unicorn (4.8.3) lib/unicorn/http_server.rb:576:in `process_client'
  unicorn (4.8.3) lib/unicorn/http_server.rb:670:in `worker_loop'
  unicorn (4.8.3) lib/unicorn/http_server.rb:525:in `spawn_missing_workers'
  unicorn (4.8.3) lib/unicorn/http_server.rb:140:in `start'
  unicorn (4.8.3) bin/unicorn:126:in `<top (required)>'
  /home/web/swift-explorer/shared/bundle/ruby/2.1.0/bin/unicorn:23:in `load'
  /home/web/swift-explorer/shared/bundle/ruby/2.1.0/bin/unicorn:23:in `<main>'


I, [2015-06-10T01:40:36.073383 #10040]  INFO -- : Started GET "/" for 127.0.0.1 at 2015-06-10 01:40:36 +0000
I, [2015-06-10T04:07:43.674445 #5448]  INFO -- : Started GET "/" for 127.0.0.1 at 2015-06-10 04:07:43 +0000
I, [2015-06-10T04:07:43.978757 #10034]  INFO -- : Started GET "/users/sign_in" for 127.0.0.1 at 2015-06-10 04:07:43 +0000
I, [2015-06-10T04:07:43.981130 #10034]  INFO -- : Processing by Devise::SessionsController#new as HTML
I, [2015-06-10T04:07:44.009626 #10034]  INFO -- :   Rendered devise/sessions/new.html.erb within layouts/application (21.3ms)
I, [2015-06-10T04:07:44.010635 #10034]  INFO -- :   Rendered layouts/_messages.html.erb (0.1ms)
I, [2015-06-10T04:07:44.011499 #10034]  INFO -- :   Rendered layouts/_navigation_links.html.erb (0.1ms)
I, [2015-06-10T04:07:44.011602 #10034]  INFO -- :   Rendered layouts/_navigation.html.erb (0.8ms)
I, [2015-06-10T04:07:44.012036 #10034]  INFO -- : Completed 200 OK in 31ms (Views: 27.5ms | ActiveRecord: 0.0ms)
I, [2015-06-10T04:07:51.033285 #5448]  INFO -- : Started POST "/users/sign_in" for 127.0.0.1 at 2015-06-10 04:07:51 +0000
I, [2015-06-10T04:07:51.035326 #5448]  INFO -- : Processing by Devise::SessionsController#create as HTML
I, [2015-06-10T04:07:51.035427 #5448]  INFO -- :   Parameters: {"utf8"=>"✓", "authenticity_token"=>"N1oXHMGkd9mXhpYpQ2PraKISRWcnkk8j9mDCdATzfvwP6gIMSoOq37b8D9sJh0ZZ5nJUYSQJmgS2t2Fk2LEn4Q==", "user"=>{"email"=>"jeferson@cma.com", "password"=>"[FILTERED]", "remember_me"=>"0"}, "commit"=>"Sign in"}
I, [2015-06-10T04:07:51.145098 #5448]  INFO -- : Redirected to http://185.17.187.60/
I, [2015-06-10T04:07:51.145341 #5448]  INFO -- : Completed 302 Found in 110ms (ActiveRecord: 6.3ms)
I, [2015-06-10T04:07:51.458461 #5458]  INFO -- : Started GET "/" for 127.0.0.1 at 2015-06-10 04:07:51 +0000
I, [2015-06-10T04:07:51.463675 #5458]  INFO -- : Processing by TreeController#index as HTML
I, [2015-06-10T04:07:51.470609 #5458]  INFO -- :   Rendered tree/index.html.erb within layouts/pixeladmin (1.7ms)
I, [2015-06-10T04:07:51.475136 #5458]  INFO -- :   Rendered layouts/_main_navbar.html.erb (1.4ms)
I, [2015-06-10T04:07:51.475600 #5458]  INFO -- :   Rendered layouts/_main_menu.html.erb (0.1ms)
I, [2015-06-10T04:07:51.476091 #5458]  INFO -- : Completed 200 OK in 12ms (Views: 9.0ms | ActiveRecord: 1.5ms)
I, [2015-06-10T04:07:53.270086 #5445]  INFO -- : Started GET "/items/tags" for 127.0.0.1 at 2015-06-10 04:07:53 +0000
I, [2015-06-10T04:07:53.274828 #5445]  INFO -- : Processing by ItemsController#tags as JSON
I, [2015-06-10T04:07:53.279856 #5445]  INFO -- : Completed 200 OK in 5ms (Views: 0.2ms | ActiveRecord: 2.0ms)
I, [2015-06-10T04:08:02.123742 #5453]  INFO -- : Started GET "/items/tags" for 127.0.0.1 at 2015-06-10 04:08:02 +0000
I, [2015-06-10T04:08:02.128817 #5453]  INFO -- : Processing by ItemsController#tags as JSON
I, [2015-06-10T04:08:02.132972 #5453]  INFO -- : Completed 200 OK in 4ms (Views: 0.2ms | ActiveRecord: 1.3ms)
I, [2015-06-10T04:08:02.140646 #5422]  INFO -- : Started GET "/items/search?query=&rating=&tags=" for 127.0.0.1 at 2015-06-10 04:08:02 +0000
I, [2015-06-10T04:08:02.145159 #5422]  INFO -- : Processing by ItemsController#search as JSON
I, [2015-06-10T04:08:02.145235 #5422]  INFO -- :   Parameters: {"query"=>"", "rating"=>"", "tags"=>""}
I, [2015-06-10T04:08:02.149651 #5422]  INFO -- : Completed 500 Internal Server Error in 4ms
F, [2015-06-10T04:08:02.151914 #5422] FATAL -- : 
Faraday::ConnectionFailed (Connection refused - connect(2) for "192.168.21.10" port 9200):
  app/controllers/items_controller.rb:44:in `search'


I, [2015-06-10T04:08:18.672821 #10034]  INFO -- : Started GET "/items/tags" for 127.0.0.1 at 2015-06-10 04:08:18 +0000
I, [2015-06-10T04:08:18.679367 #10034]  INFO -- : Processing by ItemsController#tags as JSON
I, [2015-06-10T04:08:18.689386 #5442]  INFO -- : Started GET "/items/search?query=test&rating=&tags=" for 127.0.0.1 at 2015-06-10 04:08:18 +0000
I, [2015-06-10T04:08:18.694333 #5442]  INFO -- : Processing by ItemsController#search as JSON
I, [2015-06-10T04:08:18.694433 #5442]  INFO -- :   Parameters: {"query"=>"test", "rating"=>"", "tags"=>""}
I, [2015-06-10T04:08:18.699602 #5442]  INFO -- : Completed 500 Internal Server Error in 5ms
F, [2015-06-10T04:08:18.701743 #5442] FATAL -- : 
Faraday::ConnectionFailed (Connection refused - connect(2) for "192.168.21.10" port 9200):
  app/controllers/items_controller.rb:44:in `search'


I, [2015-06-10T04:08:18.707427 #10034]  INFO -- : Completed 200 OK in 28ms (Views: 0.3ms | ActiveRecord: 4.0ms)
I, [2015-06-10T04:09:50.189837 #10040]  INFO -- : Started GET "/" for 127.0.0.1 at 2015-06-10 04:09:50 +0000
I, [2015-06-10T04:09:50.197189 #10040]  INFO -- : Processing by TreeController#index as HTML
I, [2015-06-10T04:09:50.212252 #10040]  INFO -- :   Rendered tree/index.html.erb within layouts/pixeladmin (5.4ms)
I, [2015-06-10T04:09:50.218635 #10040]  INFO -- :   Rendered layouts/_main_navbar.html.erb (3.9ms)
I, [2015-06-10T04:09:50.220653 #10040]  INFO -- :   Rendered layouts/_main_menu.html.erb (0.8ms)
I, [2015-06-10T04:09:50.221209 #10040]  INFO -- : Completed 200 OK in 24ms (Views: 17.4ms | ActiveRecord: 2.6ms)
I, [2015-06-10T04:09:55.428645 #10034]  INFO -- : Started GET "/items/tags" for 127.0.0.1 at 2015-06-10 04:09:55 +0000
I, [2015-06-10T04:09:55.434790 #10034]  INFO -- : Processing by ItemsController#tags as JSON
I, [2015-06-10T04:09:55.438807 #10034]  INFO -- : Completed 200 OK in 4ms (Views: 0.2ms | ActiveRecord: 1.2ms)
I, [2015-06-10T04:09:58.376517 #5442]  INFO -- : Started GET "/items/tags" for 127.0.0.1 at 2015-06-10 04:09:58 +0000
I, [2015-06-10T04:09:58.381124 #5442]  INFO -- : Processing by ItemsController#tags as JSON
I, [2015-06-10T04:09:58.385340 #5442]  INFO -- : Completed 200 OK in 4ms (Views: 0.3ms | ActiveRecord: 1.1ms)
I, [2015-06-10T04:09:58.407728 #5453]  INFO -- : Started GET "/items/search?query=test&rating=&tags=" for 127.0.0.1 at 2015-06-10 04:09:58 +0000
I, [2015-06-10T04:09:58.412521 #5453]  INFO -- : Processing by ItemsController#search as JSON
I, [2015-06-10T04:09:58.412661 #5453]  INFO -- :   Parameters: {"query"=>"test", "rating"=>"", "tags"=>""}
I, [2015-06-10T04:09:59.128542 #5453]  INFO -- :   Rendered items/index.rabl (5.0ms)
I, [2015-06-10T04:09:59.128992 #5453]  INFO -- : Completed 200 OK in 716ms (Views: 3.4ms | ActiveRecord: 3.1ms)
I, [2015-06-10T09:07:33.300088 #5445]  INFO -- : Started GET "/" for 127.0.0.1 at 2015-06-10 09:07:33 +0000
I, [2015-06-10T09:07:33.310492 #5445]  INFO -- : Processing by TreeController#index as HTML
I, [2015-06-10T09:07:33.316659 #5445]  INFO -- :   Rendered tree/index.html.erb within layouts/pixeladmin (1.4ms)
I, [2015-06-10T09:07:33.318712 #5445]  INFO -- :   Rendered layouts/_main_navbar.html.erb (0.8ms)
I, [2015-06-10T09:07:33.319876 #5445]  INFO -- :   Rendered layouts/_main_menu.html.erb (0.1ms)
I, [2015-06-10T09:07:33.320186 #5445]  INFO -- : Completed 200 OK in 9ms (Views: 4.9ms | ActiveRecord: 2.2ms)
I, [2015-06-10T09:07:34.022155 #5453]  INFO -- : Started GET "/items/tags" for 127.0.0.1 at 2015-06-10 09:07:34 +0000
I, [2015-06-10T09:07:34.027055 #5453]  INFO -- : Processing by ItemsController#tags as JSON
I, [2015-06-10T09:07:34.031534 #5453]  INFO -- : Completed 200 OK in 4ms (Views: 0.2ms | ActiveRecord: 1.9ms)
I, [2015-06-10T09:07:37.730828 #5442]  INFO -- : Started DELETE "/users/sign_out" for 127.0.0.1 at 2015-06-10 09:07:37 +0000
I, [2015-06-10T09:07:37.732944 #5442]  INFO -- : Processing by Devise::SessionsController#destroy as HTML
I, [2015-06-10T09:07:37.733024 #5442]  INFO -- :   Parameters: {"authenticity_token"=>"bi9ImxODNZpGatzA4+UEEk+UWj5i+Gt6akLlZg01cWzfl16MX2fLsMc5d7ByE64Iu/3so1CioVxtcb8MkEpJYA=="}
I, [2015-06-10T09:07:37.740003 #5442]  INFO -- : Redirected to http://185.17.187.60/
I, [2015-06-10T09:07:37.740239 #5442]  INFO -- : Completed 302 Found in 7ms (ActiveRecord: 1.7ms)
I, [2015-06-10T09:07:37.794965 #10040]  INFO -- : Started GET "/" for 127.0.0.1 at 2015-06-10 09:07:37 +0000
I, [2015-06-10T09:07:37.850418 #5448]  INFO -- : Started GET "/users/sign_in" for 127.0.0.1 at 2015-06-10 09:07:37 +0000
I, [2015-06-10T09:07:37.852709 #5448]  INFO -- : Processing by Devise::SessionsController#new as HTML
I, [2015-06-10T09:07:37.881775 #5448]  INFO -- :   Rendered devise/sessions/new.html.erb within layouts/application (25.1ms)
I, [2015-06-10T09:07:37.883018 #5448]  INFO -- :   Rendered layouts/_messages.html.erb (0.2ms)
I, [2015-06-10T09:07:37.883789 #5448]  INFO -- :   Rendered layouts/_navigation_links.html.erb (0.1ms)
I, [2015-06-10T09:07:37.883930 #5448]  INFO -- :   Rendered layouts/_navigation.html.erb (0.7ms)
I, [2015-06-10T09:07:37.884244 #5448]  INFO -- : Completed 200 OK in 31ms (Views: 28.2ms | ActiveRecord: 0.0ms)
I, [2015-06-10T09:07:39.400219 #5422]  INFO -- : Started POST "/users/sign_in" for 127.0.0.1 at 2015-06-10 09:07:39 +0000
I, [2015-06-10T09:07:39.402784 #5422]  INFO -- : Processing by Devise::SessionsController#create as HTML
I, [2015-06-10T09:07:39.402927 #5422]  INFO -- :   Parameters: {"utf8"=>"✓", "authenticity_token"=>"Htuva+Y+D2C+vzVzEA8nr4dTyogaLADMMRr1BIM3QiNzCodrB2c8zDW+NA0LufMwTijyKy8hkQMXlu14yJPwpA==", "user"=>{"email"=>"rubenscetbon@demo.com", "password"=>"[FILTERED]", "remember_me"=>"0"}, "commit"=>"Sign in"}
I, [2015-06-10T09:07:39.511168 #5422]  INFO -- : Redirected to http://185.17.187.60/
I, [2015-06-10T09:07:39.511408 #5422]  INFO -- : Completed 302 Found in 108ms (ActiveRecord: 5.2ms)
I, [2015-06-10T09:07:39.572572 #5458]  INFO -- : Started GET "/" for 127.0.0.1 at 2015-06-10 09:07:39 +0000
I, [2015-06-10T09:07:39.580781 #5458]  INFO -- : Processing by TreeController#index as HTML
I, [2015-06-10T09:07:39.587967 #5458]  INFO -- :   Rendered tree/index.html.erb within layouts/pixeladmin (2.7ms)
I, [2015-06-10T09:07:39.589643 #5458]  INFO -- :   Rendered layouts/_main_navbar.html.erb (0.7ms)
I, [2015-06-10T09:07:39.589995 #5458]  INFO -- :   Rendered layouts/_main_menu.html.erb (0.1ms)
I, [2015-06-10T09:07:39.590251 #5458]  INFO -- : Completed 200 OK in 9ms (Views: 4.5ms | ActiveRecord: 1.8ms)
I, [2015-06-10T09:07:40.095771 #5448]  INFO -- : Started GET "/items/tags" for 127.0.0.1 at 2015-06-10 09:07:40 +0000
I, [2015-06-10T09:07:40.101148 #5448]  INFO -- : Processing by ItemsController#tags as JSON
I, [2015-06-10T09:07:40.107812 #5448]  INFO -- : Completed 200 OK in 7ms (Views: 0.3ms | ActiveRecord: 2.8ms)
I, [2015-06-10T09:07:43.882309 #5453]  INFO -- : Started GET "/containers/83" for 127.0.0.1 at 2015-06-10 09:07:43 +0000
I, [2015-06-10T09:07:43.887254 #5453]  INFO -- : Processing by ContainersController#show as */*
I, [2015-06-10T09:07:43.887331 #5453]  INFO -- :   Parameters: {"id"=>"83"}
I, [2015-06-10T09:07:43.893366 #5453]  INFO -- : Completed 200 OK in 6ms (Views: 0.2ms | ActiveRecord: 2.6ms)
I, [2015-06-10T09:07:43.943604 #10034]  INFO -- : Started GET "/items/tags" for 127.0.0.1 at 2015-06-10 09:07:43 +0000
I, [2015-06-10T09:07:43.953501 #10040]  INFO -- : Started GET "/containers/83/items" for 127.0.0.1 at 2015-06-10 09:07:43 +0000
I, [2015-06-10T09:07:43.952968 #10034]  INFO -- : Processing by ItemsController#tags as JSON
I, [2015-06-10T09:07:43.960611 #10040]  INFO -- : Processing by ItemsController#root as JSON
I, [2015-06-10T09:07:43.960715 #10040]  INFO -- :   Parameters: {"id"=>"83"}
I, [2015-06-10T09:07:43.966663 #10034]  INFO -- : Completed 200 OK in 13ms (Views: 0.4ms | ActiveRecord: 2.8ms)
I, [2015-06-10T09:07:44.042478 #10040]  INFO -- :   Rendered items/index.rabl (25.9ms)
I, [2015-06-10T09:07:44.042775 #10040]  INFO -- : Completed 200 OK in 82ms (Views: 31.9ms | ActiveRecord: 12.1ms)
I, [2015-06-10T09:09:08.450622 #5453]  INFO -- : Started DELETE "/users/sign_out" for 127.0.0.1 at 2015-06-10 09:09:08 +0000
I, [2015-06-10T09:09:08.453269 #5453]  INFO -- : Processing by Devise::SessionsController#destroy as HTML
I, [2015-06-10T09:09:08.453371 #5453]  INFO -- :   Parameters: {"authenticity_token"=>"ALw5k3q5OU/BTkmbFVpzTZmy1Ay6RfKnlCIvwaBCj/jsWPs8E3qUG566NlD/zctfZArmU3QfO3O5fSzQkI+/Jg=="}
I, [2015-06-10T09:09:08.461202 #5453]  INFO -- : Redirected to http://185.17.187.60/
I, [2015-06-10T09:09:08.461384 #5453]  INFO -- : Completed 302 Found in 8ms (ActiveRecord: 1.8ms)
I, [2015-06-10T09:09:08.516275 #5442]  INFO -- : Started GET "/" for 127.0.0.1 at 2015-06-10 09:09:08 +0000
I, [2015-06-10T09:09:08.580418 #5422]  INFO -- : Started GET "/users/sign_in" for 127.0.0.1 at 2015-06-10 09:09:08 +0000
I, [2015-06-10T09:09:08.582826 #5422]  INFO -- : Processing by Devise::SessionsController#new as HTML
I, [2015-06-10T09:09:08.606429 #5422]  INFO -- :   Rendered devise/sessions/new.html.erb within layouts/application (20.1ms)
I, [2015-06-10T09:09:08.607577 #5422]  INFO -- :   Rendered layouts/_messages.html.erb (0.2ms)
I, [2015-06-10T09:09:08.608402 #5422]  INFO -- :   Rendered layouts/_navigation_links.html.erb (0.1ms)
I, [2015-06-10T09:09:08.608490 #5422]  INFO -- :   Rendered layouts/_navigation.html.erb (0.7ms)
I, [2015-06-10T09:09:08.608818 #5422]  INFO -- : Completed 200 OK in 26ms (Views: 23.1ms | ActiveRecord: 0.0ms)
I, [2015-06-10T09:09:20.859078 #5442]  INFO -- : Started POST "/users/sign_in" for 127.0.0.1 at 2015-06-10 09:09:20 +0000
I, [2015-06-10T09:09:20.861155 #5442]  INFO -- : Processing by Devise::SessionsController#create as HTML
I, [2015-06-10T09:09:20.861461 #5442]  INFO -- :   Parameters: {"utf8"=>"✓", "authenticity_token"=>"PMTwsCqr89AwVGY+4VtdCx8PO0VhG1V5iCQI1BSzsVArauU0zEPBQSRoiNqxOvw8nIcSU1FCjzorA8gPL8f92g==", "user"=>{"email"=>"admin@cloudmyart.com", "password"=>"[FILTERED]", "remember_me"=>"0"}, "commit"=>"Sign in"}
I, [2015-06-10T09:09:20.975911 #5442]  INFO -- : Redirected to http://185.17.187.60/
I, [2015-06-10T09:09:20.976153 #5442]  INFO -- : Completed 302 Found in 115ms (ActiveRecord: 5.0ms)
I, [2015-06-10T09:09:21.040849 #5445]  INFO -- : Started GET "/" for 127.0.0.1 at 2015-06-10 09:09:21 +0000
I, [2015-06-10T09:09:21.045775 #5445]  INFO -- : Processing by Admin::UsersController#index as HTML
I, [2015-06-10T09:09:21.047990 #5445]  INFO -- :   Rendered admin/users/_sub_nav.html.erb (0.6ms)
I, [2015-06-10T09:09:21.075312 #5445]  INFO -- :   Rendered admin/users/index.html.erb within layouts/application (28.1ms)
I, [2015-06-10T09:09:21.076380 #5445]  INFO -- :   Rendered layouts/_messages.html.erb (0.2ms)
I, [2015-06-10T09:09:21.077145 #5445]  INFO -- :   Rendered layouts/_navigation_links.html.erb (0.3ms)
I, [2015-06-10T09:09:21.077239 #5445]  INFO -- :   Rendered layouts/_navigation.html.erb (0.7ms)
I, [2015-06-10T09:09:21.077579 #5445]  INFO -- : Completed 200 OK in 32ms (Views: 27.5ms | ActiveRecord: 3.5ms)
I, [2015-06-10T09:09:33.415699 #5442]  INFO -- : Started GET "/admin/clients" for 127.0.0.1 at 2015-06-10 09:09:33 +0000
I, [2015-06-10T09:09:33.420869 #5442]  INFO -- : Processing by Admin::ClientsController#index as HTML
I, [2015-06-10T09:09:33.425586 #5442]  INFO -- :   Rendered admin/clients/_sub_nav.html.erb (0.6ms)
I, [2015-06-10T09:09:33.430775 #5442]  INFO -- :   Rendered admin/clients/index.html.erb within layouts/application (7.2ms)
I, [2015-06-10T09:09:33.432049 #5442]  INFO -- :   Rendered layouts/_messages.html.erb (0.2ms)
I, [2015-06-10T09:09:33.433102 #5442]  INFO -- :   Rendered layouts/_navigation_links.html.erb (0.4ms)
I, [2015-06-10T09:09:33.433219 #5442]  INFO -- :   Rendered layouts/_navigation.html.erb (1.0ms)
I, [2015-06-10T09:09:33.433645 #5442]  INFO -- : Completed 200 OK in 13ms (Views: 10.4ms | ActiveRecord: 1.1ms)
I, [2015-06-10T09:09:36.182786 #10040]  INFO -- : Started GET "/admin/clients/4/edit" for 127.0.0.1 at 2015-06-10 09:09:36 +0000
I, [2015-06-10T09:09:36.188715 #10040]  INFO -- : Processing by Admin::ClientsController#edit as HTML
I, [2015-06-10T09:09:36.188781 #10040]  INFO -- :   Parameters: {"id"=>"4"}
I, [2015-06-10T09:09:36.193671 #10040]  INFO -- :   Rendered admin/clients/_sub_nav.html.erb (0.8ms)
I, [2015-06-10T09:09:36.211838 #10040]  INFO -- :   Rendered admin/clients/_form.html.erb (17.8ms)
I, [2015-06-10T09:09:36.212024 #10040]  INFO -- :   Rendered admin/clients/edit.html.erb within layouts/application (20.1ms)
I, [2015-06-10T09:09:36.213003 #10040]  INFO -- :   Rendered layouts/_messages.html.erb (0.1ms)
I, [2015-06-10T09:09:36.213817 #10040]  INFO -- :   Rendered layouts/_navigation_links.html.erb (0.3ms)
I, [2015-06-10T09:09:36.213903 #10040]  INFO -- :   Rendered layouts/_navigation.html.erb (0.7ms)
I, [2015-06-10T09:09:36.214189 #10040]  INFO -- : Completed 200 OK in 25ms (Views: 23.4ms | ActiveRecord: 0.6ms)
I, [2015-06-10T09:09:39.526852 #5445]  INFO -- : Started POST "/admin/clients/4/import" for 127.0.0.1 at 2015-06-10 09:09:39 +0000
I, [2015-06-10T09:09:39.531909 #5445]  INFO -- : Processing by Admin::ClientsController#import as HTML
I, [2015-06-10T09:09:39.532001 #5445]  INFO -- :   Parameters: {"utf8"=>"✓", "authenticity_token"=>"NZJERPP3wiflZop0kXXhpiB0dwxPoFGuq12TY9bTI27Y5lKCdSB0XwBed1rjMMQOlTlYS0dmV60Qnu1tuF8eGg==", "container_name"=>"TEST3", "commit"=>"Import images", "client_id"=>"4"}
I, [2015-06-10T09:09:39.538692 #5445]  INFO -- : Redirected to http://185.17.187.60/admin/clients
I, [2015-06-10T09:09:39.538917 #5445]  INFO -- : Completed 302 Found in 7ms (ActiveRecord: 0.6ms)
I, [2015-06-10T09:09:39.864035 #5458]  INFO -- : Started GET "/admin/clients" for 127.0.0.1 at 2015-06-10 09:09:39 +0000
I, [2015-06-10T09:09:39.868565 #5458]  INFO -- : Processing by Admin::ClientsController#index as HTML
I, [2015-06-10T09:09:39.870708 #5458]  INFO -- :   Rendered admin/clients/_sub_nav.html.erb (0.6ms)
I, [2015-06-10T09:09:39.876213 #5458]  INFO -- :   Rendered admin/clients/index.html.erb within layouts/application (6.4ms)
I, [2015-06-10T09:09:39.877746 #5458]  INFO -- :   Rendered layouts/_messages.html.erb (0.3ms)
I, [2015-06-10T09:09:39.879131 #5458]  INFO -- :   Rendered layouts/_navigation_links.html.erb (0.5ms)
I, [2015-06-10T09:09:39.879234 #5458]  INFO -- :   Rendered layouts/_navigation.html.erb (1.1ms)
I, [2015-06-10T09:09:39.879592 #5458]  INFO -- : Completed 200 OK in 11ms (Views: 9.1ms | ActiveRecord: 1.2ms)
I, [2015-06-10T09:09:46.639609 #5422]  INFO -- : Started GET "/" for 127.0.0.1 at 2015-06-10 09:09:46 +0000
I, [2015-06-10T09:09:46.644511 #5422]  INFO -- : Processing by Admin::UsersController#index as HTML
I, [2015-06-10T09:09:46.646474 #5422]  INFO -- :   Rendered admin/users/_sub_nav.html.erb (0.5ms)
I, [2015-06-10T09:09:46.668245 #5422]  INFO -- :   Rendered admin/users/index.html.erb within layouts/application (22.4ms)
I, [2015-06-10T09:09:46.669185 #5422]  INFO -- :   Rendered layouts/_messages.html.erb (0.1ms)
