I, [2015-06-10T10:01:30.517800 #12686]  INFO -- : Started GET "/items/search?query=&rating=&tags=book28" for 127.0.0.1 at 2015-06-10 10:01:30 +0000
I, [2015-06-10T10:01:30.522360 #12686]  INFO -- : Processing by ItemsController#search as JSON
I, [2015-06-10T10:01:30.522458 #12686]  INFO -- :   Parameters: {"query"=>"", "rating"=>"", "tags"=>"book28"}
I, [2015-06-10T10:01:30.543337 #12686]  INFO -- :   Rendered items/index.rabl (4.0ms)
I, [2015-06-10T10:01:30.543664 #12686]  INFO -- : Completed 200 OK in 21ms (Views: 4.0ms | ActiveRecord: 1.8ms)
I, [2015-06-10T10:01:34.973595 #5422]  INFO -- : Started GET "/items/tags" for 127.0.0.1 at 2015-06-10 10:01:34 +0000
I, [2015-06-10T10:01:34.979777 #5422]  INFO -- : Processing by ItemsController#tags as JSON
I, [2015-06-10T10:01:34.983791 #5453]  INFO -- : Started GET "/items/search?query=&rating=&tags=noel" for 127.0.0.1 at 2015-06-10 10:01:34 +0000
I, [2015-06-10T10:01:34.988419 #5453]  INFO -- : Processing by ItemsController#search as JSON
I, [2015-06-10T10:01:34.988510 #5453]  INFO -- :   Parameters: {"query"=>"", "rating"=>"", "tags"=>"noel"}
I, [2015-06-10T10:01:34.989499 #5422]  INFO -- : Completed 200 OK in 10ms (Views: 2.7ms | ActiveRecord: 2.3ms)
I, [2015-06-10T10:01:35.009839 #5453]  INFO -- :   Rendered items/index.rabl (4.5ms)
I, [2015-06-10T10:01:35.010171 #5453]  INFO -- : Completed 200 OK in 22ms (Views: 4.2ms | ActiveRecord: 1.7ms)
I, [2015-06-10T10:01:39.572001 #10034]  INFO -- : Started GET "/items/tags" for 127.0.0.1 at 2015-06-10 10:01:39 +0000
I, [2015-06-10T10:01:39.576687 #10034]  INFO -- : Processing by ItemsController#tags as JSON
I, [2015-06-10T10:01:39.582286 #5442]  INFO -- : Started GET "/items/search?query=&rating=&tags=ruben" for 127.0.0.1 at 2015-06-10 10:01:39 +0000
I, [2015-06-10T10:01:39.587319 #5442]  INFO -- : Processing by ItemsController#search as JSON
I, [2015-06-10T10:01:39.587433 #5442]  INFO -- :   Parameters: {"query"=>"", "rating"=>"", "tags"=>"ruben"}
I, [2015-06-10T10:01:39.587575 #10034]  INFO -- : Completed 200 OK in 11ms (Views: 3.0ms | ActiveRecord: 1.2ms)
I, [2015-06-10T10:01:39.613786 #5442]  INFO -- :   Rendered items/index.rabl (4.0ms)
I, [2015-06-10T10:01:39.614121 #5442]  INFO -- : Completed 200 OK in 27ms (Views: 3.3ms | ActiveRecord: 2.0ms)
I, [2015-06-10T10:01:44.669489 #12686]  INFO -- : Started GET "/items/tags" for 127.0.0.1 at 2015-06-10 10:01:44 +0000
I, [2015-06-10T10:01:44.674987 #12686]  INFO -- : Processing by ItemsController#tags as JSON
I, [2015-06-10T10:01:44.680351 #5453]  INFO -- : Started GET "/items/search?query=&rating=&tags=testtag" for 127.0.0.1 at 2015-06-10 10:01:44 +0000
I, [2015-06-10T10:01:44.680710 #12686]  INFO -- : Completed 200 OK in 5ms (Views: 0.4ms | ActiveRecord: 1.1ms)
I, [2015-06-10T10:01:44.685010 #5453]  INFO -- : Processing by ItemsController#search as JSON
I, [2015-06-10T10:01:44.685095 #5453]  INFO -- :   Parameters: {"query"=>"", "rating"=>"", "tags"=>"testtag"}
I, [2015-06-10T10:01:44.707392 #5453]  INFO -- :   Rendered items/index.rabl (5.8ms)
I, [2015-06-10T10:01:44.707674 #5453]  INFO -- : Completed 200 OK in 22ms (Views: 4.8ms | ActiveRecord: 2.4ms)
I, [2015-06-10T10:01:48.881411 #5458]  INFO -- : Started GET "/" for 127.0.0.1 at 2015-06-10 10:01:48 +0000
I, [2015-06-10T10:01:48.886333 #5458]  INFO -- : Processing by TreeController#index as HTML
I, [2015-06-10T10:01:48.892406 #5458]  INFO -- :   Rendered tree/index.html.erb within layouts/pixeladmin (2.9ms)
I, [2015-06-10T10:01:48.894297 #5458]  INFO -- :   Rendered layouts/_main_navbar.html.erb (0.7ms)
I, [2015-06-10T10:01:48.894661 #5458]  INFO -- :   Rendered layouts/_main_menu.html.erb (0.1ms)
I, [2015-06-10T10:01:48.895055 #5458]  INFO -- : Completed 200 OK in 9ms (Views: 5.3ms | ActiveRecord: 1.1ms)
I, [2015-06-10T10:01:49.460248 #12686]  INFO -- : Started GET "/items/tags" for 127.0.0.1 at 2015-06-10 10:01:49 +0000
I, [2015-06-10T10:01:49.465049 #12686]  INFO -- : Processing by ItemsController#tags as JSON
I, [2015-06-10T10:01:49.468391 #12686]  INFO -- : Completed 200 OK in 3ms (Views: 0.2ms | ActiveRecord: 0.9ms)
I, [2015-06-10T10:01:49.471313 #10040]  INFO -- : Started GET "/items/search?query=&rating=&tags=testtag" for 127.0.0.1 at 2015-06-10 10:01:49 +0000
I, [2015-06-10T10:01:49.476725 #10040]  INFO -- : Processing by ItemsController#search as JSON
I, [2015-06-10T10:01:49.476851 #10040]  INFO -- :   Parameters: {"query"=>"", "rating"=>"", "tags"=>"testtag"}
I, [2015-06-10T10:01:49.508451 #10040]  INFO -- :   Rendered items/index.rabl (6.1ms)
I, [2015-06-10T10:01:49.508823 #10040]  INFO -- : Completed 200 OK in 32ms (Views: 5.9ms | ActiveRecord: 1.7ms)
I, [2015-06-10T10:01:52.183447 #5442]  INFO -- : Started GET "/" for 127.0.0.1 at 2015-06-10 10:01:52 +0000
I, [2015-06-10T10:01:52.187996 #5442]  INFO -- : Processing by TreeController#index as HTML
I, [2015-06-10T10:01:52.193829 #5442]  INFO -- :   Rendered tree/index.html.erb within layouts/pixeladmin (2.8ms)
I, [2015-06-10T10:01:52.196725 #5442]  INFO -- :   Rendered layouts/_main_navbar.html.erb (1.4ms)
I, [2015-06-10T10:01:52.197075 #5442]  INFO -- :   Rendered layouts/_main_menu.html.erb (0.1ms)
I, [2015-06-10T10:01:52.197400 #5442]  INFO -- : Completed 200 OK in 9ms (Views: 6.1ms | ActiveRecord: 1.2ms)
I, [2015-06-10T10:01:52.794139 #12686]  INFO -- : Started GET "/items/tags" for 127.0.0.1 at 2015-06-10 10:01:52 +0000
I, [2015-06-10T10:01:52.798272 #12686]  INFO -- : Processing by ItemsController#tags as JSON
I, [2015-06-10T10:01:52.802222 #12686]  INFO -- : Completed 200 OK in 4ms (Views: 0.2ms | ActiveRecord: 1.3ms)
I, [2015-06-10T10:01:52.804983 #10034]  INFO -- : Started GET "/items/search?query=&rating=&tags=testtag" for 127.0.0.1 at 2015-06-10 10:01:52 +0000
I, [2015-06-10T10:01:52.809356 #10034]  INFO -- : Processing by ItemsController#search as JSON
I, [2015-06-10T10:01:52.809440 #10034]  INFO -- :   Parameters: {"query"=>"", "rating"=>"", "tags"=>"testtag"}
I, [2015-06-10T10:01:52.831392 #10034]  INFO -- :   Rendered items/index.rabl (6.4ms)
I, [2015-06-10T10:01:52.831767 #10034]  INFO -- : Completed 200 OK in 22ms (Views: 6.2ms | ActiveRecord: 1.9ms)
I, [2015-06-10T10:01:55.626797 #12686]  INFO -- : Started GET "/items/tags" for 127.0.0.1 at 2015-06-10 10:01:55 +0000
I, [2015-06-10T10:01:55.630979 #12686]  INFO -- : Processing by ItemsController#tags as JSON
I, [2015-06-10T10:01:55.637549 #5458]  INFO -- : Started GET "/items/search?query=&rating=&tags=" for 127.0.0.1 at 2015-06-10 10:01:55 +0000
I, [2015-06-10T10:01:55.639745 #12686]  INFO -- : Completed 200 OK in 9ms (Views: 1.6ms | ActiveRecord: 1.1ms)
I, [2015-06-10T10:01:55.644285 #5458]  INFO -- : Processing by ItemsController#search as JSON
I, [2015-06-10T10:01:55.644447 #5458]  INFO -- :   Parameters: {"query"=>"", "rating"=>"", "tags"=>""}
I, [2015-06-10T10:01:55.660220 #5458]  INFO -- :   Rendered items/index.rabl (3.9ms)
I, [2015-06-10T10:01:55.660585 #5458]  INFO -- : Completed 200 OK in 16ms (Views: 4.1ms | ActiveRecord: 1.2ms)
I, [2015-06-10T10:01:57.205265 #12686]  INFO -- : Started GET "/" for 127.0.0.1 at 2015-06-10 10:01:57 +0000
I, [2015-06-10T10:01:57.211174 #12686]  INFO -- : Processing by TreeController#index as HTML
I, [2015-06-10T10:01:57.216736 #12686]  INFO -- :   Rendered tree/index.html.erb within layouts/pixeladmin (2.3ms)
I, [2015-06-10T10:01:57.218668 #12686]  INFO -- :   Rendered layouts/_main_navbar.html.erb (0.8ms)
I, [2015-06-10T10:01:57.218953 #12686]  INFO -- :   Rendered layouts/_main_menu.html.erb (0.1ms)
I, [2015-06-10T10:01:57.219203 #12686]  INFO -- : Completed 200 OK in 8ms (Views: 4.8ms | ActiveRecord: 1.0ms)
I, [2015-06-10T10:01:57.855435 #10034]  INFO -- : Started GET "/items/tags" for 127.0.0.1 at 2015-06-10 10:01:57 +0000
I, [2015-06-10T10:01:57.860145 #10034]  INFO -- : Processing by ItemsController#tags as JSON
I, [2015-06-10T10:01:57.864160 #10034]  INFO -- : Completed 200 OK in 4ms (Views: 0.2ms | ActiveRecord: 1.2ms)
I, [2015-06-10T10:01:57.866287 #10040]  INFO -- : Started GET "/items/search?query=&rating=&tags=" for 127.0.0.1 at 2015-06-10 10:01:57 +0000
I, [2015-06-10T10:01:57.871676 #10040]  INFO -- : Processing by ItemsController#search as JSON
I, [2015-06-10T10:01:57.871821 #10040]  INFO -- :   Parameters: {"query"=>"", "rating"=>"", "tags"=>""}
I, [2015-06-10T10:01:57.888271 #10040]  INFO -- :   Rendered items/index.rabl (3.1ms)
I, [2015-06-10T10:01:57.888520 #10040]  INFO -- : Completed 200 OK in 17ms (Views: 2.8ms | ActiveRecord: 1.9ms)
I, [2015-06-10T10:02:02.579859 #5458]  INFO -- : Started GET "/" for 127.0.0.1 at 2015-06-10 10:02:02 +0000
I, [2015-06-10T10:02:02.584965 #5458]  INFO -- : Processing by TreeController#index as HTML
I, [2015-06-10T10:02:02.589894 #5458]  INFO -- :   Rendered tree/index.html.erb within layouts/pixeladmin (2.2ms)
I, [2015-06-10T10:02:02.593104 #5458]  INFO -- :   Rendered layouts/_main_navbar.html.erb (1.0ms)
I, [2015-06-10T10:02:02.593430 #5458]  INFO -- :   Rendered layouts/_main_menu.html.erb (0.1ms)
I, [2015-06-10T10:02:02.593810 #5458]  INFO -- : Completed 200 OK in 9ms (Views: 5.9ms | ActiveRecord: 1.2ms)
I, [2015-06-10T10:02:03.088009 #10034]  INFO -- : Started GET "/items/tags" for 127.0.0.1 at 2015-06-10 10:02:03 +0000
I, [2015-06-10T10:02:03.093620 #10034]  INFO -- : Processing by ItemsController#tags as JSON
I, [2015-06-10T10:02:03.098216 #10034]  INFO -- : Completed 200 OK in 4ms (Views: 0.3ms | ActiveRecord: 1.2ms)
I, [2015-06-10T10:02:13.805618 #5442]  INFO -- : Started GET "/containers/8" for 127.0.0.1 at 2015-06-10 10:02:13 +0000
I, [2015-06-10T10:02:13.810510 #5442]  INFO -- : Processing by ContainersController#show as */*
I, [2015-06-10T10:02:13.810608 #5442]  INFO -- :   Parameters: {"id"=>"8"}
I, [2015-06-10T10:02:13.838643 #5442]  INFO -- : Completed 200 OK in 28ms (Views: 0.7ms | ActiveRecord: 7.3ms)
I, [2015-06-10T10:02:13.871976 #10040]  INFO -- : Started GET "/items/tags" for 127.0.0.1 at 2015-06-10 10:02:13 +0000
I, [2015-06-10T10:02:13.876688 #10040]  INFO -- : Processing by ItemsController#tags as JSON
I, [2015-06-10T10:02:13.881596 #10040]  INFO -- : Completed 200 OK in 5ms (Views: 0.3ms | ActiveRecord: 1.2ms)
I, [2015-06-10T10:02:13.883601 #12686]  INFO -- : Started GET "/containers/8/items" for 127.0.0.1 at 2015-06-10 10:02:13 +0000
I, [2015-06-10T10:02:13.889166 #12686]  INFO -- : Processing by ItemsController#root as JSON
I, [2015-06-10T10:02:13.889255 #12686]  INFO -- :   Parameters: {"id"=>"8"}
I, [2015-06-10T10:02:13.897645 #12686]  INFO -- :   Rendered items/index.rabl (4.0ms)
I, [2015-06-10T10:02:13.898160 #12686]  INFO -- : Completed 200 OK in 9ms (Views: 3.1ms | ActiveRecord: 2.8ms)
I, [2015-06-10T10:02:18.732909 #5453]  INFO -- : Started GET "/folders/1103" for 127.0.0.1 at 2015-06-10 10:02:18 +0000
I, [2015-06-10T10:02:18.740360 #5453]  INFO -- : Processing by FoldersController#show as */*
I, [2015-06-10T10:02:18.740647 #5453]  INFO -- :   Parameters: {"id"=>"1103"}
I, [2015-06-10T10:02:18.767895 #10034]  INFO -- : Started GET "/items/tags" for 127.0.0.1 at 2015-06-10 10:02:18 +0000
I, [2015-06-10T10:02:18.772937 #10034]  INFO -- : Processing by ItemsController#tags as JSON
I, [2015-06-10T10:02:18.776130 #5453]  INFO -- : Completed 200 OK in 35ms (Views: 1.8ms | ActiveRecord: 10.6ms)
I, [2015-06-10T10:02:18.777895 #5458]  INFO -- : Started GET "/folders/1103/items" for 127.0.0.1 at 2015-06-10 10:02:18 +0000
I, [2015-06-10T10:02:18.781124 #10034]  INFO -- : Completed 200 OK in 8ms (Views: 1.0ms | ActiveRecord: 1.2ms)
I, [2015-06-10T10:02:18.781915 #5458]  INFO -- : Processing by ItemsController#index as JSON
I, [2015-06-10T10:02:18.781998 #5458]  INFO -- :   Parameters: {"folder_id"=>"1103"}
I, [2015-06-10T10:02:18.788444 #5458]  INFO -- :   Rendered items/index.rabl (2.7ms)
I, [2015-06-10T10:02:18.788809 #5458]  INFO -- : Completed 200 OK in 7ms (Views: 2.3ms | ActiveRecord: 2.3ms)
I, [2015-06-10T10:02:21.365698 #5453]  INFO -- : Started GET "/folders/1105" for 127.0.0.1 at 2015-06-10 10:02:21 +0000
I, [2015-06-10T10:02:21.369965 #5453]  INFO -- : Processing by FoldersController#show as */*
I, [2015-06-10T10:02:21.370051 #5453]  INFO -- :   Parameters: {"id"=>"1105"}
I, [2015-06-10T10:02:21.394562 #5453]  INFO -- : Completed 200 OK in 24ms (Views: 0.4ms | ActiveRecord: 7.8ms)
I, [2015-06-10T10:02:21.398994 #10040]  INFO -- : Started GET "/items/tags" for 127.0.0.1 at 2015-06-10 10:02:21 +0000
I, [2015-06-10T10:02:21.403224 #10040]  INFO -- : Processing by ItemsController#tags as JSON
I, [2015-06-10T10:02:21.407734 #10040]  INFO -- : Completed 200 OK in 4ms (Views: 0.3ms | ActiveRecord: 1.2ms)
I, [2015-06-10T10:02:21.409524 #10034]  INFO -- : Started GET "/folders/1105/items" for 127.0.0.1 at 2015-06-10 10:02:21 +0000
I, [2015-06-10T10:02:21.413291 #10034]  INFO -- : Processing by ItemsController#index as JSON
I, [2015-06-10T10:02:21.413372 #10034]  INFO -- :   Parameters: {"folder_id"=>"1105"}
I, [2015-06-10T10:02:21.423936 #10034]  INFO -- :   Rendered items/index.rabl (3.2ms)
I, [2015-06-10T10:02:21.424336 #10034]  INFO -- : Completed 200 OK in 11ms (Views: 2.7ms | ActiveRecord: 2.7ms)
I, [2015-06-10T10:02:22.843981 #5422]  INFO -- : Started GET "/folders/1102" for 127.0.0.1 at 2015-06-10 10:02:22 +0000
I, [2015-06-10T10:02:22.848297 #5422]  INFO -- : Processing by FoldersController#show as */*
I, [2015-06-10T10:02:22.848442 #5422]  INFO -- :   Parameters: {"id"=>"1102"}
I, [2015-06-10T10:02:22.883579 #10034]  INFO -- : Started GET "/folders/1102/items" for 127.0.0.1 at 2015-06-10 10:02:22 +0000
I, [2015-06-10T10:02:22.887167 #10034]  INFO -- : Processing by ItemsController#index as JSON
I, [2015-06-10T10:02:22.887243 #10034]  INFO -- :   Parameters: {"folder_id"=>"1102"}
I, [2015-06-10T10:02:22.894648 #10040]  INFO -- : Started GET "/items/tags" for 127.0.0.1 at 2015-06-10 10:02:22 +0000
I, [2015-06-10T10:02:22.899848 #10034]  INFO -- :   Rendered items/index.rabl (8.1ms)
I, [2015-06-10T10:02:22.899889 #10040]  INFO -- : Processing by ItemsController#tags as JSON
I, [2015-06-10T10:02:22.900196 #10034]  INFO -- : Completed 200 OK in 13ms (Views: 5.0ms | ActiveRecord: 5.3ms)
I, [2015-06-10T10:02:22.904475 #10040]  INFO -- : Completed 200 OK in 4ms (Views: 0.2ms | ActiveRecord: 1.3ms)
I, [2015-06-10T10:02:22.926267 #5422]  INFO -- : Completed 200 OK in 78ms (Views: 0.7ms | ActiveRecord: 22.6ms)
I, [2015-06-10T10:02:24.579326 #10040]  INFO -- : Started GET "/folders/1110" for 127.0.0.1 at 2015-06-10 10:02:24 +0000
I, [2015-06-10T10:02:24.586821 #10040]  INFO -- : Processing by FoldersController#show as */*
I, [2015-06-10T10:02:24.587020 #10040]  INFO -- :   Parameters: {"id"=>"1110"}
I, [2015-06-10T10:02:24.597047 #10040]  INFO -- : Completed 200 OK in 10ms (Views: 0.3ms | ActiveRecord: 3.2ms)
I, [2015-06-10T10:02:24.620156 #12686]  INFO -- : Started GET "/items/tags" for 127.0.0.1 at 2015-06-10 10:02:24 +0000
I, [2015-06-10T10:02:24.624879 #12686]  INFO -- : Processing by ItemsController#tags as JSON
I, [2015-06-10T10:02:24.629753 #12686]  INFO -- : Completed 200 OK in 5ms (Views: 0.3ms | ActiveRecord: 1.0ms)
I, [2015-06-10T10:02:24.631081 #5448]  INFO -- : Started GET "/folders/1110/items" for 127.0.0.1 at 2015-06-10 10:02:24 +0000
I, [2015-06-10T10:02:24.635842 #5448]  INFO -- : Processing by ItemsController#index as JSON
I, [2015-06-10T10:02:24.635917 #5448]  INFO -- :   Parameters: {"folder_id"=>"1110"}
I, [2015-06-10T10:02:24.644442 #5448]  INFO -- :   Rendered items/index.rabl (4.7ms)
I, [2015-06-10T10:02:24.644717 #5448]  INFO -- : Completed 200 OK in 9ms (Views: 4.2ms | ActiveRecord: 2.4ms)
I, [2015-06-10T10:02:27.583285 #5453]  INFO -- : Started GET "/items/1306" for 127.0.0.1 at 2015-06-10 10:02:27 +0000
I, [2015-06-10T10:02:27.589018 #5453]  INFO -- : Processing by ItemsController#show as JSON
I, [2015-06-10T10:02:27.589144 #5453]  INFO -- :   Parameters: {"id"=>"1306"}
I, [2015-06-10T10:02:27.598316 #5453]  INFO -- :   Rendered items/show.rabl (4.8ms)
I, [2015-06-10T10:02:27.598565 #5453]  INFO -- : Completed 200 OK in 9ms (Views: 4.8ms | ActiveRecord: 2.3ms)
I, [2015-06-10T10:02:54.447786 #5442]  INFO -- : Started GET "/folders/1106" for 127.0.0.1 at 2015-06-10 10:02:54 +0000
I, [2015-06-10T10:02:54.453177 #5442]  INFO -- : Processing by FoldersController#show as */*
I, [2015-06-10T10:02:54.453279 #5442]  INFO -- :   Parameters: {"id"=>"1106"}
I, [2015-06-10T10:02:54.460307 #5442]  INFO -- : Completed 200 OK in 7ms (Views: 0.2ms | ActiveRecord: 2.6ms)
I, [2015-06-10T10:02:54.485213 #5422]  INFO -- : Started GET "/items/tags" for 127.0.0.1 at 2015-06-10 10:02:54 +0000
I, [2015-06-10T10:02:54.490179 #5422]  INFO -- : Processing by ItemsController#tags as JSON
I, [2015-06-10T10:02:54.495834 #5422]  INFO -- : Completed 200 OK in 5ms (Views: 1.2ms | ActiveRecord: 1.2ms)
I, [2015-06-10T10:02:54.495887 #5458]  INFO -- : Started GET "/folders/1106/items" for 127.0.0.1 at 2015-06-10 10:02:54 +0000
I, [2015-06-10T10:02:54.500369 #5458]  INFO -- : Processing by ItemsController#index as JSON
I, [2015-06-10T10:02:54.500492 #5458]  INFO -- :   Parameters: {"folder_id"=>"1106"}
I, [2015-06-10T10:02:54.508978 #5458]  INFO -- :   Rendered items/index.rabl (4.0ms)
I, [2015-06-10T10:02:54.509354 #5458]  INFO -- : Completed 200 OK in 9ms (Views: 3.9ms | ActiveRecord: 2.5ms)
I, [2015-06-10T10:02:56.738352 #10034]  INFO -- : Started GET "/items/1311" for 127.0.0.1 at 2015-06-10 10:02:56 +0000
I, [2015-06-10T10:02:56.743031 #10034]  INFO -- : Processing by ItemsController#show as JSON
I, [2015-06-10T10:02:56.743123 #10034]  INFO -- :   Parameters: {"id"=>"1311"}
I, [2015-06-10T10:02:56.754051 #10034]  INFO -- :   Rendered items/show.rabl (6.9ms)
I, [2015-06-10T10:02:56.754375 #10034]  INFO -- : Completed 200 OK in 11ms (Views: 6.7ms | ActiveRecord: 2.3ms)
I, [2015-06-10T10:03:03.386690 #12686]  INFO -- : Started PUT "/items/1311" for 127.0.0.1 at 2015-06-10 10:03:03 +0000
I, [2015-06-10T10:03:03.392791 #12686]  INFO -- : Processing by ItemsController#update as JSON
I, [2015-06-10T10:03:03.392962 #12686]  INFO -- :   Parameters: {"item"=>{"id"=>1311, "name"=>"agression 300dpi", "filename"=>"agression 300dpi.tif", "description"=>nil, "full_filename"=>"28 Millimètres, Portrait d'une Génération/Photo/1 precollage/B portraits finaux/agression 300dpi.tif", "rate"=>0, "extname"=>".tif", "content_type"=>"image/tiff", "tag_list"=>["book28"], "filename_without_extension"=>"28 Millimètres, Portrait d'une Génération/Photo/1 precollage/B portraits finaux/agression 300dpi", "full_path_with_container"=>"JR/28 Millimètres, Portrait d'une Génération/Photo/1 precollage/B portraits finaux/agression 300dpi.tif", "url"=>"http://files.cloudmyart.com/files/inline/thumb/1311", "raw_url"=>"http://files.cloudmyart.com/files/attachment/real/1311?raw=true", "original_url"=>"http://files.cloudmyart.com/files/attachment/highres/1311?", "inline_highres_url"=>"http://files.cloudmyart.com/files/inline/highres/1311", "inline_medium_url"=>"http://files.cloudmyart.com/files/inline/medium/1311", "size"=>"5.58 MB", "exif"=>{}}, "id"=>"1311"}
I, [2015-06-10T10:03:08.924700 #5453]  INFO -- : Started GET "/folders/1107" for 127.0.0.1 at 2015-06-10 10:03:08 +0000
I, [2015-06-10T10:03:08.928615 #5453]  INFO -- : Processing by FoldersController#show as */*
I, [2015-06-10T10:03:08.928676 #5453]  INFO -- :   Parameters: {"id"=>"1107"}
I, [2015-06-10T10:03:08.933641 #5453]  INFO -- : Completed 200 OK in 5ms (Views: 0.2ms | ActiveRecord: 2.1ms)
I, [2015-06-10T10:03:08.966242 #5453]  INFO -- : Started GET "/items/tags" for 127.0.0.1 at 2015-06-10 10:03:08 +0000
I, [2015-06-10T10:03:08.970435 #5453]  INFO -- : Processing by ItemsController#tags as JSON
I, [2015-06-10T10:03:08.974673 #5453]  INFO -- : Completed 200 OK in 4ms (Views: 0.2ms | ActiveRecord: 1.7ms)
I, [2015-06-10T10:03:09.000636 #10034]  INFO -- : Started GET "/folders/1107/items" for 127.0.0.1 at 2015-06-10 10:03:09 +0000
I, [2015-06-10T10:03:09.006716 #10034]  INFO -- : Processing by ItemsController#index as JSON
I, [2015-06-10T10:03:09.006806 #10034]  INFO -- :   Parameters: {"folder_id"=>"1107"}
I, [2015-06-10T10:03:09.020388 #10034]  INFO -- :   Rendered items/index.rabl (5.0ms)
I, [2015-06-10T10:03:09.020754 #10034]  INFO -- : Completed 200 OK in 14ms (Views: 5.4ms | ActiveRecord: 2.6ms)
I, [2015-06-10T10:03:09.429217 #12686]  INFO -- :   Rendered items/show.rabl (3.9ms)
I, [2015-06-10T10:03:09.429596 #12686]  INFO -- : Completed 200 OK in 6036ms (Views: 4.9ms | ActiveRecord: 15.8ms)
I, [2015-06-10T10:03:11.759790 #10034]  INFO -- : Started GET "/folders/1108" for 127.0.0.1 at 2015-06-10 10:03:11 +0000
I, [2015-06-10T10:03:11.765560 #10034]  INFO -- : Processing by FoldersController#show as */*
I, [2015-06-10T10:03:11.765624 #10034]  INFO -- :   Parameters: {"id"=>"1108"}
I, [2015-06-10T10:03:11.772096 #10034]  INFO -- : Completed 200 OK in 6ms (Views: 0.2ms | ActiveRecord: 2.3ms)
I, [2015-06-10T10:03:11.792373 #5448]  INFO -- : Started GET "/items/tags" for 127.0.0.1 at 2015-06-10 10:03:11 +0000
I, [2015-06-10T10:03:11.797142 #5448]  INFO -- : Processing by ItemsController#tags as JSON
I, [2015-06-10T10:03:11.801951 #5448]  INFO -- : Completed 200 OK in 5ms (Views: 0.3ms | ActiveRecord: 1.6ms)
I, [2015-06-10T10:03:11.803125 #5422]  INFO -- : Started GET "/folders/1108/items" for 127.0.0.1 at 2015-06-10 10:03:11 +0000
I, [2015-06-10T10:03:11.807306 #5422]  INFO -- : Processing by ItemsController#index as JSON
I, [2015-06-10T10:03:11.807436 #5422]  INFO -- :   Parameters: {"folder_id"=>"1108"}
I, [2015-06-10T10:03:11.813511 #5422]  INFO -- :   Rendered items/index.rabl (2.6ms)
I, [2015-06-10T10:03:11.813769 #5422]  INFO -- : Completed 200 OK in 6ms (Views: 2.4ms | ActiveRecord: 2.0ms)
I, [2015-06-10T10:03:13.397445 #10040]  INFO -- : Started GET "/folders/1109" for 127.0.0.1 at 2015-06-10 10:03:13 +0000
I, [2015-06-10T10:03:13.412591 #10040]  INFO -- : Processing by FoldersController#show as */*
I, [2015-06-10T10:03:13.412759 #10040]  INFO -- :   Parameters: {"id"=>"1109"}
I, [2015-06-10T10:03:13.436755 #5422]  INFO -- : Started GET "/items/tags" for 127.0.0.1 at 2015-06-10 10:03:13 +0000
I, [2015-06-10T10:03:13.440976 #5422]  INFO -- : Processing by ItemsController#tags as JSON
I, [2015-06-10T10:03:13.445051 #5422]  INFO -- : Completed 200 OK in 4ms (Views: 0.2ms | ActiveRecord: 1.2ms)
I, [2015-06-10T10:03:13.446813 #5448]  INFO -- : Started GET "/folders/1109/items" for 127.0.0.1 at 2015-06-10 10:03:13 +0000
I, [2015-06-10T10:03:13.451066 #5448]  INFO -- : Processing by ItemsController#index as JSON
I, [2015-06-10T10:03:13.451134 #5448]  INFO -- :   Parameters: {"folder_id"=>"1109"}
I, [2015-06-10T10:03:13.457198 #5448]  INFO -- :   Rendered items/index.rabl (2.4ms)
I, [2015-06-10T10:03:13.457413 #5448]  INFO -- : Completed 200 OK in 6ms (Views: 2.1ms | ActiveRecord: 2.2ms)
I, [2015-06-10T10:03:13.476609 #10040]  INFO -- : Completed 200 OK in 64ms (Views: 0.6ms | ActiveRecord: 12.8ms)
I, [2015-06-10T10:03:14.932358 #5448]  INFO -- : Started GET "/folders/1111" for 127.0.0.1 at 2015-06-10 10:03:14 +0000
I, [2015-06-10T10:03:14.936674 #5448]  INFO -- : Processing by FoldersController#show as */*
I, [2015-06-10T10:03:14.936779 #5448]  INFO -- :   Parameters: {"id"=>"1111"}
I, [2015-06-10T10:03:14.942245 #5448]  INFO -- : Completed 200 OK in 5ms (Views: 0.3ms | ActiveRecord: 2.1ms)
I, [2015-06-10T10:03:14.962839 #12686]  INFO -- : Started GET "/items/tags" for 127.0.0.1 at 2015-06-10 10:03:14 +0000
I, [2015-06-10T10:03:14.971095 #12686]  INFO -- : Processing by ItemsController#tags as JSON
I, [2015-06-10T10:03:14.972619 #10034]  INFO -- : Started GET "/folders/1111/items" for 127.0.0.1 at 2015-06-10 10:03:14 +0000
I, [2015-06-10T10:03:14.978446 #10034]  INFO -- : Processing by ItemsController#index as JSON
I, [2015-06-10T10:03:14.978514 #10034]  INFO -- :   Parameters: {"folder_id"=>"1111"}
I, [2015-06-10T10:03:14.984303 #12686]  INFO -- : Completed 200 OK in 13ms (Views: 0.3ms | ActiveRecord: 3.5ms)
I, [2015-06-10T10:03:14.990854 #10034]  INFO -- :   Rendered items/index.rabl (3.6ms)
I, [2015-06-10T10:03:14.991269 #10034]  INFO -- : Completed 200 OK in 13ms (Views: 2.7ms | ActiveRecord: 6.9ms)
I, [2015-06-10T10:03:16.609605 #5422]  INFO -- : Started GET "/folders/1113" for 127.0.0.1 at 2015-06-10 10:03:16 +0000
I, [2015-06-10T10:03:16.614493 #5422]  INFO -- : Processing by FoldersController#show as */*
I, [2015-06-10T10:03:16.614585 #5422]  INFO -- :   Parameters: {"id"=>"1113"}
I, [2015-06-10T10:03:16.620972 #5422]  INFO -- : Completed 200 OK in 6ms (Views: 0.2ms | ActiveRecord: 2.2ms)
I, [2015-06-10T10:03:16.638169 #5458]  INFO -- : Started GET "/items/tags" for 127.0.0.1 at 2015-06-10 10:03:16 +0000
I, [2015-06-10T10:03:16.643529 #5458]  INFO -- : Processing by ItemsController#tags as JSON
I, [2015-06-10T10:03:16.648563 #5453]  INFO -- : Started GET "/folders/1113/items" for 127.0.0.1 at 2015-06-10 10:03:16 +0000
I, [2015-06-10T10:03:16.652938 #5453]  INFO -- : Processing by ItemsController#index as JSON
I, [2015-06-10T10:03:16.653023 #5453]  INFO -- :   Parameters: {"folder_id"=>"1113"}
I, [2015-06-10T10:03:16.655572 #5458]  INFO -- : Completed 200 OK in 12ms (Views: 0.4ms | ActiveRecord: 2.5ms)
I, [2015-06-10T10:03:16.660534 #5453]  INFO -- :   Rendered items/index.rabl (3.1ms)
I, [2015-06-10T10:03:16.660726 #5453]  INFO -- : Completed 200 OK in 8ms (Views: 2.7ms | ActiveRecord: 2.4ms)
I, [2015-06-10T10:03:18.588591 #5442]  INFO -- : Started GET "/folders/1114" for 127.0.0.1 at 2015-06-10 10:03:18 +0000
I, [2015-06-10T10:03:18.594697 #5442]  INFO -- : Processing by FoldersController#show as */*
I, [2015-06-10T10:03:18.594786 #5442]  INFO -- :   Parameters: {"id"=>"1114"}
I, [2015-06-10T10:03:18.620308 #5453]  INFO -- : Started GET "/items/tags" for 127.0.0.1 at 2015-06-10 10:03:18 +0000
I, [2015-06-10T10:03:18.624726 #5453]  INFO -- : Processing by ItemsController#tags as JSON
I, [2015-06-10T10:03:18.628403 #5453]  INFO -- : Completed 200 OK in 4ms (Views: 0.2ms | ActiveRecord: 0.9ms)
I, [2015-06-10T10:03:18.630077 #5458]  INFO -- : Started GET "/folders/1114/items" for 127.0.0.1 at 2015-06-10 10:03:18 +0000
I, [2015-06-10T10:03:18.635149 #5458]  INFO -- : Processing by ItemsController#index as JSON
I, [2015-06-10T10:03:18.635230 #5458]  INFO -- :   Parameters: {"folder_id"=>"1114"}
I, [2015-06-10T10:03:18.641580 #5458]  INFO -- :   Rendered items/index.rabl (2.7ms)
I, [2015-06-10T10:03:18.641836 #5458]  INFO -- : Completed 200 OK in 6ms (Views: 2.5ms | ActiveRecord: 2.0ms)
I, [2015-06-10T10:03:18.675800 #5442]  INFO -- : Completed 200 OK in 81ms (Views: 1.0ms | ActiveRecord: 28.8ms)
I, [2015-06-10T10:03:21.065634 #5422]  INFO -- : Started GET "/folders/1119" for 127.0.0.1 at 2015-06-10 10:03:21 +0000
I, [2015-06-10T10:03:21.070567 #5422]  INFO -- : Processing by FoldersController#show as */*
I, [2015-06-10T10:03:21.070656 #5422]  INFO -- :   Parameters: {"id"=>"1119"}
I, [2015-06-10T10:03:21.076818 #5422]  INFO -- : Completed 200 OK in 6ms (Views: 0.2ms | ActiveRecord: 2.4ms)
I, [2015-06-10T10:03:21.085008 #10034]  INFO -- : Started GET "/items/tags" for 127.0.0.1 at 2015-06-10 10:03:21 +0000
I, [2015-06-10T10:03:21.090464 #10034]  INFO -- : Processing by ItemsController#tags as JSON
I, [2015-06-10T10:03:21.095522 #10040]  INFO -- : Started GET "/folders/1119/items" for 127.0.0.1 at 2015-06-10 10:03:21 +0000
I, [2015-06-10T10:03:21.097180 #10034]  INFO -- : Completed 200 OK in 6ms (Views: 0.3ms | ActiveRecord: 2.4ms)
I, [2015-06-10T10:03:21.101006 #10040]  INFO -- : Processing by ItemsController#index as JSON
I, [2015-06-10T10:03:21.101090 #10040]  INFO -- :   Parameters: {"folder_id"=>"1119"}
I, [2015-06-10T10:03:21.112864 #10040]  INFO -- :   Rendered items/index.rabl (6.1ms)
I, [2015-06-10T10:03:21.113262 #10040]  INFO -- : Completed 200 OK in 12ms (Views: 6.2ms | ActiveRecord: 2.3ms)
I, [2015-06-10T10:03:22.386407 #5453]  INFO -- : Started GET "/items/1309" for 127.0.0.1 at 2015-06-10 10:03:22 +0000
I, [2015-06-10T10:03:22.390454 #5453]  INFO -- : Processing by ItemsController#show as JSON
I, [2015-06-10T10:03:22.390579 #5453]  INFO -- :   Parameters: {"id"=>"1309"}
I, [2015-06-10T10:03:22.403281 #5453]  INFO -- :   Rendered items/show.rabl (8.1ms)
I, [2015-06-10T10:03:22.403652 #5453]  INFO -- : Completed 200 OK in 13ms (Views: 7.9ms | ActiveRecord: 2.6ms)
I, [2015-06-10T10:03:26.572636 #12686]  INFO -- : Started PUT "/items/1309" for 127.0.0.1 at 2015-06-10 10:03:26 +0000
I, [2015-06-10T10:03:26.578451 #12686]  INFO -- : Processing by ItemsController#update as JSON
I, [2015-06-10T10:03:26.578648 #12686]  INFO -- :   Parameters: {"item"=>{"id"=>1309, "name"=>"alogo", "filename"=>"alogo.jpg", "description"=>nil, "full_filename"=>"28 Millimètres, Portrait d'une Génération/Photo/2 collage/D: selection press/alogo.jpg", "rate"=>0, "extname"=>".jpg", "content_type"=>"image/jpeg", "tag_list"=>["book"], "filename_without_extension"=>"28 Millimètres, Portrait d'une Génération/Photo/2 collage/D: selection press/alogo", "full_path_with_container"=>"JR/28 Millimètres, Portrait d'une Génération/Photo/2 collage/D: selection press/alogo.jpg", "url"=>"http://files.cloudmyart.com/files/inline/thumb/1309", "raw_url"=>nil, "original_url"=>"http://files.cloudmyart.com/files/attachment/highres/1309?", "inline_highres_url"=>"http://files.cloudmyart.com/files/inline/highres/1309", "inline_medium_url"=>"http://files.cloudmyart.com/files/inline/medium/1309", "size"=>"2.29 KB", "exif"=>{}}, "id"=>"1309"}
I, [2015-06-10T10:03:27.728257 #12686]  INFO -- :   Rendered items/show.rabl (3.2ms)
I, [2015-06-10T10:03:27.728614 #12686]  INFO -- : Completed 200 OK in 1150ms (Views: 4.0ms | ActiveRecord: 12.8ms)
I, [2015-06-10T10:03:30.303239 #5453]  INFO -- : Started GET "/items/tags" for 127.0.0.1 at 2015-06-10 10:03:30 +0000
I, [2015-06-10T10:03:30.308256 #5453]  INFO -- : Processing by ItemsController#tags as JSON
I, [2015-06-10T10:03:30.313780 #5458]  INFO -- : Started GET "/folders/1103/items" for 127.0.0.1 at 2015-06-10 10:03:30 +0000
I, [2015-06-10T10:03:30.316546 #5453]  INFO -- : Completed 200 OK in 8ms (Views: 0.2ms | ActiveRecord: 3.6ms)
I, [2015-06-10T10:03:30.318590 #5458]  INFO -- : Processing by ItemsController#index as JSON
I, [2015-06-10T10:03:30.318670 #5458]  INFO -- :   Parameters: {"folder_id"=>"1103"}
I, [2015-06-10T10:03:30.326193 #5458]  INFO -- :   Rendered items/index.rabl (2.7ms)
I, [2015-06-10T10:03:30.326406 #5458]  INFO -- : Completed 200 OK in 8ms (Views: 2.3ms | ActiveRecord: 2.3ms)
I, [2015-06-10T10:03:31.477166 #5448]  INFO -- : Started GET "/items/tags" for 127.0.0.1 at 2015-06-10 10:03:31 +0000
I, [2015-06-10T10:03:31.481839 #5448]  INFO -- : Processing by ItemsController#tags as JSON
I, [2015-06-10T10:03:31.485196 #5448]  INFO -- : Completed 200 OK in 3ms (Views: 0.2ms | ActiveRecord: 1.0ms)
I, [2015-06-10T10:03:31.487840 #5422]  INFO -- : Started GET "/containers/8/items" for 127.0.0.1 at 2015-06-10 10:03:31 +0000
I, [2015-06-10T10:03:31.492624 #5422]  INFO -- : Processing by ItemsController#root as JSON
I, [2015-06-10T10:03:31.492721 #5422]  INFO -- :   Parameters: {"id"=>"8"}
I, [2015-06-10T10:03:31.500859 #5422]  INFO -- :   Rendered items/index.rabl (3.0ms)
I, [2015-06-10T10:03:31.501095 #5422]  INFO -- : Completed 200 OK in 8ms (Views: 2.5ms | ActiveRecord: 2.7ms)
I, [2015-06-10T10:03:36.821769 #5453]  INFO -- : Started GET "/items/tags" for 127.0.0.1 at 2015-06-10 10:03:36 +0000
I, [2015-06-10T10:03:36.831865 #5448]  INFO -- : Started GET "/items/search?query=&rating=&tags=book28" for 127.0.0.1 at 2015-06-10 10:03:36 +0000
I, [2015-06-10T10:03:36.836496 #5448]  INFO -- : Processing by ItemsController#search as JSON
I, [2015-06-10T10:03:36.836602 #5448]  INFO -- :   Parameters: {"query"=>"", "rating"=>"", "tags"=>"book28"}
I, [2015-06-10T10:03:36.840483 #5453]  INFO -- : Processing by ItemsController#tags as JSON
I, [2015-06-10T10:03:36.845622 #5453]  INFO -- : Completed 200 OK in 5ms (Views: 0.2ms | ActiveRecord: 1.4ms)
I, [2015-06-10T10:03:36.860195 #5448]  INFO -- :   Rendered items/index.rabl (6.9ms)
I, [2015-06-10T10:03:36.860519 #5448]  INFO -- : Completed 200 OK in 24ms (Views: 6.8ms | ActiveRecord: 1.4ms)
I, [2015-06-10T10:03:45.230086 #10040]  INFO -- : Started GET "/items/tags" for 127.0.0.1 at 2015-06-10 10:03:45 +0000
I, [2015-06-10T10:03:45.238213 #10040]  INFO -- : Processing by ItemsController#tags as JSON
I, [2015-06-10T10:03:45.240687 #5458]  INFO -- : Started GET "/items/search?query=&rating=&tags=book" for 127.0.0.1 at 2015-06-10 10:03:45 +0000
I, [2015-06-10T10:03:45.246663 #5458]  INFO -- : Processing by ItemsController#search as JSON
I, [2015-06-10T10:03:45.246782 #5458]  INFO -- :   Parameters: {"query"=>"", "rating"=>"", "tags"=>"book"}
I, [2015-06-10T10:03:45.249231 #10040]  INFO -- : Completed 200 OK in 11ms (Views: 0.4ms | ActiveRecord: 3.8ms)
I, [2015-06-10T10:03:45.270090 #5458]  INFO -- :   Rendered items/index.rabl (5.9ms)
I, [2015-06-10T10:03:45.270378 #5458]  INFO -- : Completed 200 OK in 23ms (Views: 5.5ms | ActiveRecord: 1.8ms)
I, [2015-06-10T10:03:53.745631 #12686]  INFO -- : Started GET "/containers/11" for 127.0.0.1 at 2015-06-10 10:03:53 +0000
I, [2015-06-10T10:03:53.754138 #12686]  INFO -- : Processing by ContainersController#show as */*
I, [2015-06-10T10:03:53.754232 #12686]  INFO -- :   Parameters: {"id"=>"11"}
I, [2015-06-10T10:03:53.777276 #5453]  INFO -- : Started GET "/items/tags" for 127.0.0.1 at 2015-06-10 10:03:53 +0000
I, [2015-06-10T10:03:53.781817 #5453]  INFO -- : Processing by ItemsController#tags as JSON
I, [2015-06-10T10:03:53.786455 #5453]  INFO -- : Completed 200 OK in 4ms (Views: 0.2ms | ActiveRecord: 1.1ms)
I, [2015-06-10T10:03:53.787942 #5448]  INFO -- : Started GET "/containers/11/items" for 127.0.0.1 at 2015-06-10 10:03:53 +0000
I, [2015-06-10T10:03:53.791569 #5448]  INFO -- : Processing by ItemsController#root as JSON
I, [2015-06-10T10:03:53.791638 #5448]  INFO -- :   Parameters: {"id"=>"11"}
I, [2015-06-10T10:03:53.799086 #5448]  INFO -- :   Rendered items/index.rabl (3.5ms)
I, [2015-06-10T10:03:53.799315 #5448]  INFO -- : Completed 200 OK in 8ms (Views: 2.1ms | ActiveRecord: 3.1ms)
I, [2015-06-10T10:03:53.891576 #12686]  INFO -- : Completed 200 OK in 137ms (Views: 2.1ms | ActiveRecord: 49.5ms)
I, [2015-06-10T10:03:56.931854 #10040]  INFO -- : Started GET "/folders/1149" for 127.0.0.1 at 2015-06-10 10:03:56 +0000
I, [2015-06-10T10:03:56.937128 #10040]  INFO -- : Processing by FoldersController#show as */*
I, [2015-06-10T10:03:56.937215 #10040]  INFO -- :   Parameters: {"id"=>"1149"}
I, [2015-06-10T10:03:56.944848 #10040]  INFO -- : Completed 200 OK in 7ms (Views: 0.2ms | ActiveRecord: 2.7ms)
I, [2015-06-10T10:03:56.992588 #10034]  INFO -- : Started GET "/items/tags" for 127.0.0.1 at 2015-06-10 10:03:56 +0000
I, [2015-06-10T10:03:56.999974 #10034]  INFO -- : Processing by ItemsController#tags as JSON
I, [2015-06-10T10:03:57.002077 #5442]  INFO -- : Started GET "/folders/1149/items" for 127.0.0.1 at 2015-06-10 10:03:57 +0000
I, [2015-06-10T10:03:57.007121 #5442]  INFO -- : Processing by ItemsController#index as JSON
I, [2015-06-10T10:03:57.007198 #5442]  INFO -- :   Parameters: {"folder_id"=>"1149"}
I, [2015-06-10T10:03:57.009064 #10034]  INFO -- : Completed 200 OK in 9ms (Views: 0.3ms | ActiveRecord: 3.9ms)
I, [2015-06-10T10:03:57.051250 #5442]  INFO -- :   Rendered items/index.rabl (38.8ms)
I, [2015-06-10T10:03:57.051644 #5442]  INFO -- : Completed 200 OK in 44ms (Views: 35.4ms | ActiveRecord: 5.5ms)
I, [2015-06-10T10:03:58.652317 #5458]  INFO -- : Started GET "/items/1518" for 127.0.0.1 at 2015-06-10 10:03:58 +0000
I, [2015-06-10T10:03:58.656967 #5458]  INFO -- : Processing by ItemsController#show as JSON
I, [2015-06-10T10:03:58.657031 #5458]  INFO -- :   Parameters: {"id"=>"1518"}
I, [2015-06-10T10:03:58.669021 #5458]  INFO -- :   Rendered items/show.rabl (8.3ms)
I, [2015-06-10T10:03:58.669353 #5458]  INFO -- : Completed 200 OK in 12ms (Views: 8.1ms | ActiveRecord: 2.3ms)
I, [2015-06-10T10:03:59.800580 #5422]  INFO -- : Started GET "/items/1516" for 127.0.0.1 at 2015-06-10 10:03:59 +0000
I, [2015-06-10T10:03:59.805626 #5422]  INFO -- : Processing by ItemsController#show as JSON
I, [2015-06-10T10:03:59.805732 #5422]  INFO -- :   Parameters: {"id"=>"1516"}
I, [2015-06-10T10:03:59.821733 #5422]  INFO -- :   Rendered items/show.rabl (11.0ms)
I, [2015-06-10T10:03:59.822157 #5422]  INFO -- : Completed 200 OK in 16ms (Views: 11.0ms | ActiveRecord: 2.3ms)
I, [2015-06-10T10:04:03.764593 #5458]  INFO -- : Started PUT "/items/1516" for 127.0.0.1 at 2015-06-10 10:04:03 +0000
I, [2015-06-10T10:04:03.772690 #5458]  INFO -- : Processing by ItemsController#update as JSON
I, [2015-06-10T10:04:03.772907 #5458]  INFO -- :   Parameters: {"item"=>{"id"=>1516, "name"=>"01 026", "filename"=>"01 026.jpg", "description"=>nil, "full_filename"=>"out/01 026.jpg", "rate"=>0, "extname"=>".jpg", "content_type"=>"image/jpeg", "tag_list"=>["book28"], "filename_without_extension"=>"out/01 026", "full_path_with_container"=>"SONIA_SIEFF/out/01 026.jpg", "url"=>"http://files.cloudmyart.com/files/inline/thumb/1516", "raw_url"=>nil, "original_url"=>"http://files.cloudmyart.com/files/attachment/highres/1516?", "inline_highres_url"=>"http://files.cloudmyart.com/files/inline/highres/1516", "inline_medium_url"=>"http://files.cloudmyart.com/files/inline/medium/1516", "size"=>"279 KB", "exif"=>{"pixels"=>"984 x 656", "f_number"=>"5.0", "iso"=>"640", "exposure_time"=>"1/125", "focal_length"=>"30.0mm", "iso_speed_ratings"=>"640", "coordinates"=>{}, "aperture"=>"4.63", "device_make"=>"Canon", "device_model"=>"Canon EOS 5D Mark II", "color_space"=>nil}}, "id"=>"1516"}
I, [2015-06-10T10:04:06.349779 #5458]  INFO -- :   Rendered items/show.rabl (6.4ms)
I, [2015-06-10T10:04:06.350160 #5458]  INFO -- : Completed 200 OK in 2577ms (Views: 7.4ms | ActiveRecord: 14.6ms)
I, [2015-06-10T10:04:06.444058 #5422]  INFO -- : Started GET "/items/1522" for 127.0.0.1 at 2015-06-10 10:04:06 +0000
I, [2015-06-10T10:04:06.449433 #5422]  INFO -- : Processing by ItemsController#show as JSON
I, [2015-06-10T10:04:06.449521 #5422]  INFO -- :   Parameters: {"id"=>"1522"}
I, [2015-06-10T10:04:06.464064 #5422]  INFO -- :   Rendered items/show.rabl (9.3ms)
I, [2015-06-10T10:04:06.464364 #5422]  INFO -- : Completed 200 OK in 15ms (Views: 9.4ms | ActiveRecord: 2.7ms)
I, [2015-06-10T10:04:10.356596 #10034]  INFO -- : Started PUT "/items/1522" for 127.0.0.1 at 2015-06-10 10:04:10 +0000
I, [2015-06-10T10:04:10.363113 #10034]  INFO -- : Processing by ItemsController#update as JSON
I, [2015-06-10T10:04:10.363432 #10034]  INFO -- :   Parameters: {"item"=>{"id"=>1522, "name"=>"01 075", "filename"=>"01 075.jpg", "description"=>nil, "full_filename"=>"out/01 075.jpg", "rate"=>0, "extname"=>".jpg", "content_type"=>"image/jpeg", "tag_list"=>["testtag"], "filename_without_extension"=>"out/01 075", "full_path_with_container"=>"SONIA_SIEFF/out/01 075.jpg", "url"=>"http://files.cloudmyart.com/files/inline/thumb/1522", "raw_url"=>nil, "original_url"=>"http://files.cloudmyart.com/files/attachment/highres/1522?", "inline_highres_url"=>"http://files.cloudmyart.com/files/inline/highres/1522", "inline_medium_url"=>"http://files.cloudmyart.com/files/inline/medium/1522", "size"=>"342 KB", "exif"=>{"pixels"=>"984 x 1312", "f_number"=>"11.0", "iso"=>"100", "exposure_time"=>"1347/336749", "focal_length"=>"100.0mm", "iso_speed_ratings"=>"100", "coordinates"=>{}, "aperture"=>"6.92", "device_make"=>"Phase One", "device_model"=>"P30+", "color_space"=>nil}}, "id"=>"1522"}
I, [2015-06-10T10:04:12.376724 #5442]  INFO -- : Started GET "/items/1516" for 127.0.0.1 at 2015-06-10 10:04:12 +0000
I, [2015-06-10T10:04:12.381730 #5442]  INFO -- : Processing by ItemsController#show as JSON
I, [2015-06-10T10:04:12.381846 #5442]  INFO -- :   Parameters: {"id"=>"1516"}
I, [2015-06-10T10:04:12.409136 #5442]  INFO -- :   Rendered items/show.rabl (20.9ms)
I, [2015-06-10T10:04:12.409473 #5442]  INFO -- : Completed 200 OK in 27ms (Views: 19.4ms | ActiveRecord: 5.1ms)
I, [2015-06-10T10:04:13.330643 #10034]  INFO -- :   Rendered items/show.rabl (8.5ms)
I, [2015-06-10T10:04:13.331301 #10034]  INFO -- : Completed 200 OK in 2968ms (Views: 10.0ms | ActiveRecord: 14.2ms)
I, [2015-06-10T10:04:13.833980 #5442]  INFO -- : Started GET "/items/1522" for 127.0.0.1 at 2015-06-10 10:04:13 +0000
I, [2015-06-10T10:04:13.839488 #5442]  INFO -- : Processing by ItemsController#show as JSON
I, [2015-06-10T10:04:13.839613 #5442]  INFO -- :   Parameters: {"id"=>"1522"}
I, [2015-06-10T10:04:13.853277 #5442]  INFO -- :   Rendered items/show.rabl (7.0ms)
I, [2015-06-10T10:04:13.853523 #5442]  INFO -- : Completed 200 OK in 14ms (Views: 7.0ms | ActiveRecord: 2.8ms)
I, [2015-06-10T10:04:15.647249 #10034]  INFO -- : Started GET "/items/1523" for 127.0.0.1 at 2015-06-10 10:04:15 +0000
I, [2015-06-10T10:04:15.652984 #10034]  INFO -- : Processing by ItemsController#show as JSON
I, [2015-06-10T10:04:15.653056 #10034]  INFO -- :   Parameters: {"id"=>"1523"}
I, [2015-06-10T10:04:15.665047 #10034]  INFO -- :   Rendered items/show.rabl (7.8ms)
I, [2015-06-10T10:04:15.665283 #10034]  INFO -- : Completed 200 OK in 12ms (Views: 7.4ms | ActiveRecord: 2.6ms)
I, [2015-06-10T10:04:18.708644 #10040]  INFO -- : Started PUT "/items/1523" for 127.0.0.1 at 2015-06-10 10:04:18 +0000
I, [2015-06-10T10:04:18.714062 #10040]  INFO -- : Processing by ItemsController#update as JSON
I, [2015-06-10T10:04:18.714224 #10040]  INFO -- :   Parameters: {"item"=>{"id"=>1523, "name"=>"01_0050", "filename"=>"01_0050.jpg", "description"=>nil, "full_filename"=>"out/01_0050.jpg", "rate"=>0, "extname"=>".jpg", "content_type"=>"image/jpeg", "tag_list"=>["ruben"], "filename_without_extension"=>"out/01_0050", "full_path_with_container"=>"SONIA_SIEFF/out/01_0050.jpg", "url"=>"http://files.cloudmyart.com/files/inline/thumb/1523", "raw_url"=>nil, "original_url"=>"http://files.cloudmyart.com/files/attachment/highres/1523?", "inline_highres_url"=>"http://files.cloudmyart.com/files/inline/highres/1523", "inline_medium_url"=>"http://files.cloudmyart.com/files/inline/medium/1523", "size"=>"534 KB", "exif"=>{"pixels"=>"984 x 1476", "f_number"=>"5.0", "iso"=>"100", "exposure_time"=>"1/250", "focal_length"=>"40.0mm", "iso_speed_ratings"=>"100", "coordinates"=>{}, "aperture"=>"4.63", "device_make"=>"Canon", "device_model"=>"Canon EOS 5D Mark II", "color_space"=>nil}}, "id"=>"1523"}
I, [2015-06-10T10:04:20.982101 #10034]  INFO -- : Started GET "/items/1524" for 127.0.0.1 at 2015-06-10 10:04:20 +0000
I, [2015-06-10T10:04:20.986204 #10034]  INFO -- : Processing by ItemsController#show as JSON
I, [2015-06-10T10:04:20.986280 #10034]  INFO -- :   Parameters: {"id"=>"1524"}
I, [2015-06-10T10:04:20.997203 #10034]  INFO -- :   Rendered items/show.rabl (7.7ms)
I, [2015-06-10T10:04:20.997480 #10034]  INFO -- : Completed 200 OK in 11ms (Views: 7.2ms | ActiveRecord: 2.2ms)
I, [2015-06-10T10:04:22.040280 #10040]  INFO -- :   Rendered items/show.rabl (6.7ms)
I, [2015-06-10T10:04:22.040725 #10040]  INFO -- : Completed 200 OK in 3326ms (Views: 7.8ms | ActiveRecord: 13.7ms)
I, [2015-06-10T10:04:22.540546 #5422]  INFO -- : Started GET "/items/1525" for 127.0.0.1 at 2015-06-10 10:04:22 +0000
I, [2015-06-10T10:04:22.546215 #5422]  INFO -- : Processing by ItemsController#show as JSON
I, [2015-06-10T10:04:22.546302 #5422]  INFO -- :   Parameters: {"id"=>"1525"}
I, [2015-06-10T10:04:22.558516 #5422]  INFO -- :   Rendered items/show.rabl (7.0ms)
I, [2015-06-10T10:04:22.558937 #5422]  INFO -- : Completed 200 OK in 12ms (Views: 7.2ms | ActiveRecord: 2.2ms)
I, [2015-06-10T10:04:25.487407 #5458]  INFO -- : Started PUT "/items/1525" for 127.0.0.1 at 2015-06-10 10:04:25 +0000
I, [2015-06-10T10:04:25.493200 #5458]  INFO -- : Processing by ItemsController#update as JSON
I, [2015-06-10T10:04:25.493369 #5458]  INFO -- :   Parameters: {"item"=>{"id"=>1525, "name"=>"02 017", "filename"=>"02 017.jpg", "description"=>nil, "full_filename"=>"out/02 017.jpg", "rate"=>0, "extname"=>".jpg", "content_type"=>"image/jpeg", "tag_list"=>["paris"], "filename_without_extension"=>"out/02 017", "full_path_with_container"=>"SONIA_SIEFF/out/02 017.jpg", "url"=>"http://files.cloudmyart.com/files/inline/thumb/1525", "raw_url"=>nil, "original_url"=>"http://files.cloudmyart.com/files/attachment/highres/1525?", "inline_highres_url"=>"http://files.cloudmyart.com/files/inline/highres/1525", "inline_medium_url"=>"http://files.cloudmyart.com/files/inline/medium/1525", "size"=>"453 KB", "exif"=>{"pixels"=>"984 x 1476", "f_number"=>"5.0", "iso"=>"100", "exposure_time"=>"1/320", "focal_length"=>"70.0mm", "iso_speed_ratings"=>"100", "coordinates"=>{}, "aperture"=>"4.63", "device_make"=>"Canon", "device_model"=>"Canon EOS 5D Mark II", "color_space"=>nil}}, "id"=>"1525"}
I, [2015-06-10T10:04:28.290218 #5458]  INFO -- :   Rendered items/show.rabl (6.2ms)
I, [2015-06-10T10:04:28.290569 #5458]  INFO -- : Completed 200 OK in 2797ms (Views: 7.2ms | ActiveRecord: 13.8ms)
I, [2015-06-10T10:04:29.656389 #5453]  INFO -- : Started GET "/folders/1135" for 127.0.0.1 at 2015-06-10 10:04:29 +0000
I, [2015-06-10T10:04:29.661509 #5453]  INFO -- : Processing by FoldersController#show as */*
I, [2015-06-10T10:04:29.661605 #5453]  INFO -- :   Parameters: {"id"=>"1135"}
I, [2015-06-10T10:04:29.696954 #5453]  INFO -- : Completed 200 OK in 35ms (Views: 0.6ms | ActiveRecord: 12.3ms)
I, [2015-06-10T10:04:29.721849 #5442]  INFO -- : Started GET "/items/tags" for 127.0.0.1 at 2015-06-10 10:04:29 +0000
I, [2015-06-10T10:04:29.726966 #5442]  INFO -- : Processing by ItemsController#tags as JSON
I, [2015-06-10T10:04:29.732241 #5458]  INFO -- : Started GET "/folders/1135/items" for 127.0.0.1 at 2015-06-10 10:04:29 +0000
I, [2015-06-10T10:04:29.736522 #5458]  INFO -- : Processing by ItemsController#index as JSON
I, [2015-06-10T10:04:29.736594 #5458]  INFO -- :   Parameters: {"folder_id"=>"1135"}
I, [2015-06-10T10:04:29.737673 #5442]  INFO -- : Completed 200 OK in 11ms (Views: 2.4ms | ActiveRecord: 1.5ms)
I, [2015-06-10T10:04:29.743008 #5458]  INFO -- :   Rendered items/index.rabl (2.5ms)
I, [2015-06-10T10:04:29.743219 #5458]  INFO -- : Completed 200 OK in 7ms (Views: 2.2ms | ActiveRecord: 2.1ms)
I, [2015-06-10T10:04:31.219605 #12686]  INFO -- : Started GET "/folders/1137" for 127.0.0.1 at 2015-06-10 10:04:31 +0000
I, [2015-06-10T10:04:31.226646 #12686]  INFO -- : Processing by FoldersController#show as */*
I, [2015-06-10T10:04:31.226721 #12686]  INFO -- :   Parameters: {"id"=>"1137"}
I, [2015-06-10T10:04:31.234389 #12686]  INFO -- : Completed 200 OK in 8ms (Views: 0.3ms | ActiveRecord: 2.5ms)
I, [2015-06-10T10:04:31.258002 #5448]  INFO -- : Started GET "/items/tags" for 127.0.0.1 at 2015-06-10 10:04:31 +0000
I, [2015-06-10T10:04:31.263906 #5448]  INFO -- : Processing by ItemsController#tags as JSON
I, [2015-06-10T10:04:31.268148 #5422]  INFO -- : Started GET "/folders/1137/items" for 127.0.0.1 at 2015-06-10 10:04:31 +0000
I, [2015-06-10T10:04:31.272521 #5422]  INFO -- : Processing by ItemsController#index as JSON
I, [2015-06-10T10:04:31.272598 #5422]  INFO -- :   Parameters: {"folder_id"=>"1137"}
I, [2015-06-10T10:04:31.274382 #5448]  INFO -- : Completed 200 OK in 10ms (Views: 0.2ms | ActiveRecord: 1.2ms)
I, [2015-06-10T10:04:31.405552 #5422]  INFO -- :   Rendered items/index.rabl (128.8ms)
I, [2015-06-10T10:04:31.405911 #5422]  INFO -- : Completed 200 OK in 133ms (Views: 125.7ms | ActiveRecord: 5.0ms)
I, [2015-06-10T10:04:33.032259 #10034]  INFO -- : Started GET "/items/1407" for 127.0.0.1 at 2015-06-10 10:04:33 +0000
I, [2015-06-10T10:04:33.037308 #10034]  INFO -- : Processing by ItemsController#show as JSON
I, [2015-06-10T10:04:33.037385 #10034]  INFO -- :   Parameters: {"id"=>"1407"}
I, [2015-06-10T10:04:33.050799 #10034]  INFO -- :   Rendered items/show.rabl (9.0ms)
I, [2015-06-10T10:04:33.051240 #10034]  INFO -- : Completed 200 OK in 14ms (Views: 8.7ms | ActiveRecord: 2.7ms)
I, [2015-06-10T10:04:37.268237 #5442]  INFO -- : Started PUT "/items/1407" for 127.0.0.1 at 2015-06-10 10:04:37 +0000
I, [2015-06-10T10:04:37.273910 #5442]  INFO -- : Processing by ItemsController#update as JSON
I, [2015-06-10T10:04:37.274070 #5442]  INFO -- :   Parameters: {"item"=>{"id"=>1407, "name"=>"01_0022", "filename"=>"01_0022.jpg", "description"=>nil, "full_filename"=>"CHOIX/mag_elle/01_0022.jpg", "rate"=>0, "extname"=>".jpg", "content_type"=>"image/jpeg", "tag_list"=>["paris"], "filename_without_extension"=>"CHOIX/mag_elle/01_0022", "full_path_with_container"=>"SONIA_SIEFF/CHOIX/mag_elle/01_0022.jpg", "url"=>"http://files.cloudmyart.com/files/inline/thumb/1407", "raw_url"=>nil, "original_url"=>"http://files.cloudmyart.com/files/attachment/highres/1407?", "inline_highres_url"=>"http://files.cloudmyart.com/files/inline/highres/1407", "inline_medium_url"=>"http://files.cloudmyart.com/files/inline/medium/1407", "size"=>"634 KB", "exif"=>{"pixels"=>"984 x 1476", "f_number"=>"5.0", "iso"=>"100", "exposure_time"=>"1/250", "focal_length"=>"34.0mm", "iso_speed_ratings"=>"100", "coordinates"=>{}, "aperture"=>"4.63", "device_make"=>"Canon", "device_model"=>"Canon EOS 5D Mark II", "color_space"=>nil}}, "id"=>"1407"}
I, [2015-06-10T10:04:40.756288 #5442]  INFO -- :   Rendered items/show.rabl (5.8ms)
I, [2015-06-10T10:04:40.756629 #5442]  INFO -- : Completed 200 OK in 3482ms (Views: 6.8ms | ActiveRecord: 13.5ms)
I, [2015-06-10T10:04:43.133109 #10040]  INFO -- : Started GET "/folders/1143" for 127.0.0.1 at 2015-06-10 10:04:43 +0000
I, [2015-06-10T10:04:43.139074 #10040]  INFO -- : Processing by FoldersController#show as */*
I, [2015-06-10T10:04:43.139253 #10040]  INFO -- :   Parameters: {"id"=>"1143"}
I, [2015-06-10T10:04:43.156662 #10040]  INFO -- : Completed 200 OK in 17ms (Views: 0.4ms | ActiveRecord: 5.9ms)
I, [2015-06-10T10:04:43.194063 #5442]  INFO -- : Started GET "/items/tags" for 127.0.0.1 at 2015-06-10 10:04:43 +0000
I, [2015-06-10T10:04:43.199283 #5442]  INFO -- : Processing by ItemsController#tags as JSON
